Component: Arm Compiler for Embedded 6.21 Tool: armlink [5ec1fa00]

==============================================================================

Section Cross References

    main.o(.text.HAL_GetTick) refers to rtx_kernel.o(.text.osKernelGetState) for osKernelGetState
    main.o(.text.HAL_GetTick) refers to rtx_kernel.o(.text.osKernelGetTickCount) for osKernelGetTickCount
    main.o(.text.HAL_GetTick) refers to system_stm32f7xx.o(.data.SystemCoreClock) for SystemCoreClock
    main.o(.text.HAL_GetTick) refers to main.o(.bss.HAL_GetTick.ticks) for HAL_GetTick.ticks
    main.o(.ARM.exidx.text.HAL_GetTick) refers to main.o(.text.HAL_GetTick) for [Anonymous Symbol]
    main.o(.ARM.exidx.text.HAL_InitTick) refers to main.o(.text.HAL_InitTick) for [Anonymous Symbol]
    main.o(.text.main) refers to main.o(.text.MPU_Config) for MPU_Config
    main.o(.text.main) refers to main.o(.text.CPU_CACHE_Enable) for CPU_CACHE_Enable
    main.o(.text.main) refers to stm32f7xx_hal.o(.text.HAL_Init) for HAL_Init
    main.o(.text.main) refers to main.o(.text.SystemClock_Config) for SystemClock_Config
    main.o(.text.main) refers to system_stm32f7xx.o(.text.SystemCoreClockUpdate) for SystemCoreClockUpdate
    main.o(.text.main) refers to rtx_kernel.o(.text.osKernelInitialize) for osKernelInitialize
    main.o(.text.main) refers to blinky.o(.text.app_main) for app_main
    main.o(.text.main) refers to rtx_thread.o(.text.osThreadNew) for osThreadNew
    main.o(.text.main) refers to rtx_kernel.o(.text.osKernelStart) for osKernelStart
    main.o(.ARM.exidx.text.main) refers to main.o(.text.main) for [Anonymous Symbol]
    main.o(.text.MPU_Config) refers to stm32f7xx_hal_cortex.o(.text.HAL_MPU_Disable) for HAL_MPU_Disable
    main.o(.text.MPU_Config) refers to stm32f7xx_hal_cortex.o(.text.HAL_MPU_ConfigRegion) for HAL_MPU_ConfigRegion
    main.o(.text.MPU_Config) refers to stm32f7xx_hal_cortex.o(.text.HAL_MPU_Enable) for HAL_MPU_Enable
    main.o(.ARM.exidx.text.MPU_Config) refers to main.o(.text.MPU_Config) for [Anonymous Symbol]
    main.o(.ARM.exidx.text.CPU_CACHE_Enable) refers to main.o(.text.CPU_CACHE_Enable) for [Anonymous Symbol]
    main.o(.text.SystemClock_Config) refers to stm32f7xx_hal_rcc.o(.text.HAL_RCC_OscConfig) for HAL_RCC_OscConfig
    main.o(.text.SystemClock_Config) refers to main.o(.text.Error_Handler) for Error_Handler
    main.o(.text.SystemClock_Config) refers to stm32f7xx_hal_pwr_ex.o(.text.HAL_PWREx_EnableOverDrive) for HAL_PWREx_EnableOverDrive
    main.o(.text.SystemClock_Config) refers to stm32f7xx_hal_rcc.o(.text.HAL_RCC_ClockConfig) for HAL_RCC_ClockConfig
    main.o(.ARM.exidx.text.SystemClock_Config) refers to main.o(.text.SystemClock_Config) for [Anonymous Symbol]
    main.o(.ARM.exidx.text.Error_Handler) refers to main.o(.text.Error_Handler) for [Anonymous Symbol]
    blinky.o(.text.thrLED) refers to led_746g_discovery.o(.text.LED_On) for LED_On
    blinky.o(.text.thrLED) refers to rtx_delay.o(.text.osDelay) for osDelay
    blinky.o(.text.thrLED) refers to led_746g_discovery.o(.text.LED_Off) for LED_Off
    blinky.o(.ARM.exidx.text.thrLED) refers to blinky.o(.text.thrLED) for [Anonymous Symbol]
    blinky.o(.text.app_main) refers to led_746g_discovery.o(.text.LED_Initialize) for LED_Initialize
    blinky.o(.text.app_main) refers to buttons_746g_discovery.o(.text.Buttons_Initialize) for Buttons_Initialize
    blinky.o(.text.app_main) refers to blinky.o(.text.thrLED) for thrLED
    blinky.o(.text.app_main) refers to rtx_thread.o(.text.osThreadNew) for osThreadNew
    blinky.o(.text.app_main) refers to blinky.o(.bss.tid_thrLED) for tid_thrLED
    blinky.o(.text.app_main) refers to blinky.o(.text.thrBUT) for thrBUT
    blinky.o(.text.app_main) refers to blinky.o(.bss.tid_thrBUT) for tid_thrBUT
    blinky.o(.text.app_main) refers to rtx_thread.o(.text.osThreadExit) for osThreadExit
    blinky.o(.ARM.exidx.text.app_main) refers to blinky.o(.text.app_main) for [Anonymous Symbol]
    blinky.o(.text.thrBUT) refers to blinky.o(.text.MX_GPIO_Init) for MX_GPIO_Init
    blinky.o(.text.thrBUT) refers to blinky.o(.text.MX_TIM1_Init) for MX_TIM1_Init
    blinky.o(.text.thrBUT) refers to blinky.o(.bss.htim1) for htim1
    blinky.o(.text.thrBUT) refers to stm32f7xx_hal_tim.o(.text.HAL_TIM_PWM_Start) for HAL_TIM_PWM_Start
    blinky.o(.text.thrBUT) refers to buttons_746g_discovery.o(.text.Buttons_GetState) for Buttons_GetState
    blinky.o(.text.thrBUT) refers to blinky.o(.bss.tid_thrLED) for tid_thrLED
    blinky.o(.text.thrBUT) refers to rtx_thread.o(.text.osThreadFlagsSet) for osThreadFlagsSet
    blinky.o(.text.thrBUT) refers to blinky.o(.bss.pwm_value) for pwm_value
    blinky.o(.text.thrBUT) refers to rtx_delay.o(.text.osDelay) for osDelay
    blinky.o(.ARM.exidx.text.thrBUT) refers to blinky.o(.text.thrBUT) for [Anonymous Symbol]
    blinky.o(.text.MX_GPIO_Init) refers to stm32f7xx_hal_gpio.o(.text.HAL_GPIO_Init) for HAL_GPIO_Init
[...]
    osRtxThreadBlock                         0x08004941   Thumb Code   136  rtx_thread.o(.text.osRtxThreadBlock)
    [Anonymous Symbol]                       0x08004940   Section        0  rtx_thread.o(.text.osRtxThreadBlock)
    osRtxThreadDelayInsert                   0x080049c9   Thumb Code   250  rtx_thread.o(.text.osRtxThreadDelayInsert)
    [Anonymous Symbol]                       0x080049c8   Section        0  rtx_thread.o(.text.osRtxThreadDelayInsert)
    [Anonymous Symbol]                       0x08004ac8   Section        0  rtx_thread.o(.text.osRtxThreadDelayRemove)
    [Anonymous Symbol]                       0x08004b68   Section        0  rtx_thread.o(.text.osRtxThreadDelayTick)
    [Anonymous Symbol]                       0x08004cb8   Section        0  rtx_thread.o(.text.osRtxThreadDestroy)
    [Anonymous Symbol]                       0x08004d18   Section        0  rtx_thread.o(.text.osRtxThreadDispatch)
    osRtxThreadFree                          0x08004db1   Thumb Code   162  rtx_thread.o(.text.osRtxThreadFree)
    [Anonymous Symbol]                       0x08004db0   Section        0  rtx_thread.o(.text.osRtxThreadFree)
    osRtxThreadGetRunning                    0x08004e59   Thumb Code    12  rtx_msgqueue.o(.text.osRtxThreadGetRunning)
    [Anonymous Symbol]                       0x08004e58   Section        0  rtx_msgqueue.o(.text.osRtxThreadGetRunning)
    osRtxThreadGetRunning                    0x08004e69   Thumb Code    12  rtx_thread.o(.text.osRtxThreadGetRunning)
    [Anonymous Symbol]                       0x08004e68   Section        0  rtx_thread.o(.text.osRtxThreadGetRunning)
    osRtxThreadGetRunning                    0x08004e79   Thumb Code    12  rtx_timer.o(.text.osRtxThreadGetRunning)
    [Anonymous Symbol]                       0x08004e78   Section        0  rtx_timer.o(.text.osRtxThreadGetRunning)
    osRtxThreadId                            0x08004e89   Thumb Code    10  rtx_thread.o(.text.osRtxThreadId)
    [Anonymous Symbol]                       0x08004e88   Section        0  rtx_thread.o(.text.osRtxThreadId)
    [Anonymous Symbol]                       0x08004e98   Section        0  rtx_thread.o(.text.osRtxThreadJoinWakeup)
    [Anonymous Symbol]                       0x08004ed8   Section        0  rtx_thread.o(.text.osRtxThreadListGet)
    [Anonymous Symbol]                       0x08004f10   Section        0  rtx_thread.o(.text.osRtxThreadListPut)
    [Anonymous Symbol]                       0x08004f88   Section        0  rtx_thread.o(.text.osRtxThreadListRemove)
    osRtxThreadListRoot                      0x08004fc1   Thumb Code    34  rtx_thread.o(.text.osRtxThreadListRoot)
    [Anonymous Symbol]                       0x08004fc0   Section        0  rtx_thread.o(.text.osRtxThreadListRoot)
    [Anonymous Symbol]                       0x08004fe8   Section        0  rtx_thread.o(.text.osRtxThreadListSort)
    osRtxThreadObject                        0x08005041   Thumb Code    10  rtx_system.o(.text.osRtxThreadObject)
    [Anonymous Symbol]                       0x08005040   Section        0  rtx_system.o(.text.osRtxThreadObject)
    osRtxThreadObject                        0x08005051   Thumb Code    10  rtx_thread.o(.text.osRtxThreadObject)
    [Anonymous Symbol]                       0x08005050   Section        0  rtx_thread.o(.text.osRtxThreadObject)
    osRtxThreadPostProcess                   0x08005061   Thumb Code    68  rtx_thread.o(.text.osRtxThreadPostProcess)
    [Anonymous Symbol]                       0x08005060   Section        0  rtx_thread.o(.text.osRtxThreadPostProcess)
    [Anonymous Symbol]                       0x080050a8   Section        0  rtx_thread.o(.text.osRtxThreadReadyPut)
    [Anonymous Symbol]                       0x080050c8   Section        0  rtx_thread.o(.text.osRtxThreadRegPtr)
    osRtxThreadSetRunning                    0x080050f1   Thumb Code    20  rtx_thread.o(.text.osRtxThreadSetRunning)
    [Anonymous Symbol]                       0x080050f0   Section        0  rtx_thread.o(.text.osRtxThreadSetRunning)
    osRtxThreadSetRunning                    0x08005109   Thumb Code    20  rtx_timer.o(.text.osRtxThreadSetRunning)
    [Anonymous Symbol]                       0x08005108   Section        0  rtx_timer.o(.text.osRtxThreadSetRunning)
    [Anonymous Symbol]                       0x08005120   Section        0  rtx_thread.o(.text.osRtxThreadStackCheck)
    [Anonymous Symbol]                       0x08005160   Section        0  rtx_thread.o(.text.osRtxThreadStartup)
    [Anonymous Symbol]                       0x080051f8   Section        0  rtx_thread.o(.text.osRtxThreadSwitch)
    [Anonymous Symbol]                       0x08005228   Section        0  rtx_thread.o(.text.osRtxThreadWaitEnter)
    [Anonymous Symbol]                       0x080052a0   Section        0  rtx_thread.o(.text.osRtxThreadWaitExit)
    [Anonymous Symbol]                       0x080052e8   Section        0  rtx_system.o(.text.osRtxTick_Handler)
    [Anonymous Symbol]                       0x080053f8   Section        0  rtx_timer.o(.text.osRtxTimerSetup)
    [Anonymous Symbol]                       0x08005428   Section        0  rtx_timer.o(.text.osRtxTimerThread)
    osRtxTimerTick                           0x08005461   Thumb Code   220  rtx_timer.o(.text.osRtxTimerTick)
    [Anonymous Symbol]                       0x08005460   Section        0  rtx_timer.o(.text.osRtxTimerTick)
    osThreadEntry                            0x08005541   Thumb Code    16  rtx_thread.o(.text.osThreadEntry)
    [Anonymous Symbol]                       0x08005540   Section        0  rtx_thread.o(.text.osThreadEntry)
    [Anonymous Symbol]                       0x08005550   Section        0  rtx_thread.o(.text.osThreadExit)
    [Anonymous Symbol]                       0x08005578   Section        0  rtx_thread.o(.text.osThreadFlagsSet)
    [Anonymous Symbol]                       0x080055d8   Section        0  rtx_thread.o(.text.osThreadNew)
    svcRtxDelay                              0x08005651   Thumb Code    80  rtx_delay.o(.text.svcRtxDelay)
    [Anonymous Symbol]                       0x08005650   Section        0  rtx_delay.o(.text.svcRtxDelay)
    svcRtxKernelGetState                     0x080056a1   Thumb Code    22  rtx_kernel.o(.text.svcRtxKernelGetState)
    [Anonymous Symbol]                       0x080056a0   Section        0  rtx_kernel.o(.text.svcRtxKernelGetState)
    svcRtxKernelGetTickCount                 0x080056b9   Thumb Code    28  rtx_kernel.o(.text.svcRtxKernelGetTickCount)
    [Anonymous Symbol]                       0x080056b8   Section        0  rtx_kernel.o(.text.svcRtxKernelGetTickCount)
    svcRtxKernelInitialize                   0x080056d9   Thumb Code   772  rtx_kernel.o(.text.svcRtxKernelInitialize)
    [Anonymous Symbol]                       0x080056d8   Section        0  rtx_kernel.o(.text.svcRtxKernelInitialize)
    svcRtxKernelStart                        0x080059e1   Thumb Code   164  rtx_kernel.o(.text.svcRtxKernelStart)
    [Anonymous Symbol]                       0x080059e0   Section        0  rtx_kernel.o(.text.svcRtxKernelStart)
    svcRtxMessageQueueGet                    0x08005a89   Thumb Code   360  rtx_msgqueue.o(.text.svcRtxMessageQueueGet)
    [Anonymous Symbol]                       0x08005a88   Section        0  rtx_msgqueue.o(.text.svcRtxMessageQueueGet)
    svcRtxMessageQueueNew                    0x08005bf1   Thumb Code   656  rtx_msgqueue.o(.text.svcRtxMessageQueueNew)
    [Anonymous Symbol]                       0x08005bf0   Section        0  rtx_msgqueue.o(.text.svcRtxMessageQueueNew)
    svcRtxMessageQueuePut                    0x08005e81   Thumb Code   348  rtx_msgqueue.o(.text.svcRtxMessageQueuePut)
    [Anonymous Symbol]                       0x08005e80   Section        0  rtx_msgqueue.o(.text.svcRtxMessageQueuePut)
    svcRtxThreadExit                         0x08005fe1   Thumb Code   132  rtx_thread.o(.text.svcRtxThreadExit)
    [Anonymous Symbol]                       0x08005fe0   Section        0  rtx_thread.o(.text.svcRtxThreadExit)
    svcRtxThreadFlagsSet                     0x08006069   Thumb Code   214  rtx_thread.o(.text.svcRtxThreadFlagsSet)
    [Anonymous Symbol]                       0x08006068   Section        0  rtx_thread.o(.text.svcRtxThreadFlagsSet)
    svcRtxThreadNew                          0x08006141   Thumb Code  1130  rtx_thread.o(.text.svcRtxThreadNew)
    [Anonymous Symbol]                       0x08006140   Section        0  rtx_thread.o(.text.svcRtxThreadNew)
    thrBUT                                   0x080065b1   Thumb Code   188  blinky.o(.text.thrBUT)
    [Anonymous Symbol]                       0x080065b0   Section        0  blinky.o(.text.thrBUT)
    [Anonymous Symbol]                       0x08006670   Section        0  blinky.o(.text.thrLED)
    xPSR_InitVal                             0x080066a1   Thumb Code    18  rtx_thread.o(.text.xPSR_InitVal)
    [Anonymous Symbol]                       0x080066a0   Section        0  rtx_thread.o(.text.xPSR_InitVal)
    i.__scatterload_copy                     0x080066b2   Section       14  handlers.o(i.__scatterload_copy)
    i.__scatterload_null                     0x080066c0   Section        2  handlers.o(i.__scatterload_null)
    i.__scatterload_zeroinit                 0x080066c2   Section       14  handlers.o(i.__scatterload_zeroinit)
    __tagsym$$used.0                         0x080066d0   Number         0  rtx_lib.o(.rodata)
    __tagsym$$used.1                         0x08006740   Number         0  rtx_lib.o(.rodata)
    __tagsym$$used.0                         0x08006788   Number         0  eventrecorder.o(.rodata.EventRecorderInfo)
    LED_PIN                                  0x080067a0   Data           8  led_746g_discovery.o(.rodata.LED_PIN)
    [Anonymous Symbol]                       0x080067a0   Section        0  led_746g_discovery.o(.rodata.LED_PIN)
    os_idle_thread_attr                      0x080067ac   Data          36  rtx_lib.o(.rodata.os_idle_thread_attr)
    [Anonymous Symbol]                       0x080067ac   Section        0  rtx_lib.o(.rodata.os_idle_thread_attr)
    os_timer_mq_attr                         0x080067d0   Data          24  rtx_lib.o(.rodata.os_timer_mq_attr)
    [Anonymous Symbol]                       0x080067d0   Section        0  rtx_lib.o(.rodata.os_timer_mq_attr)
    os_timer_thread_attr                     0x080067e8   Data          36  rtx_lib.o(.rodata.os_timer_thread_attr)
    [Anonymous Symbol]                       0x080067e8   Section        0  rtx_lib.o(.rodata.os_timer_thread_attr)
    .L.str                                   0x0800680c   Data          11  rtx_kernel.o(.rodata.str1.1)
    [Anonymous Symbol]                       0x0800680c   Section        0  rtx_kernel.o(.rodata.str1.1)
    HAL_GetTick.ticks                        0x200000b0   Data           4  main.o(.bss.HAL_GetTick.ticks)
    [Anonymous Symbol]                       0x200000b0   Section        0  main.o(.bss.HAL_GetTick.ticks)
    os_isr_queue                             0x20000100   Data          64  rtx_lib.o(.bss.os)
    [Anonymous Symbol]                       0x20000100   Section        0  rtx_lib.o(.bss.os)
    os_mem                                   0x20000140   Data       32768  rtx_lib.o(.bss.os)
    PendST                                   0x20008140   Data           1  os_systick.o(.bss.os)
    [Anonymous Symbol]                       0x20008140   Section        0  os_systick.o(.bss.os)
    os_timer_mq_cb                           0x20008144   Data          52  rtx_lib.o(.bss.os.msgqueue.cb)
    [Anonymous Symbol]                       0x20008144   Section        0  rtx_lib.o(.bss.os.msgqueue.cb)
    os_timer_mq_data                         0x20008178   Data          80  rtx_lib.o(.bss.os.msgqueue.mem)
    [Anonymous Symbol]                       0x20008178   Section        0  rtx_lib.o(.bss.os.msgqueue.mem)
    os_idle_thread_cb                        0x200081c8   Data          80  rtx_lib.o(.bss.os.thread.cb)
    [Anonymous Symbol]                       0x200081c8   Section        0  rtx_lib.o(.bss.os.thread.cb)
    os_timer_thread_cb                       0x20008218   Data          80  rtx_lib.o(.bss.os.thread.cb)
    os_idle_thread_stack                     0x20008268   Data         512  rtx_lib.o(.bss.os.thread.idle.stack)
    [Anonymous Symbol]                       0x20008268   Section        0  rtx_lib.o(.bss.os.thread.idle.stack)
    os_timer_thread_stack                    0x20008468   Data         512  rtx_lib.o(.bss.os.thread.timer.stack)
    [Anonymous Symbol]                       0x20008468   Section        0  rtx_lib.o(.bss.os.thread.timer.stack)
    tid_thrBUT                               0x2000866c   Data           4  blinky.o(.bss.tid_thrBUT)
    [Anonymous Symbol]                       0x2000866c   Section        0  blinky.o(.bss.tid_thrBUT)
    tid_thrLED                               0x20008670   Data           4  blinky.o(.bss.tid_thrLED)
    [Anonymous Symbol]                       0x20008670   Section        0  blinky.o(.bss.tid_thrLED)
    STACK                                    0x20008678   Section     1024  startup_stm32f746xx.o(STACK)
    EventBuffer                              0x2000f800   Data        1024  eventrecorder.o(.bss.noinit)
    [Anonymous Symbol]                       0x2000f800   Section        0  eventrecorder.o(.bss.noinit)
    EventFilter                              0x2000fc00   Data         128  eventrecorder.o(.bss.noinit)
    EventStatus                              0x2000fc80   Data          36  eventrecorder.o(.bss.noinit)
    FPCCR                                    0xe000ef34   Number         0  irq_armv7m.o ABSOLUTE

    Global Symbols

    Symbol Name                              Value     Ov Type        Size  Object(Section)

    BuildAttributes$$THM_ISAv4$E$P$D$K$B$S$7EM$VFPi5$EXTD16$VFPS$VFMA$PE$PLD8$A:L22UL41UL21$X:L11$S22US41US21$IEEE1$IW$~IW$USESV6$~STKCKD$USESV7$~SHL$OSPACE$EBA8$MICROLIB$REQ8$PRES8$EABIv2 0x00000000   Number         0  anon$$obj.o ABSOLUTE
    .bss.os.evflags.cb$$Base                  - Undefined Weak Reference
    .bss.os.evflags.cb$$Limit                 - Undefined Weak Reference
    .bss.os.mempool.cb$$Base                  - Undefined Weak Reference
    .bss.os.mempool.cb$$Limit                 - Undefined Weak Reference
    .bss.os.mutex.cb$$Base                    - Undefined Weak Reference
    .bss.os.mutex.cb$$Limit                   - Undefined Weak Reference
    .bss.os.semaphore.cb$$Base                - Undefined Weak Reference
    .bss.os.semaphore.cb$$Limit               - Undefined Weak Reference
    .bss.os.timer.cb$$Base                    - Undefined Weak Reference
    .bss.os.timer.cb$$Limit                   - Undefined Weak Reference
    __cpp_initialize__aeabi_                  - Undefined Weak Reference
    __cxa_finalize                            - Undefined Weak Reference
    __decompress                              - Undefined Weak Reference
    _clock_init                               - Undefined Weak Reference
    _microlib_exit                            - Undefined Weak Reference
    __Vectors_Size                           0x000001c8   Number         0  startup_stm32f746xx.o ABSOLUTE
    __Vectors                                0x08000000   Data           4  startup_stm32f746xx.o(RESET)
    __Vectors_End                            0x080001c8   Data           0  startup_stm32f746xx.o(RESET)
    __main                                   0x080001c9   Thumb Code     0  entry.o(.ARM.Collect$$$$00000000)
    _main_stk                                0x080001c9   Thumb Code     0  entry2.o(.ARM.Collect$$$$00000001)
    _main_scatterload                        0x080001cd   Thumb Code     0  entry5.o(.ARM.Collect$$$$00000004)
    __main_after_scatterload                 0x080001d1   Thumb Code     0  entry5.o(.ARM.Collect$$$$00000004)
    _main_clock                              0x080001d1   Thumb Code     0  entry7b.o(.ARM.Collect$$$$00000008)
    _main_cpp_init                           0x080001d1   Thumb Code     0  entry8b.o(.ARM.Collect$$$$0000000A)
    _main_init                               0x080001d1   Thumb Code     0  entry9a.o(.ARM.Collect$$$$0000000B)
    __rt_final_cpp                           0x080001d9   Thumb Code     0  entry10a.o(.ARM.Collect$$$$0000000D)
    __rt_final_exit                          0x080001d9   Thumb Code     0  entry11a.o(.ARM.Collect$$$$0000000F)
    SVC_Handler                              0x080001dd   Thumb Code   208  irq_armv7m.o(.text)
    PendSV_Handler                           0x080002ad   Thumb Code    16  irq_armv7m.o(.text)
    SysTick_Handler                          0x080002bd   Thumb Code    16  irq_armv7m.o(.text)
    Reset_Handler                            0x080002dd   Thumb Code     8  startup_stm32f746xx.o(.text)
    NMI_Handler                              0x080002e5   Thumb Code     2  startup_stm32f746xx.o(.text)
    HardFault_Handler                        0x080002e7   Thumb Code     2  startup_stm32f746xx.o(.text)
    MemManage_Handler                        0x080002e9   Thumb Code     2  startup_stm32f746xx.o(.text)
    BusFault_Handler                         0x080002eb   Thumb Code     2  startup_stm32f746xx.o(.text)
    UsageFault_Handler                       0x080002ed   Thumb Code     2  startup_stm32f746xx.o(.text)
    DebugMon_Handler                         0x080002f1   Thumb Code     2  startup_stm32f746xx.o(.text)
    ADC_IRQHandler                           0x080002f7   Thumb Code     0  startup_stm32f746xx.o(.text)
    CAN1_RX0_IRQHandler                      0x080002f7   Thumb Code     0  startup_stm32f746xx.o(.text)
    CAN1_RX1_IRQHandler                      0x080002f7   Thumb Code     0  startup_stm32f746xx.o(.text)
    CAN1_SCE_IRQHandler                      0x080002f7   Thumb Code     0  startup_stm32f746xx.o(.text)
    CAN1_TX_IRQHandler                       0x080002f7   Thumb Code     0  startup_stm32f746xx.o(.text)
    CAN2_RX0_IRQHandler                      0x080002f7   Thumb Code     0  startup_stm32f746xx.o(.text)
    CAN2_RX1_IRQHandler                      0x080002f7   Thumb Code     0  startup_stm32f746xx.o(.text)
    CAN2_SCE_IRQHandler                      0x080002f7   Thumb Code     0  startup_stm32f746xx.o(.text)
    CAN2_TX_IRQHandler                       0x080002f7   Thumb Code     0  startup_stm32f746xx.o(.text)
    CEC_IRQHandler                           0x080002f7   Thumb Code     0  startup_stm32f746xx.o(.text)
    DCMI_IRQHandler                          0x080002f7   Thumb Code     0  startup_stm32f746xx.o(.text)
    DMA1_Stream0_IRQHandler                  0x080002f7   Thumb Code     0  startup_stm32f746xx.o(.text)
    DMA1_Stream1_IRQHandler                  0x080002f7   Thumb Code     0  startup_stm32f746xx.o(.text)
    DMA1_Stream2_IRQHandler                  0x080002f7   Thumb Code     0  startup_stm32f746xx.o(.text)
    DMA1_Stream3_IRQHandler                  0x080002f7   Thumb Code     0  startup_stm32f746xx.o(.text)
    DMA1_Stream4_IRQHandler                  0x080002f7   Thumb Code     0  startup_stm32f746xx.o(.text)
    DMA1_Stream5_IRQHandler                  0x080002f7   Thumb Code     0  startup_stm32f746xx.o(.text)
    DMA1_Stream6_IRQHandler                  0x080002f7   Thumb Code     0  startup_stm32f746xx.o(.text)
    DMA1_Stream7_IRQHandler                  0x080002f7   Thumb Code     0  startup_stm32f746xx.o(.text)
    DMA2D_IRQHandler                         0x080002f7   Thumb Code     0  startup_stm32f746xx.o(.text)
    DMA2_Stream0_IRQHandler                  0x080002f7   Thumb Code     0  startup_stm32f746xx.o(.text)
    DMA2_Stream1_IRQHandler                  0x080002f7   Thumb Code     0  startup_stm32f746xx.o(.text)
    DMA2_Stream2_IRQHandler                  0x080002f7   Thumb Code     0  startup_stm32f746xx.o(.text)
    DMA2_Stream3_IRQHandler                  0x080002f7   Thumb Code     0  startup_stm32f746xx.o(.text)
    DMA2_Stream4_IRQHandler                  0x080002f7   Thumb Code     0  startup_stm32f746xx.o(.text)
    DMA2_Stream5_IRQHandler                  0x080002f7   Thumb Code     0  startup_stm32f746xx.o(.text)
    DMA2_Stream6_IRQHandler                  0x080002f7   Thumb Code     0  startup_stm32f746xx.o(.text)
    DMA2_Stream7_IRQHandler                  0x080002f7   Thumb Code     0  startup_stm32f746xx.o(.text)
    ETH_IRQHandler                           0x080002f7   Thumb Code     0  startup_stm32f746xx.o(.text)
    ETH_WKUP_IRQHandler                      0x080002f7   Thumb Code     0  startup_stm32f746xx.o(.text)
    EXTI0_IRQHandler                         0x080002f7   Thumb Code     0  startup_stm32f746xx.o(.text)
    EXTI15_10_IRQHandler                     0x080002f7   Thumb Code     0  startup_stm32f746xx.o(.text)
    EXTI1_IRQHandler                         0x080002f7   Thumb Code     0  startup_stm32f746xx.o(.text)
    EXTI2_IRQHandler                         0x080002f7   Thumb Code     0  startup_stm32f746xx.o(.text)
    EXTI3_IRQHandler                         0x080002f7   Thumb Code     0  startup_stm32f746xx.o(.text)
    EXTI4_IRQHandler                         0x080002f7   Thumb Code     0  startup_stm32f746xx.o(.text)
    EXTI9_5_IRQHandler                       0x080002f7   Thumb Code     0  startup_stm32f746xx.o(.text)
    FLASH_IRQHandler                         0x080002f7   Thumb Code     0  startup_stm32f746xx.o(.text)
    FMC_IRQHandler                           0x080002f7   Thumb Code     0  startup_stm32f746xx.o(.text)
    FPU_IRQHandler                           0x080002f7   Thumb Code     0  startup_stm32f746xx.o(.text)
    I2C1_ER_IRQHandler                       0x080002f7   Thumb Code     0  startup_stm32f746xx.o(.text)
    I2C1_EV_IRQHandler                       0x080002f7   Thumb Code     0  startup_stm32f746xx.o(.text)
    I2C2_ER_IRQHandler                       0x080002f7   Thumb Code     0  startup_stm32f746xx.o(.text)
    I2C2_EV_IRQHandler                       0x080002f7   Thumb Code     0  startup_stm32f746xx.o(.text)
    I2C3_ER_IRQHandler                       0x080002f7   Thumb Code     0  startup_stm32f746xx.o(.text)
    I2C3_EV_IRQHandler                       0x080002f7   Thumb Code     0  startup_stm32f746xx.o(.text)
    I2C4_ER_IRQHandler                       0x080002f7   Thumb Code     0  startup_stm32f746xx.o(.text)
    I2C4_EV_IRQHandler                       0x080002f7   Thumb Code     0  startup_stm32f746xx.o(.text)
    LPTIM1_IRQHandler                        0x080002f7   Thumb Code     0  startup_stm32f746xx.o(.text)
    LTDC_ER_IRQHandler                       0x080002f7   Thumb Code     0  startup_stm32f746xx.o(.text)
    LTDC_IRQHandler                          0x080002f7   Thumb Code     0  startup_stm32f746xx.o(.text)
    OTG_FS_IRQHandler                        0x080002f7   Thumb Code     0  startup_stm32f746xx.o(.text)
    OTG_FS_WKUP_IRQHandler                   0x080002f7   Thumb Code     0  startup_stm32f746xx.o(.text)
    OTG_HS_EP1_IN_IRQHandler                 0x080002f7   Thumb Code     0  startup_stm32f746xx.o(.text)
    OTG_HS_EP1_OUT_IRQHandler                0x080002f7   Thumb Code     0  startup_stm32f746xx.o(.text)
    OTG_HS_IRQHandler                        0x080002f7   Thumb Code     0  startup_stm32f746xx.o(.text)
    OTG_HS_WKUP_IRQHandler                   0x080002f7   Thumb Code     0  startup_stm32f746xx.o(.text)
    PVD_IRQHandler                           0x080002f7   Thumb Code     0  startup_stm32f746xx.o(.text)
    QUADSPI_IRQHandler                       0x080002f7   Thumb Code     0  startup_stm32f746xx.o(.text)
    RCC_IRQHandler                           0x080002f7   Thumb Code     0  startup_stm32f746xx.o(.text)
    RNG_IRQHandler                           0x080002f7   Thumb Code     0  startup_stm32f746xx.o(.text)
    RTC_Alarm_IRQHandler                     0x080002f7   Thumb Code     0  startup_stm32f746xx.o(.text)
    RTC_WKUP_IRQHandler                      0x080002f7   Thumb Code     0  startup_stm32f746xx.o(.text)
    SAI1_IRQHandler                          0x080002f7   Thumb Code     0  startup_stm32f746xx.o(.text)
    SAI2_IRQHandler                          0x080002f7   Thumb Code     0  startup_stm32f746xx.o(.text)
    SDMMC1_IRQHandler                        0x080002f7   Thumb Code     0  startup_stm32f746xx.o(.text)
    SPDIF_RX_IRQHandler                      0x080002f7   Thumb Code     0  startup_stm32f746xx.o(.text)
    SPI1_IRQHandler                          0x080002f7   Thumb Code     0  startup_stm32f746xx.o(.text)
    SPI2_IRQHandler                          0x080002f7   Thumb Code     0  startup_stm32f746xx.o(.text)
    SPI3_IRQHandler                          0x080002f7   Thumb Code     0  startup_stm32f746xx.o(.text)
    SPI4_IRQHandler                          0x080002f7   Thumb Code     0  startup_stm32f746xx.o(.text)
    SPI5_IRQHandler                          0x080002f7   Thumb Code     0  startup_stm32f746xx.o(.text)
    SPI6_IRQHandler                          0x080002f7   Thumb Code     0  startup_stm32f746xx.o(.text)
    TAMP_STAMP_IRQHandler                    0x080002f7   Thumb Code     0  startup_stm32f746xx.o(.text)
    TIM1_BRK_TIM9_IRQHandler                 0x080002f7   Thumb Code     0  startup_stm32f746xx.o(.text)
    TIM1_CC_IRQHandler                       0x080002f7   Thumb Code     0  startup_stm32f746xx.o(.text)
    TIM1_TRG_COM_TIM11_IRQHandler            0x080002f7   Thumb Code     0  startup_stm32f746xx.o(.text)
    TIM1_UP_TIM10_IRQHandler                 0x080002f7   Thumb Code     0  startup_stm32f746xx.o(.text)
    TIM2_IRQHandler                          0x080002f7   Thumb Code     0  startup_stm32f746xx.o(.text)
    TIM3_IRQHandler                          0x080002f7   Thumb Code     0  startup_stm32f746xx.o(.text)
    TIM4_IRQHandler                          0x080002f7   Thumb Code     0  startup_stm32f746xx.o(.text)
    TIM5_IRQHandler                          0x080002f7   Thumb Code     0  startup_stm32f746xx.o(.text)
    TIM6_DAC_IRQHandler                      0x080002f7   Thumb Code     0  startup_stm32f746xx.o(.text)
    TIM7_IRQHandler                          0x080002f7   Thumb Code     0  startup_stm32f746xx.o(.text)
    TIM8_BRK_TIM12_IRQHandler                0x080002f7   Thumb Code     0  startup_stm32f746xx.o(.text)
    TIM8_CC_IRQHandler                       0x080002f7   Thumb Code     0  startup_stm32f746xx.o(.text)
    TIM8_TRG_COM_TIM14_IRQHandler            0x080002f7   Thumb Code     0  startup_stm32f746xx.o(.text)
    TIM8_UP_TIM13_IRQHandler                 0x080002f7   Thumb Code     0  startup_stm32f746xx.o(.text)
    UART4_IRQHandler                         0x080002f7   Thumb Code     0  startup_stm32f746xx.o(.text)
    UART5_IRQHandler                         0x080002f7   Thumb Code     0  startup_stm32f746xx.o(.text)
    UART7_IRQHandler                         0x080002f7   Thumb Code     0  startup_stm32f746xx.o(.text)
    UART8_IRQHandler                         0x080002f7   Thumb Code     0  startup_stm32f746xx.o(.text)
    USART1_IRQHandler                        0x080002f7   Thumb Code     0  startup_stm32f746xx.o(.text)
    USART2_IRQHandler                        0x080002f7   Thumb Code     0  startup_stm32f746xx.o(.text)
    USART3_IRQHandler                        0x080002f7   Thumb Code     0  startup_stm32f746xx.o(.text)
    USART6_IRQHandler                        0x080002f7   Thumb Code     0  startup_stm32f746xx.o(.text)
    WWDG_IRQHandler                          0x080002f7   Thumb Code     0  startup_stm32f746xx.o(.text)
    __aeabi_uldivmod                         0x08000301   Thumb Code    98  uldiv.o(.text)
    __aeabi_memcpy                           0x08000363   Thumb Code    36  memcpya.o(.text)
    __aeabi_memcpy4                          0x08000363   Thumb Code     0  memcpya.o(.text)
    __aeabi_memcpy8                          0x08000363   Thumb Code     0  memcpya.o(.text)
    __aeabi_memset                           0x08000387   Thumb Code    14  memseta.o(.text)
    __aeabi_memset4                          0x08000387   Thumb Code     0  memseta.o(.text)
    __aeabi_memset8                          0x08000387   Thumb Code     0  memseta.o(.text)
    __aeabi_memclr                           0x08000395   Thumb Code     4  memseta.o(.text)
    __aeabi_memclr4                          0x08000395   Thumb Code     0  memseta.o(.text)
    __aeabi_memclr8                          0x08000395   Thumb Code     0  memseta.o(.text)
    _memset$wrapper                          0x08000399   Thumb Code    18  memseta.o(.text)
    __aeabi_llsl                             0x080003ab   Thumb Code    30  llshl.o(.text)
    _ll_shift_l                              0x080003ab   Thumb Code     0  llshl.o(.text)
    __aeabi_llsr                             0x080003c9   Thumb Code    32  llushr.o(.text)
    _ll_ushift_r                             0x080003c9   Thumb Code     0  llushr.o(.text)
    __scatterload                            0x080003e9   Thumb Code    38  init.o(.text)
    __scatterload_rt2                        0x080003e9   Thumb Code     0  init.o(.text)
    Buttons_GetState                         0x08000419   Thumb Code    46  buttons_746g_discovery.o(.text.Buttons_GetState)
    Buttons_Initialize                       0x08000449   Thumb Code    68  buttons_746g_discovery.o(.text.Buttons_Initialize)
    EventRecord2                             0x08000661   Thumb Code    90  eventrecorder.o(.text.EventRecord2)
    EventRecord4                             0x080006c1   Thumb Code   150  eventrecorder.o(.text.EventRecord4)
    EventRecorderTimerGetCount               0x08000849   Thumb Code    12  eventrecorder.o(.text.EventRecorderTimerGetCount)
    EvrRtxDelay                              0x08000859   Thumb Code    26  rtx_evr.o(.text.EvrRtxDelay)
    EvrRtxDelayCompleted                     0x08000879   Thumb Code    26  rtx_evr.o(.text.EvrRtxDelayCompleted)
    EvrRtxDelayError                         0x08000899   Thumb Code    22  rtx_evr.o(.text.EvrRtxDelayError)
    EvrRtxDelayStarted                       0x080008b1   Thumb Code    26  rtx_evr.o(.text.EvrRtxDelayStarted)
    EvrRtxEventFlagsWaitTimeout              0x080008d1   Thumb Code    26  rtx_evr.o(.text.EvrRtxEventFlagsWaitTimeout)
    EvrRtxKernelError                        0x080008f1   Thumb Code    22  rtx_evr.o(.text.EvrRtxKernelError)
    EvrRtxKernelErrorNotify                  0x08000909   Thumb Code    24  rtx_evr.o(.text.EvrRtxKernelErrorNotify)
    EvrRtxKernelGetState                     0x08000921   Thumb Code    26  rtx_evr.o(.text.EvrRtxKernelGetState)
    EvrRtxKernelGetTickCount                 0x08000941   Thumb Code    26  rtx_evr.o(.text.EvrRtxKernelGetTickCount)
    EvrRtxKernelInitialize                   0x08000961   Thumb Code    20  rtx_evr.o(.text.EvrRtxKernelInitialize)
    EvrRtxKernelInitialized                  0x08000979   Thumb Code    20  rtx_evr.o(.text.EvrRtxKernelInitialized)
    EvrRtxKernelStart                        0x08000991   Thumb Code    20  rtx_evr.o(.text.EvrRtxKernelStart)
    EvrRtxKernelStarted                      0x080009a9   Thumb Code    20  rtx_evr.o(.text.EvrRtxKernelStarted)
    EvrRtxMemoryAlloc                        0x080009c1   Thumb Code    42  rtx_evr.o(.text.EvrRtxMemoryAlloc)
    EvrRtxMemoryBlockAlloc                   0x080009f1   Thumb Code    28  rtx_evr.o(.text.EvrRtxMemoryBlockAlloc)
    EvrRtxMemoryBlockFree                    0x08000a11   Thumb Code    40  rtx_evr.o(.text.EvrRtxMemoryBlockFree)
    EvrRtxMemoryBlockInit                    0x08000a39   Thumb Code    42  rtx_evr.o(.text.EvrRtxMemoryBlockInit)
    EvrRtxMemoryFree                         0x08000a69   Thumb Code    40  rtx_evr.o(.text.EvrRtxMemoryFree)
    EvrRtxMemoryInit                         0x08000a91   Thumb Code    36  rtx_evr.o(.text.EvrRtxMemoryInit)
    EvrRtxMemoryPoolAllocTimeout             0x08000ab9   Thumb Code    26  rtx_evr.o(.text.EvrRtxMemoryPoolAllocTimeout)
    EvrRtxMessageQueueCreated                0x08000ad9   Thumb Code    28  rtx_evr.o(.text.EvrRtxMessageQueueCreated)
    EvrRtxMessageQueueError                  0x08000af9   Thumb Code    24  rtx_evr.o(.text.EvrRtxMessageQueueError)
    EvrRtxMessageQueueGet                    0x08000b11   Thumb Code    42  rtx_evr.o(.text.EvrRtxMessageQueueGet)
    EvrRtxMessageQueueGetPending             0x08000b41   Thumb Code    40  rtx_evr.o(.text.EvrRtxMessageQueueGetPending)
    EvrRtxMessageQueueGetTimeout             0x08000b69   Thumb Code    26  rtx_evr.o(.text.EvrRtxMessageQueueGetTimeout)
    EvrRtxMessageQueueInsertPending          0x08000b89   Thumb Code    28  rtx_evr.o(.text.EvrRtxMessageQueueInsertPending)
    EvrRtxMessageQueueInserted               0x08000ba9   Thumb Code    28  rtx_evr.o(.text.EvrRtxMessageQueueInserted)
    EvrRtxMessageQueueNotInserted            0x08000bc9   Thumb Code    28  rtx_evr.o(.text.EvrRtxMessageQueueNotInserted)
    EvrRtxMessageQueueNotRetrieved           0x08000be9   Thumb Code    28  rtx_evr.o(.text.EvrRtxMessageQueueNotRetrieved)
    EvrRtxMessageQueuePut                    0x08000c09   Thumb Code    46  rtx_evr.o(.text.EvrRtxMessageQueuePut)
    EvrRtxMessageQueuePutPending             0x08000c39   Thumb Code    40  rtx_evr.o(.text.EvrRtxMessageQueuePutPending)
    EvrRtxMessageQueuePutTimeout             0x08000c61   Thumb Code    26  rtx_evr.o(.text.EvrRtxMessageQueuePutTimeout)
    EvrRtxMessageQueueRetrieved              0x08000c81   Thumb Code    28  rtx_evr.o(.text.EvrRtxMessageQueueRetrieved)
    EvrRtxMutexAcquireTimeout                0x08000ca1   Thumb Code    26  rtx_evr.o(.text.EvrRtxMutexAcquireTimeout)
    EvrRtxMutexAcquired                      0x08000cc1   Thumb Code    28  rtx_evr.o(.text.EvrRtxMutexAcquired)
    EvrRtxMutexReleased                      0x08000ce1   Thumb Code    28  rtx_evr.o(.text.EvrRtxMutexReleased)
    EvrRtxSemaphoreAcquireTimeout            0x08000d01   Thumb Code    26  rtx_evr.o(.text.EvrRtxSemaphoreAcquireTimeout)
    EvrRtxThreadBlocked                      0x08000d21   Thumb Code    28  rtx_evr.o(.text.EvrRtxThreadBlocked)
    EvrRtxThreadCreated                      0x08000d41   Thumb Code    56  rtx_evr.o(.text.EvrRtxThreadCreated)
    EvrRtxThreadDestroyed                    0x08000d79   Thumb Code    26  rtx_evr.o(.text.EvrRtxThreadDestroyed)
    EvrRtxThreadError                        0x08000d99   Thumb Code    24  rtx_evr.o(.text.EvrRtxThreadError)
    EvrRtxThreadExit                         0x08000db1   Thumb Code    20  rtx_evr.o(.text.EvrRtxThreadExit)
    EvrRtxThreadFlagsError                   0x08000dc9   Thumb Code    24  rtx_evr.o(.text.EvrRtxThreadFlagsError)
    EvrRtxThreadFlagsSet                     0x08000de1   Thumb Code    28  rtx_evr.o(.text.EvrRtxThreadFlagsSet)
    EvrRtxThreadFlagsSetDone                 0x08000e01   Thumb Code    28  rtx_evr.o(.text.EvrRtxThreadFlagsSetDone)
    EvrRtxThreadFlagsWaitCompleted           0x08000e21   Thumb Code    42  rtx_evr.o(.text.EvrRtxThreadFlagsWaitCompleted)
    EvrRtxThreadFlagsWaitTimeout             0x08000e51   Thumb Code    26  rtx_evr.o(.text.EvrRtxThreadFlagsWaitTimeout)
    EvrRtxThreadJoined                       0x08000e71   Thumb Code    26  rtx_evr.o(.text.EvrRtxThreadJoined)
    EvrRtxThreadNew                          0x08000e91   Thumb Code    40  rtx_evr.o(.text.EvrRtxThreadNew)
    EvrRtxThreadPreempted                    0x08000eb9   Thumb Code    26  rtx_evr.o(.text.EvrRtxThreadPreempted)
    EvrRtxThreadSwitched                     0x08000ed9   Thumb Code    26  rtx_evr.o(.text.EvrRtxThreadSwitched)
    EvrRtxThreadUnblocked                    0x08000ef9   Thumb Code    28  rtx_evr.o(.text.EvrRtxThreadUnblocked)
    EvrRtxTimerCallback                      0x08000f19   Thumb Code    28  rtx_evr.o(.text.EvrRtxTimerCallback)
    HAL_GPIO_Init                            0x08000f69   Thumb Code  1004  stm32f7xx_hal_gpio.o(.text.HAL_GPIO_Init)
    HAL_GPIO_ReadPin                         0x08001359   Thumb Code    46  stm32f7xx_hal_gpio.o(.text.HAL_GPIO_ReadPin)
    HAL_GPIO_WritePin                        0x08001389   Thumb Code    46  stm32f7xx_hal_gpio.o(.text.HAL_GPIO_WritePin)
    HAL_GetTick                              0x080013b9   Thumb Code   102  main.o(.text.HAL_GetTick)
    HAL_Init                                 0x08001421   Thumb Code    46  stm32f7xx_hal.o(.text.HAL_Init)
    HAL_InitTick                             0x08001451   Thumb Code    10  main.o(.text.HAL_InitTick)
    HAL_MPU_ConfigRegion                     0x08001461   Thumb Code   158  stm32f7xx_hal_cortex.o(.text.HAL_MPU_ConfigRegion)
    HAL_MPU_Disable                          0x08001501   Thumb Code    34  stm32f7xx_hal_cortex.o(.text.HAL_MPU_Disable)
    HAL_MPU_Enable                           0x08001529   Thumb Code    48  stm32f7xx_hal_cortex.o(.text.HAL_MPU_Enable)
    HAL_MspInit                              0x08001559   Thumb Code     2  stm32f7xx_hal.o(.text.HAL_MspInit)
    HAL_NVIC_SetPriorityGrouping             0x08001561   Thumb Code    16  stm32f7xx_hal_cortex.o(.text.HAL_NVIC_SetPriorityGrouping)
    HAL_PWREx_EnableOverDrive                0x08001571   Thumb Code   198  stm32f7xx_hal_pwr_ex.o(.text.HAL_PWREx_EnableOverDrive)
    HAL_RCC_ClockConfig                      0x08001639   Thumb Code   620  stm32f7xx_hal_rcc.o(.text.HAL_RCC_ClockConfig)
    HAL_RCC_GetSysClockFreq                  0x080018a9   Thumb Code   230  stm32f7xx_hal_rcc.o(.text.HAL_RCC_GetSysClockFreq)
    HAL_RCC_OscConfig                        0x08001991   Thumb Code  1816  stm32f7xx_hal_rcc.o(.text.HAL_RCC_OscConfig)
    HAL_TIM_PWM_ConfigChannel                0x080020a9   Thumb Code   432  stm32f7xx_hal_tim.o(.text.HAL_TIM_PWM_ConfigChannel)
    HAL_TIM_PWM_Init                         0x08002259   Thumb Code   168  stm32f7xx_hal_tim.o(.text.HAL_TIM_PWM_Init)
    HAL_TIM_PWM_MspInit                      0x08002301   Thumb Code     8  stm32f7xx_hal_tim.o(.text.HAL_TIM_PWM_MspInit)
    HAL_TIM_PWM_Start                        0x08002309   Thumb Code   572  stm32f7xx_hal_tim.o(.text.HAL_TIM_PWM_Start)
    LED_Initialize                           0x08002701   Thumb Code    70  led_746g_discovery.o(.text.LED_Initialize)
    LED_Off                                  0x08002749   Thumb Code    58  led_746g_discovery.o(.text.LED_Off)
    LED_On                                   0x08002789   Thumb Code    58  led_746g_discovery.o(.text.LED_On)
    OS_Tick_AcknowledgeIRQ                   0x08002b09   Thumb Code    12  os_systick.o(.text.OS_Tick_AcknowledgeIRQ)
    OS_Tick_Enable                           0x08002b19   Thumb Code    60  os_systick.o(.text.OS_Tick_Enable)
    OS_Tick_GetIRQn                          0x08002b59   Thumb Code     6  os_systick.o(.text.OS_Tick_GetIRQn)
    OS_Tick_Setup                            0x08002b61   Thumb Code   126  os_systick.o(.text.OS_Tick_Setup)
    SystemCoreClockUpdate                    0x08002d09   Thumb Code   302  system_stm32f7xx.o(.text.SystemCoreClockUpdate)
    SystemInit                               0x08002e39   Thumb Code    18  system_stm32f7xx.o(.text.SystemInit)
    TIM_Base_SetConfig                       0x08002e51   Thumb Code   410  stm32f7xx_hal_tim.o(.text.TIM_Base_SetConfig)
    TIM_CCxChannelCmd                        0x08002ff1   Thumb Code    54  stm32f7xx_hal_tim.o(.text.TIM_CCxChannelCmd)
    TIM_OC2_SetConfig                        0x08003119   Thumb Code   250  stm32f7xx_hal_tim.o(.text.TIM_OC2_SetConfig)
    app_main                                 0x08003719   Thumb Code    90  blinky.o(.text.app_main)
    main                                     0x08003d71   Thumb Code    58  main.o(.text.main)
    osDelay                                  0x08003db1   Thumb Code    84  rtx_delay.o(.text.osDelay)
    osKernelGetState                         0x08003e09   Thumb Code    66  rtx_kernel.o(.text.osKernelGetState)
    osKernelGetTickCount                     0x08003e51   Thumb Code    58  rtx_kernel.o(.text.osKernelGetTickCount)
    osKernelInitialize                       0x08003e91   Thumb Code    74  rtx_kernel.o(.text.osKernelInitialize)
    osKernelStart                            0x08003ee1   Thumb Code    70  rtx_kernel.o(.text.osKernelStart)
    osMessageQueueGet                        0x08003f29   Thumb Code   126  rtx_msgqueue.o(.text.osMessageQueueGet)
    osMessageQueuePut                        0x08003fa9   Thumb Code   138  rtx_msgqueue.o(.text.osMessageQueuePut)
    osRtxErrorNotify                         0x08004039   Thumb Code    48  rtx_config.o(.text.osRtxErrorNotify)
    osRtxIdleThread                          0x08004079   Thumb Code     8  rtx_config.o(.text.osRtxIdleThread)
    osRtxKernelBeforeInit                    0x08004081   Thumb Code     2  rtx_kernel.o(.text.osRtxKernelBeforeInit)
    osRtxKernelErrorNotify                   0x08004089   Thumb Code    28  rtx_kernel.o(.text.osRtxKernelErrorNotify)
    osRtxMemoryAlloc                         0x080040d9   Thumb Code   332  rtx_memory.o(.text.osRtxMemoryAlloc)
    osRtxMemoryFree                          0x08004229   Thumb Code   194  rtx_memory.o(.text.osRtxMemoryFree)
    osRtxMemoryInit                          0x080042f1   Thumb Code   150  rtx_memory.o(.text.osRtxMemoryInit)
    osRtxMemoryPoolAlloc                     0x08004389   Thumb Code    74  rtx_mempool.o(.text.osRtxMemoryPoolAlloc)
    osRtxMemoryPoolFree                      0x080043d9   Thumb Code   100  rtx_mempool.o(.text.osRtxMemoryPoolFree)
    osRtxMemoryPoolInit                      0x08004441   Thumb Code   152  rtx_mempool.o(.text.osRtxMemoryPoolInit)
    osRtxMessageQueueTimerSetup              0x08004651   Thumb Code    62  rtx_msgqueue.o(.text.osRtxMessageQueueTimerSetup)
    osRtxMutexOwnerRelease                   0x080046a1   Thumb Code   152  rtx_mutex.o(.text.osRtxMutexOwnerRelease)
    osRtxMutexOwnerRestore                   0x08004739   Thumb Code   172  rtx_mutex.o(.text.osRtxMutexOwnerRestore)
    osRtxPendSV_Handler                      0x08004829   Thumb Code   184  rtx_system.o(.text.osRtxPendSV_Handler)
    osRtxPostProcess                         0x080048e1   Thumb Code    66  rtx_system.o(.text.osRtxPostProcess)
    osRtxThreadBeforeFree                    0x08004939   Thumb Code     8  rtx_thread.o(.text.osRtxThreadBeforeFree)
    osRtxThreadDelayRemove                   0x08004ac9   Thumb Code   156  rtx_thread.o(.text.osRtxThreadDelayRemove)
    osRtxThreadDelayTick                     0x08004b69   Thumb Code   336  rtx_thread.o(.text.osRtxThreadDelayTick)
    osRtxThreadDestroy                       0x08004cb9   Thumb Code    96  rtx_thread.o(.text.osRtxThreadDestroy)
    osRtxThreadDispatch                      0x08004d19   Thumb Code   150  rtx_thread.o(.text.osRtxThreadDispatch)
    osRtxThreadJoinWakeup                    0x08004e99   Thumb Code    60  rtx_thread.o(.text.osRtxThreadJoinWakeup)
    osRtxThreadListGet                       0x08004ed9   Thumb Code    54  rtx_thread.o(.text.osRtxThreadListGet)
    osRtxThreadListPut                       0x08004f11   Thumb Code   118  rtx_thread.o(.text.osRtxThreadListPut)
    osRtxThreadListRemove                    0x08004f89   Thumb Code    50  rtx_thread.o(.text.osRtxThreadListRemove)
    osRtxThreadListSort                      0x08004fe9   Thumb Code    88  rtx_thread.o(.text.osRtxThreadListSort)
    osRtxThreadReadyPut                      0x080050a9   Thumb Code    32  rtx_thread.o(.text.osRtxThreadReadyPut)
    osRtxThreadRegPtr                        0x080050c9   Thumb Code    34  rtx_thread.o(.text.osRtxThreadRegPtr)
    osRtxThreadStackCheck                    0x08005121   Thumb Code    60  rtx_thread.o(.text.osRtxThreadStackCheck)
    osRtxThreadStartup                       0x08005161   Thumb Code   150  rtx_thread.o(.text.osRtxThreadStartup)
    osRtxThreadSwitch                        0x080051f9   Thumb Code    46  rtx_thread.o(.text.osRtxThreadSwitch)
    osRtxThreadWaitEnter                     0x08005229   Thumb Code   118  rtx_thread.o(.text.osRtxThreadWaitEnter)
    osRtxThreadWaitExit                      0x080052a1   Thumb Code    70  rtx_thread.o(.text.osRtxThreadWaitExit)
    osRtxTick_Handler                        0x080052e9   Thumb Code   272  rtx_system.o(.text.osRtxTick_Handler)
    osRtxTimerSetup                          0x080053f9   Thumb Code    48  rtx_timer.o(.text.osRtxTimerSetup)
    osRtxTimerThread                         0x08005429   Thumb Code    50  rtx_timer.o(.text.osRtxTimerThread)
    osThreadExit                             0x08005551   Thumb Code    36  rtx_thread.o(.text.osThreadExit)
    osThreadFlagsSet                         0x08005579   Thumb Code    94  rtx_thread.o(.text.osThreadFlagsSet)
    osThreadNew                              0x080055d9   Thumb Code   114  rtx_thread.o(.text.osThreadNew)
    thrLED                                   0x08006671   Thumb Code    42  blinky.o(.text.thrLED)
    __scatterload_copy                       0x080066b3   Thumb Code    14  handlers.o(i.__scatterload_copy)
    __scatterload_null                       0x080066c1   Thumb Code     2  handlers.o(i.__scatterload_null)
    __scatterload_zeroinit                   0x080066c3   Thumb Code    14  handlers.o(i.__scatterload_zeroinit)
    osRtxConfig                              0x080066d0   Data         112  rtx_lib.o(.rodata)
    os_cb_sections                           0x08006740   Data          56  rtx_lib.o(.rodata)
    AHBPrescTable                            0x08006778   Data          16  system_stm32f7xx.o(.rodata.AHBPrescTable)
    EventRecorderInfo                        0x08006788   Data          24  eventrecorder.o(.rodata.EventRecorderInfo)
    osRtxUserSVC                             0x080067a8   Data           4  rtx_lib.o(.rodata.osRtxUserSVC)
    Region$$Table$$Base                      0x08006818   Number         0  anon$$obj.o(Region$$Table)
    Region$$Table$$Limit                     0x08006838   Number         0  anon$$obj.o(Region$$Table)
    SystemCoreClock                          0x20000000   Data           4  system_stm32f7xx.o(.data.SystemCoreClock)
    osRtxInfo                                0x20000004   Data         164  rtx_kernel.o(.data.os)
    uwTickPrio                               0x200000a8   Data           4  stm32f7xx_hal.o(.data.uwTickPrio)
    htim1                                    0x200000b4   Data          76  blinky.o(.bss.htim1)
    .bss.os.msgqueue.cb$$Base                0x20008144   Number         0  rtx_lib.o(.bss.os.msgqueue.cb)
    .bss.os.msgqueue.cb$$Limit               0x20008178   Number         0  rtx_lib.o(.bss.os.msgqueue.cb)
    .bss.os.thread.cb$$Base                  0x200081c8   Number         0  rtx_lib.o(.bss.os.thread.cb)
    .bss.os.thread.cb$$Limit                 0x20008268   Number         0  rtx_lib.o(.bss.os.thread.cb)
    pwm_value                                0x20008668   Data           4  blinky.o(.bss.pwm_value)
    __initial_sp                             0x20008a78   Data           0  startup_stm32f746xx.o(STACK)



==============================================================================

Memory Map of the image

  Image Entry point : 0x080001c9

  Load Region LR_IROM1 (Base: 0x08000000, Size: 0x000068e8, Max: 0x00100000, ABSOLUTE)

    Execution Region ER_IROM1 (Exec base: 0x08000000, Load base: 0x08000000, Size: 0x00006838, Max: 0x00100000, ABSOLUTE)

    Exec Addr    Load Addr    Size         Type   Attr      Idx    E Section Name        Object

    0x08000000   0x08000000   0x000001c8   Data   RO         2078    RESET               startup_stm32f746xx.o
    0x080001c8   0x080001c8   0x00000000   Code   RO         2099  * .ARM.Collect$$$$00000000  mc_w.l(entry.o)
    0x080001c8   0x080001c8   0x00000004   Code   RO         2110    .ARM.Collect$$$$00000001  mc_w.l(entry2.o)
    0x080001cc   0x080001cc   0x00000004   Code   RO         2113    .ARM.Collect$$$$00000004  mc_w.l(entry5.o)
    0x080001d0   0x080001d0   0x00000000   Code   RO         2115    .ARM.Collect$$$$00000008  mc_w.l(entry7b.o)
    0x080001d0   0x080001d0   0x00000000   Code   RO         2117    .ARM.Collect$$$$0000000A  mc_w.l(entry8b.o)
    0x080001d0   0x080001d0   0x00000008   Code   RO         2118    .ARM.Collect$$$$0000000B  mc_w.l(entry9a.o)
    0x080001d8   0x080001d8   0x00000000   Code   RO         2120    .ARM.Collect$$$$0000000D  mc_w.l(entry10a.o)
    0x080001d8   0x080001d8   0x00000000   Code   RO         2122    .ARM.Collect$$$$0000000F  mc_w.l(entry11a.o)
    0x080001d8   0x080001d8   0x00000004   Code   RO         2111    .ARM.Collect$$$$00002712  mc_w.l(entry2.o)
    0x080001dc   0x080001dc   0x00000100   Code   RO           84    .text               irq_armv7m.o
    0x080002dc   0x080002dc   0x00000024   Code   RO         2079    .text               startup_stm32f746xx.o
    0x08000300   0x08000300   0x00000062   Code   RO         2102    .text               mc_w.l(uldiv.o)
    0x08000362   0x08000362   0x00000024   Code   RO         2104    .text               mc_w.l(memcpya.o)
    0x08000386   0x08000386   0x00000024   Code   RO         2106    .text               mc_w.l(memseta.o)
    0x080003aa   0x080003aa   0x0000001e   Code   RO         2124    .text               mc_w.l(llshl.o)
    0x080003c8   0x080003c8   0x00000020   Code   RO         2126    .text               mc_w.l(llushr.o)
    0x080003e8   0x080003e8   0x00000030   Code   RO         2128    .text               mc_w.l(init.o)
    0x08000418   0x08000418   0x0000002e   Code   RO           54    .text.Buttons_GetState  buttons_746g_discovery.o
    0x08000446   0x08000446   0x00000002   PAD
    0x08000448   0x08000448   0x00000044   Code   RO           50    .text.Buttons_Initialize  buttons_746g_discovery.o
    0x0800048c   0x0800048c   0x00000004   PAD
    0x08000490   0x08000490   0x000000de   Code   RO           10    .text.CPU_CACHE_Enable  main.o
    0x0800056e   0x0800056e   0x00000002   PAD
    0x08000570   0x08000570   0x00000004   Code   RO           14    .text.Error_Handler  main.o
    0x08000574   0x08000574   0x00000004   PAD
    0x08000578   0x08000578   0x00000004   Code   RO           35    .text.Error_Handler  blinky.o
    0x0800057c   0x0800057c   0x00000004   PAD
    0x08000580   0x08000580   0x0000003c   Code   RO         1355    .text.EventCheckFilter  eventrecorder.o
    0x080005bc   0x080005bc   0x00000004   PAD
    0x080005c0   0x080005c0   0x0000009a   Code   RO         1341    .text.EventGetTS    eventrecorder.o
    0x0800065a   0x0800065a   0x00000006   PAD
    0x08000660   0x08000660   0x0000005a   Code   RO         1359    .text.EventRecord2  eventrecorder.o
    0x080006ba   0x080006ba   0x00000006   PAD
    0x080006c0   0x080006c0   0x00000096   Code   RO         1361    .text.EventRecord4  eventrecorder.o
    0x08000756   0x08000756   0x00000002   PAD
    0x08000758   0x08000758   0x000000f0   Code   RO         1343    .text.EventRecordItem  eventrecorder.o
    0x08000848   0x08000848   0x0000000c   Code   RO         1333    .text.EventRecorderTimerGetCount  eventrecorder.o
    0x08000854   0x08000854   0x00000004   PAD
    0x08000858   0x08000858   0x0000001a   Code   RO          348    .text.EvrRtxDelay   rtx_evr.o
    0x08000872   0x08000872   0x00000006   PAD
    0x08000878   0x08000878   0x0000001a   Code   RO          356    .text.EvrRtxDelayCompleted  rtx_evr.o
    0x08000892   0x08000892   0x00000006   PAD
    0x08000898   0x08000898   0x00000016   Code   RO          346    .text.EvrRtxDelayError  rtx_evr.o
    0x080008ae   0x080008ae   0x00000002   PAD
    0x080008b0   0x080008b0   0x0000001a   Code   RO          352    .text.EvrRtxDelayStarted  rtx_evr.o
    0x080008ca   0x080008ca   0x00000006   PAD
    0x080008d0   0x080008d0   0x0000001a   Code   RO          404    .text.EvrRtxEventFlagsWaitTimeout  rtx_evr.o
    0x080008ea   0x080008ea   0x00000006   PAD
    0x080008f0   0x080008f0   0x00000016   Code   RO          192    .text.EvrRtxKernelError  rtx_evr.o
    0x08000906   0x08000906   0x00000002   PAD
    0x08000908   0x08000908   0x00000018   Code   RO          240    .text.EvrRtxKernelErrorNotify  rtx_evr.o
    0x08000920   0x08000920   0x0000001a   Code   RO          202    .text.EvrRtxKernelGetState  rtx_evr.o
    0x0800093a   0x0800093a   0x00000006   PAD
    0x08000940   0x08000940   0x0000001a   Code   RO          232    .text.EvrRtxKernelGetTickCount  rtx_evr.o
    0x0800095a   0x0800095a   0x00000006   PAD
    0x08000960   0x08000960   0x00000014   Code   RO          194    .text.EvrRtxKernelInitialize  rtx_evr.o
    0x08000974   0x08000974   0x00000004   PAD
    0x08000978   0x08000978   0x00000014   Code   RO          196    .text.EvrRtxKernelInitialized  rtx_evr.o
    0x0800098c   0x0800098c   0x00000004   PAD
    0x08000990   0x08000990   0x00000014   Code   RO          204    .text.EvrRtxKernelStart  rtx_evr.o
    0x080009a4   0x080009a4   0x00000004   PAD
    0x080009a8   0x080009a8   0x00000014   Code   RO          206    .text.EvrRtxKernelStarted  rtx_evr.o
    0x080009bc   0x080009bc   0x00000004   PAD
    0x080009c0   0x080009c0   0x0000002a   Code   RO          182    .text.EvrRtxMemoryAlloc  rtx_evr.o
    0x080009ea   0x080009ea   0x00000006   PAD
    0x080009f0   0x080009f0   0x0000001c   Code   RO          188    .text.EvrRtxMemoryBlockAlloc  rtx_evr.o
    0x08000a0c   0x08000a0c   0x00000004   PAD
    0x08000a10   0x08000a10   0x00000028   Code   RO          190    .text.EvrRtxMemoryBlockFree  rtx_evr.o
    0x08000a38   0x08000a38   0x0000002a   Code   RO          186    .text.EvrRtxMemoryBlockInit  rtx_evr.o
    0x08000a62   0x08000a62   0x00000006   PAD
    0x08000a68   0x08000a68   0x00000028   Code   RO          184    .text.EvrRtxMemoryFree  rtx_evr.o
    0x08000a90   0x08000a90   0x00000024   Code   RO          180    .text.EvrRtxMemoryInit  rtx_evr.o
    0x08000ab4   0x08000ab4   0x00000004   PAD
    0x08000ab8   0x08000ab8   0x0000001a   Code   RO          482    .text.EvrRtxMemoryPoolAllocTimeout  rtx_evr.o
    0x08000ad2   0x08000ad2   0x00000006   PAD
    0x08000ad8   0x08000ad8   0x0000001c   Code   RO          510    .text.EvrRtxMessageQueueCreated  rtx_evr.o
    0x08000af4   0x08000af4   0x00000004   PAD
    0x08000af8   0x08000af8   0x00000018   Code   RO          506    .text.EvrRtxMessageQueueError  rtx_evr.o
    0x08000b10   0x08000b10   0x0000002a   Code   RO          526    .text.EvrRtxMessageQueueGet  rtx_evr.o
    0x08000b3a   0x08000b3a   0x00000006   PAD
    0x08000b40   0x08000b40   0x00000028   Code   RO          528    .text.EvrRtxMessageQueueGetPending  rtx_evr.o
    0x08000b68   0x08000b68   0x0000001a   Code   RO          530    .text.EvrRtxMessageQueueGetTimeout  rtx_evr.o
    0x08000b82   0x08000b82   0x00000006   PAD
    0x08000b88   0x08000b88   0x0000001c   Code   RO          520    .text.EvrRtxMessageQueueInsertPending  rtx_evr.o
    0x08000ba4   0x08000ba4   0x00000004   PAD
    0x08000ba8   0x08000ba8   0x0000001c   Code   RO          522    .text.EvrRtxMessageQueueInserted  rtx_evr.o
    0x08000bc4   0x08000bc4   0x00000004   PAD
    0x08000bc8   0x08000bc8   0x0000001c   Code   RO          524    .text.EvrRtxMessageQueueNotInserted  rtx_evr.o
    0x08000be4   0x08000be4   0x00000004   PAD
    0x08000be8   0x08000be8   0x0000001c   Code   RO          534    .text.EvrRtxMessageQueueNotRetrieved  rtx_evr.o
    0x08000c04   0x08000c04   0x00000004   PAD
    0x08000c08   0x08000c08   0x0000002e   Code   RO          514    .text.EvrRtxMessageQueuePut  rtx_evr.o
    0x08000c36   0x08000c36   0x00000002   PAD
    0x08000c38   0x08000c38   0x00000028   Code   RO          516    .text.EvrRtxMessageQueuePutPending  rtx_evr.o
    0x08000c60   0x08000c60   0x0000001a   Code   RO          518    .text.EvrRtxMessageQueuePutTimeout  rtx_evr.o
    0x08000c7a   0x08000c7a   0x00000006   PAD
    0x08000c80   0x08000c80   0x0000001c   Code   RO          532    .text.EvrRtxMessageQueueRetrieved  rtx_evr.o
    0x08000c9c   0x08000c9c   0x00000004   PAD
    0x08000ca0   0x08000ca0   0x0000001a   Code   RO          426    .text.EvrRtxMutexAcquireTimeout  rtx_evr.o
    0x08000cba   0x08000cba   0x00000006   PAD
    0x08000cc0   0x08000cc0   0x0000001c   Code   RO          428    .text.EvrRtxMutexAcquired  rtx_evr.o
    0x08000cdc   0x08000cdc   0x00000004   PAD
    0x08000ce0   0x08000ce0   0x0000001c   Code   RO          434    .text.EvrRtxMutexReleased  rtx_evr.o
    0x08000cfc   0x08000cfc   0x00000004   PAD
    0x08000d00   0x08000d00   0x0000001a   Code   RO          454    .text.EvrRtxSemaphoreAcquireTimeout  rtx_evr.o
    0x08000d1a   0x08000d1a   0x00000006   PAD
    0x08000d20   0x08000d20   0x0000001c   Code   RO          290    .text.EvrRtxThreadBlocked  rtx_evr.o
    0x08000d3c   0x08000d3c   0x00000004   PAD
    0x08000d40   0x08000d40   0x00000038   Code   RO          248    .text.EvrRtxThreadCreated  rtx_evr.o
    0x08000d78   0x08000d78   0x0000001a   Code   RO          302    .text.EvrRtxThreadDestroyed  rtx_evr.o
    0x08000d92   0x08000d92   0x00000006   PAD
    0x08000d98   0x08000d98   0x00000018   Code   RO          244    .text.EvrRtxThreadError  rtx_evr.o
    0x08000db0   0x08000db0   0x00000014   Code   RO          298    .text.EvrRtxThreadExit  rtx_evr.o
    0x08000dc4   0x08000dc4   0x00000004   PAD
    0x08000dc8   0x08000dc8   0x00000018   Code   RO          324    .text.EvrRtxThreadFlagsError  rtx_evr.o
    0x08000de0   0x08000de0   0x0000001c   Code   RO          326    .text.EvrRtxThreadFlagsSet  rtx_evr.o
    0x08000dfc   0x08000dfc   0x00000004   PAD
    0x08000e00   0x08000e00   0x0000001c   Code   RO          328    .text.EvrRtxThreadFlagsSetDone  rtx_evr.o
    0x08000e1c   0x08000e1c   0x00000004   PAD
    0x08000e20   0x08000e20   0x0000002a   Code   RO          342    .text.EvrRtxThreadFlagsWaitCompleted  rtx_evr.o
    0x08000e4a   0x08000e4a   0x00000006   PAD
    0x08000e50   0x08000e50   0x0000001a   Code   RO          340    .text.EvrRtxThreadFlagsWaitTimeout  rtx_evr.o
    0x08000e6a   0x08000e6a   0x00000006   PAD
    0x08000e70   0x08000e70   0x0000001a   Code   RO          288    .text.EvrRtxThreadJoined  rtx_evr.o
    0x08000e8a   0x08000e8a   0x00000006   PAD
    0x08000e90   0x08000e90   0x00000028   Code   RO          246    .text.EvrRtxThreadNew  rtx_evr.o
    0x08000eb8   0x08000eb8   0x0000001a   Code   RO          294    .text.EvrRtxThreadPreempted  rtx_evr.o
    0x08000ed2   0x08000ed2   0x00000006   PAD
    0x08000ed8   0x08000ed8   0x0000001a   Code   RO          296    .text.EvrRtxThreadSwitched  rtx_evr.o
    0x08000ef2   0x08000ef2   0x00000006   PAD
    0x08000ef8   0x08000ef8   0x0000001c   Code   RO          292    .text.EvrRtxThreadUnblocked  rtx_evr.o
    0x08000f14   0x08000f14   0x00000004   PAD
    0x08000f18   0x08000f18   0x0000001c   Code   RO          360    .text.EvrRtxTimerCallback  rtx_evr.o
    0x08000f34   0x08000f34   0x00000004   PAD
    0x08000f38   0x08000f38   0x00000012   Code   RO         1357    .text.GetContext    eventrecorder.o
    0x08000f4a   0x08000f4a   0x00000006   PAD
    0x08000f50   0x08000f50   0x00000012   Code   RO         1365    .text.GetRecordIndex  eventrecorder.o
    0x08000f62   0x08000f62   0x00000006   PAD
    0x08000f68   0x08000f68   0x000003ec   Code   RO         1580    .text.HAL_GPIO_Init  stm32f7xx_hal_gpio.o
    0x08001354   0x08001354   0x00000004   PAD
    0x08001358   0x08001358   0x0000002e   Code   RO         1584    .text.HAL_GPIO_ReadPin  stm32f7xx_hal_gpio.o
    0x08001386   0x08001386   0x00000002   PAD
    0x08001388   0x08001388   0x0000002e   Code   RO         1586    .text.HAL_GPIO_WritePin  stm32f7xx_hal_gpio.o
    0x080013b6   0x080013b6   0x00000002   PAD
    0x080013b8   0x080013b8   0x00000066   Code   RO            2    .text.HAL_GetTick   main.o
    0x0800141e   0x0800141e   0x00000002   PAD
    0x08001420   0x08001420   0x0000002e   Code   RO         1388    .text.HAL_Init      stm32f7xx_hal.o
    0x0800144e   0x0800144e   0x00000002   PAD
    0x08001450   0x08001450   0x0000000a   Code   RO            4    .text.HAL_InitTick  main.o
    0x0800145a   0x0800145a   0x00000006   PAD
    0x08001460   0x08001460   0x0000009e   Code   RO         1488    .text.HAL_MPU_ConfigRegion  stm32f7xx_hal_cortex.o
    0x080014fe   0x080014fe   0x00000002   PAD
    0x08001500   0x08001500   0x00000022   Code   RO         1484    .text.HAL_MPU_Disable  stm32f7xx_hal_cortex.o
    0x08001522   0x08001522   0x00000006   PAD
    0x08001528   0x08001528   0x00000030   Code   RO         1486    .text.HAL_MPU_Enable  stm32f7xx_hal_cortex.o
    0x08001558   0x08001558   0x00000002   Code   RO         1392    .text.HAL_MspInit   stm32f7xx_hal.o
    0x0800155a   0x0800155a   0x00000006   PAD
    0x08001560   0x08001560   0x00000010   Code   RO         1456    .text.HAL_NVIC_SetPriorityGrouping  stm32f7xx_hal_cortex.o
    0x08001570   0x08001570   0x000000c6   Code   RO         1660    .text.HAL_PWREx_EnableOverDrive  stm32f7xx_hal_pwr_ex.o
    0x08001636   0x08001636   0x00000002   PAD
    0x08001638   0x08001638   0x0000026c   Code   RO         1681    .text.HAL_RCC_ClockConfig  stm32f7xx_hal_rcc.o
    0x080018a4   0x080018a4   0x00000004   PAD
    0x080018a8   0x080018a8   0x000000e6   Code   RO         1683    .text.HAL_RCC_GetSysClockFreq  stm32f7xx_hal_rcc.o
    0x0800198e   0x0800198e   0x00000002   PAD
    0x08001990   0x08001990   0x00000718   Code   RO         1679    .text.HAL_RCC_OscConfig  stm32f7xx_hal_rcc.o
    0x080020a8   0x080020a8   0x000001b0   Code   RO         1903    .text.HAL_TIM_PWM_ConfigChannel  stm32f7xx_hal_tim.o
    0x08002258   0x08002258   0x000000a8   Code   RO         1787    .text.HAL_TIM_PWM_Init  stm32f7xx_hal_tim.o
    0x08002300   0x08002300   0x00000008   Code   RO         1789    .text.HAL_TIM_PWM_MspInit  stm32f7xx_hal_tim.o
    0x08002308   0x08002308   0x0000023c   Code   RO         1795    .text.HAL_TIM_PWM_Start  stm32f7xx_hal_tim.o
    0x08002544   0x08002544   0x00000004   PAD
    0x08002548   0x08002548   0x00000012   Code   RO         1373    .text.IncrementRecordsDumped  eventrecorder.o
    0x0800255a   0x0800255a   0x00000006   PAD
    0x08002560   0x08002560   0x00000012   Code   RO         1371    .text.IncrementRecordsWritten  eventrecorder.o
    0x08002572   0x08002572   0x00000006   PAD
    0x08002578   0x08002578   0x00000014   Code   RO           94    .text.IsException   rtx_delay.o
    0x0800258c   0x0800258c   0x00000004   PAD
    0x08002590   0x08002590   0x00000014   Code   RO          565    .text.IsException   rtx_kernel.o
    0x080025a4   0x080025a4   0x00000004   PAD
    0x080025a8   0x080025a8   0x00000014   Code   RO          784    .text.IsException   rtx_msgqueue.o
    0x080025bc   0x080025bc   0x00000004   PAD
    0x080025c0   0x080025c0   0x00000014   Code   RO         1068    .text.IsException   rtx_thread.o
    0x080025d4   0x080025d4   0x00000004   PAD
    0x080025d8   0x080025d8   0x0000002e   Code   RO           96    .text.IsIrqMasked   rtx_delay.o
    0x08002606   0x08002606   0x00000002   PAD
    0x08002608   0x08002608   0x0000002e   Code   RO          567    .text.IsIrqMasked   rtx_kernel.o
    0x08002636   0x08002636   0x00000002   PAD
    0x08002638   0x08002638   0x0000002e   Code   RO          786    .text.IsIrqMasked   rtx_msgqueue.o
    0x08002666   0x08002666   0x00000002   PAD
    0x08002668   0x08002668   0x0000002e   Code   RO         1070    .text.IsIrqMasked   rtx_thread.o
    0x08002696   0x08002696   0x00000002   PAD
    0x08002698   0x08002698   0x00000022   Code   RO          820    .text.IsMessageQueuePtrValid  rtx_msgqueue.o
    0x080026ba   0x080026ba   0x00000006   PAD
    0x080026c0   0x080026c0   0x00000014   Code   RO          571    .text.IsPrivileged  rtx_kernel.o
    0x080026d4   0x080026d4   0x00000004   PAD
    0x080026d8   0x080026d8   0x00000022   Code   RO         1154    .text.IsThreadPtrValid  rtx_thread.o
    0x080026fa   0x080026fa   0x00000006   PAD
    0x08002700   0x08002700   0x00000046   Code   RO           65    .text.LED_Initialize  led_746g_discovery.o
    0x08002746   0x08002746   0x00000002   PAD
    0x08002748   0x08002748   0x0000003a   Code   RO           71    .text.LED_Off       led_746g_discovery.o
    0x08002782   0x08002782   0x00000006   PAD
    0x08002788   0x08002788   0x0000003a   Code   RO           69    .text.LED_On        led_746g_discovery.o
    0x080027c2   0x080027c2   0x00000006   PAD
    0x080027c8   0x080027c8   0x0000008c   Code   RO         1367    .text.LockRecord    eventrecorder.o
    0x08002854   0x08002854   0x00000004   PAD
    0x08002858   0x08002858   0x0000004e   Code   RO            8    .text.MPU_Config    main.o
    0x080028a6   0x080028a6   0x00000002   PAD
    0x080028a8   0x080028a8   0x00000050   Code   RO           31    .text.MX_GPIO_Init  blinky.o
    0x080028f8   0x080028f8   0x00000092   Code   RO           33    .text.MX_TIM1_Init  blinky.o
    0x0800298a   0x0800298a   0x00000006   PAD
    0x08002990   0x08002990   0x00000018   Code   RO          686    .text.MemBlockPtr   rtx_memory.o
    0x080029a8   0x080029a8   0x0000000a   Code   RO          684    .text.MemHeadPtr    rtx_memory.o
    0x080029b2   0x080029b2   0x00000006   PAD
    0x080029b8   0x080029b8   0x00000052   Code   RO          836    .text.MessageQueueGet  rtx_msgqueue.o
    0x08002a0a   0x08002a0a   0x00000006   PAD
    0x08002a10   0x08002a10   0x000000ac   Code   RO          828    .text.MessageQueuePut  rtx_msgqueue.o
    0x08002abc   0x08002abc   0x00000004   PAD
    0x08002ac0   0x08002ac0   0x00000042   Code   RO          824    .text.MessageQueueRemove  rtx_msgqueue.o
    0x08002b02   0x08002b02   0x00000006   PAD
    0x08002b08   0x08002b08   0x0000000c   Code   RO         1298    .text.OS_Tick_AcknowledgeIRQ  os_systick.o
    0x08002b14   0x08002b14   0x00000004   PAD
    0x08002b18   0x08002b18   0x0000003c   Code   RO         1294    .text.OS_Tick_Enable  os_systick.o
    0x08002b54   0x08002b54   0x00000004   PAD
    0x08002b58   0x08002b58   0x00000006   Code   RO         1300    .text.OS_Tick_GetIRQn  os_systick.o
    0x08002b5e   0x08002b5e   0x00000002   PAD
    0x08002b60   0x08002b60   0x0000007e   Code   RO         1292    .text.OS_Tick_Setup  os_systick.o
    0x08002bde   0x08002bde   0x00000002   PAD
    0x08002be0   0x08002be0   0x00000050   Code   RO          629    .text.SVC_Setup     rtx_kernel.o
    0x08002c30   0x08002c30   0x00000010   Code   RO          989    .text.SetPendSV     rtx_system.o
    0x08002c40   0x08002c40   0x00000034   Code   RO         1034    .text.SetPrivileged  rtx_thread.o
    0x08002c74   0x08002c74   0x00000004   PAD
    0x08002c78   0x08002c78   0x00000018   Code   RO         1030    .text.StackOffsetR0  rtx_thread.o
    0x08002c90   0x08002c90   0x00000078   Code   RO           12    .text.SystemClock_Config  main.o
    0x08002d08   0x08002d08   0x0000012e   Code   RO         2088    .text.SystemCoreClockUpdate  system_stm32f7xx.o
    0x08002e36   0x08002e36   0x00000002   PAD
    0x08002e38   0x08002e38   0x00000012   Code   RO         2086    .text.SystemInit    system_stm32f7xx.o
    0x08002e4a   0x08002e4a   0x00000006   PAD
    0x08002e50   0x08002e50   0x0000019a   Code   RO         1737    .text.TIM_Base_SetConfig  stm32f7xx_hal_tim.o
    0x08002fea   0x08002fea   0x00000006   PAD
    0x08002ff0   0x08002ff0   0x00000036   Code   RO         1771    .text.TIM_CCxChannelCmd  stm32f7xx_hal_tim.o
    0x08003026   0x08003026   0x00000002   PAD
    0x08003028   0x08003028   0x000000f0   Code   RO         1881    .text.TIM_OC1_SetConfig  stm32f7xx_hal_tim.o
    0x08003118   0x08003118   0x000000fa   Code   RO         1883    .text.TIM_OC2_SetConfig  stm32f7xx_hal_tim.o
    0x08003212   0x08003212   0x00000006   PAD
    0x08003218   0x08003218   0x000000f8   Code   RO         1885    .text.TIM_OC3_SetConfig  stm32f7xx_hal_tim.o
    0x08003310   0x08003310   0x000000aa   Code   RO         1887    .text.TIM_OC4_SetConfig  stm32f7xx_hal_tim.o
    0x080033ba   0x080033ba   0x00000006   PAD
    0x080033c0   0x080033c0   0x000000a0   Code   RO         1889    .text.TIM_OC5_SetConfig  stm32f7xx_hal_tim.o
    0x08003460   0x08003460   0x000000a2   Code   RO         1891    .text.TIM_OC6_SetConfig  stm32f7xx_hal_tim.o
    0x08003502   0x08003502   0x00000006   PAD
    0x08003508   0x08003508   0x0000007c   Code   RO         1162    .text.ThreadFlagsCheck  rtx_thread.o
    0x08003584   0x08003584   0x00000004   PAD
    0x08003588   0x08003588   0x0000001a   Code   RO         1212    .text.ThreadFlagsSet  rtx_thread.o
    0x080035a2   0x080035a2   0x00000006   PAD
    0x080035a8   0x080035a8   0x0000009e   Code   RO         1265    .text.TimerInsert   rtx_timer.o
    0x08003646   0x08003646   0x00000002   PAD
    0x08003648   0x08003648   0x00000028   Code   RO         1261    .text.TimerUnlink   rtx_timer.o
    0x08003670   0x08003670   0x00000056   Code   RO         1369    .text.UnlockRecord  eventrecorder.o
    0x080036c6   0x080036c6   0x00000002   PAD
    0x080036c8   0x080036c8   0x00000010   Code   RO          631    .text.__NVIC_GetPriorityGrouping  rtx_kernel.o
    0x080036d8   0x080036d8   0x0000003c   Code   RO         1458    .text.__NVIC_SetPriorityGrouping  stm32f7xx_hal_cortex.o
    0x08003714   0x08003714   0x00000004   PAD
    0x08003718   0x08003718   0x0000005a   Code   RO           27    .text.app_main      blinky.o
    0x08003772   0x08003772   0x00000006   PAD
    0x08003778   0x08003778   0x00000038   Code   RO         1164    .text.atomic_chk32_all  rtx_thread.o
    0x080037b0   0x080037b0   0x00000034   Code   RO         1166    .text.atomic_chk32_any  rtx_thread.o
    0x080037e4   0x080037e4   0x00000004   PAD
    0x080037e8   0x080037e8   0x00000060   Code   RO         1363    .text.atomic_cmp_xch_32  eventrecorder.o
    0x08003848   0x08003848   0x0000002c   Code   RO          991    .text.atomic_dec16_nz  rtx_system.o
    0x08003874   0x08003874   0x00000004   PAD
    0x08003878   0x08003878   0x00000020   Code   RO          711    .text.atomic_dec32  rtx_mempool.o
    0x08003898   0x08003898   0x00000028   Code   RO          838    .text.atomic_dec32_nz  rtx_msgqueue.o
    0x080038c0   0x080038c0   0x00000034   Code   RO          993    .text.atomic_inc16_lim  rtx_system.o
    0x080038f4   0x080038f4   0x00000004   PAD
    0x080038f8   0x080038f8   0x00000038   Code   RO          997    .text.atomic_inc16_lt  rtx_system.o
    0x08003930   0x08003930   0x00000020   Code   RO          705    .text.atomic_inc32  rtx_mempool.o
    0x08003950   0x08003950   0x00000020   Code   RO          830    .text.atomic_inc32  rtx_msgqueue.o
    0x08003970   0x08003970   0x0000004c   Code   RO         1375    .text.atomic_inc_32  eventrecorder.o
    0x080039bc   0x080039bc   0x00000004   PAD
    0x080039c0   0x080039c0   0x00000058   Code   RO         1377    .text.atomic_inc_8  eventrecorder.o
    0x08003a18   0x08003a18   0x00000028   Code   RO          703    .text.atomic_link_get  rtx_mempool.o
    0x08003a40   0x08003a40   0x00000030   Code   RO          709    .text.atomic_link_put  rtx_mempool.o
    0x08003a70   0x08003a70   0x00000028   Code   RO         1214    .text.atomic_set32  rtx_thread.o
    0x08003a98   0x08003a98   0x00000028   Code   RO          840    .text.atomic_wr8    rtx_msgqueue.o
    0x08003ac0   0x08003ac0   0x000000ac   Code   RO          798    .text.isrRtxMessageQueueGet  rtx_msgqueue.o
    0x08003b6c   0x08003b6c   0x00000004   PAD
    0x08003b70   0x08003b70   0x000000bc   Code   RO          794    .text.isrRtxMessageQueuePut  rtx_msgqueue.o
    0x08003c2c   0x08003c2c   0x00000004   PAD
    0x08003c30   0x08003c30   0x00000086   Code   RO         1146    .text.isrRtxThreadFlagsSet  rtx_thread.o
    0x08003cb6   0x08003cb6   0x00000002   PAD
    0x08003cb8   0x08003cb8   0x00000054   Code   RO          973    .text.isr_queue_get  rtx_system.o
    0x08003d0c   0x08003d0c   0x00000004   PAD
    0x08003d10   0x08003d10   0x0000005e   Code   RO          987    .text.isr_queue_put  rtx_system.o
    0x08003d6e   0x08003d6e   0x00000002   PAD
    0x08003d70   0x08003d70   0x0000003a   Code   RO            6    .text.main          main.o
    0x08003daa   0x08003daa   0x00000006   PAD
    0x08003db0   0x08003db0   0x00000054   Code   RO           92    .text.osDelay       rtx_delay.o
    0x08003e04   0x08003e04   0x00000004   PAD
    0x08003e08   0x08003e08   0x00000042   Code   RO          575    .text.osKernelGetState  rtx_kernel.o
    0x08003e4a   0x08003e4a   0x00000006   PAD
    0x08003e50   0x08003e50   0x0000003a   Code   RO          607    .text.osKernelGetTickCount  rtx_kernel.o
    0x08003e8a   0x08003e8a   0x00000006   PAD
    0x08003e90   0x08003e90   0x0000004a   Code   RO          563    .text.osKernelInitialize  rtx_kernel.o
    0x08003eda   0x08003eda   0x00000006   PAD
    0x08003ee0   0x08003ee0   0x00000046   Code   RO          579    .text.osKernelStart  rtx_kernel.o
    0x08003f26   0x08003f26   0x00000002   PAD
    0x08003f28   0x08003f28   0x0000007e   Code   RO          796    .text.osMessageQueueGet  rtx_msgqueue.o
    0x08003fa6   0x08003fa6   0x00000002   PAD
    0x08003fa8   0x08003fa8   0x0000008a   Code   RO          792    .text.osMessageQueuePut  rtx_msgqueue.o
    0x08004032   0x08004032   0x00000006   PAD
    0x08004038   0x08004038   0x00000030   Code   RO         1320    .text.osRtxErrorNotify  rtx_config.o
    0x08004068   0x08004068   0x0000000a   Code   RO          977    .text.osRtxEventFlagsObject  rtx_system.o
    0x08004072   0x08004072   0x00000006   PAD
    0x08004078   0x08004078   0x00000008   Code   RO         1318    .text.osRtxIdleThread  rtx_config.o
    0x08004080   0x08004080   0x00000002   Code   RO          559    .text.osRtxKernelBeforeInit  rtx_kernel.o
    0x08004082   0x08004082   0x00000006   PAD
    0x08004088   0x08004088   0x0000001c   Code   RO          561    .text.osRtxKernelErrorNotify  rtx_kernel.o
    0x080040a4   0x080040a4   0x00000004   PAD
    0x080040a8   0x080040a8   0x0000000c   Code   RO          969    .text.osRtxKernelGetState  rtx_system.o
    0x080040b4   0x080040b4   0x00000004   PAD
    0x080040b8   0x080040b8   0x0000000c   Code   RO         1038    .text.osRtxKernelGetState  rtx_thread.o
    0x080040c4   0x080040c4   0x00000004   PAD
    0x080040c8   0x080040c8   0x0000000c   Code   RO          625    .text.osRtxKernelState  rtx_kernel.o
    0x080040d4   0x080040d4   0x00000004   PAD
    0x080040d8   0x080040d8   0x0000014c   Code   RO          688    .text.osRtxMemoryAlloc  rtx_memory.o
    0x08004224   0x08004224   0x00000004   PAD
    0x08004228   0x08004228   0x000000c2   Code   RO          690    .text.osRtxMemoryFree  rtx_memory.o
    0x080042ea   0x080042ea   0x00000006   PAD
    0x080042f0   0x080042f0   0x00000096   Code   RO          682    .text.osRtxMemoryInit  rtx_memory.o
    0x08004386   0x08004386   0x00000002   PAD
    0x08004388   0x08004388   0x0000004a   Code   RO          701    .text.osRtxMemoryPoolAlloc  rtx_mempool.o
    0x080043d2   0x080043d2   0x00000006   PAD
    0x080043d8   0x080043d8   0x00000064   Code   RO          707    .text.osRtxMemoryPoolFree  rtx_mempool.o
    0x0800443c   0x0800443c   0x00000004   PAD
    0x08004440   0x08004440   0x00000098   Code   RO          699    .text.osRtxMemoryPoolInit  rtx_mempool.o
    0x080044d8   0x080044d8   0x0000000a   Code   RO          981    .text.osRtxMemoryPoolObject  rtx_system.o
    0x080044e2   0x080044e2   0x00000006   PAD
    0x080044e8   0x080044e8   0x0000000a   Code   RO          983    .text.osRtxMessageObject  rtx_system.o
    0x080044f2   0x080044f2   0x00000006   PAD
    0x080044f8   0x080044f8   0x0000000a   Code   RO          778    .text.osRtxMessageQueueId  rtx_msgqueue.o
    0x08004502   0x08004502   0x00000006   PAD
    0x08004508   0x08004508   0x00000144   Code   RO          822    .text.osRtxMessageQueuePostProcess  rtx_msgqueue.o
    0x0800464c   0x0800464c   0x00000004   PAD
    0x08004650   0x08004650   0x0000003e   Code   RO          776    .text.osRtxMessageQueueTimerSetup  rtx_msgqueue.o
    0x0800468e   0x0800468e   0x00000002   PAD
    0x08004690   0x08004690   0x0000000a   Code   RO         1026    .text.osRtxMutexObject  rtx_thread.o
    0x0800469a   0x0800469a   0x00000006   PAD
    0x080046a0   0x080046a0   0x00000098   Code   RO          857    .text.osRtxMutexOwnerRelease  rtx_mutex.o
    0x08004738   0x08004738   0x000000ac   Code   RO          861    .text.osRtxMutexOwnerRestore  rtx_mutex.o
    0x080047e4   0x080047e4   0x00000004   PAD
    0x080047e8   0x080047e8   0x0000000a   Code   RO          826    .text.osRtxObject   rtx_msgqueue.o
    0x080047f2   0x080047f2   0x00000006   PAD
    0x080047f8   0x080047f8   0x0000000a   Code   RO          859    .text.osRtxObject   rtx_mutex.o
    0x08004802   0x08004802   0x00000006   PAD
    0x08004808   0x08004808   0x0000000a   Code   RO          995    .text.osRtxObject   rtx_system.o
    0x08004812   0x08004812   0x00000006   PAD
    0x08004818   0x08004818   0x0000000a   Code   RO         1014    .text.osRtxObject   rtx_thread.o
    0x08004822   0x08004822   0x00000006   PAD
    0x08004828   0x08004828   0x000000b8   Code   RO          971    .text.osRtxPendSV_Handler  rtx_system.o
    0x080048e0   0x080048e0   0x00000042   Code   RO          985    .text.osRtxPostProcess  rtx_system.o
    0x08004922   0x08004922   0x00000006   PAD
    0x08004928   0x08004928   0x0000000a   Code   RO          979    .text.osRtxSemaphoreObject  rtx_system.o
    0x08004932   0x08004932   0x00000006   PAD
    0x08004938   0x08004938   0x00000008   Code   RO         1058    .text.osRtxThreadBeforeFree  rtx_thread.o
    0x08004940   0x08004940   0x00000088   Code   RO         1042    .text.osRtxThreadBlock  rtx_thread.o
    0x080049c8   0x080049c8   0x000000fa   Code   RO         1048    .text.osRtxThreadDelayInsert  rtx_thread.o
    0x08004ac2   0x08004ac2   0x00000006   PAD
    0x08004ac8   0x08004ac8   0x0000009c   Code   RO         1020    .text.osRtxThreadDelayRemove  rtx_thread.o
    0x08004b64   0x08004b64   0x00000004   PAD
    0x08004b68   0x08004b68   0x00000150   Code   RO         1022    .text.osRtxThreadDelayTick  rtx_thread.o
    0x08004cb8   0x08004cb8   0x00000060   Code   RO         1054    .text.osRtxThreadDestroy  rtx_thread.o
    0x08004d18   0x08004d18   0x00000096   Code   RO         1036    .text.osRtxThreadDispatch  rtx_thread.o
    0x08004dae   0x08004dae   0x00000002   PAD
    0x08004db0   0x08004db0   0x000000a2   Code   RO         1056    .text.osRtxThreadFree  rtx_thread.o
    0x08004e52   0x08004e52   0x00000006   PAD
    0x08004e58   0x08004e58   0x0000000c   Code   RO          834    .text.osRtxThreadGetRunning  rtx_msgqueue.o
    0x08004e64   0x08004e64   0x00000004   PAD
    0x08004e68   0x08004e68   0x0000000c   Code   RO         1040    .text.osRtxThreadGetRunning  rtx_thread.o
    0x08004e74   0x08004e74   0x00000004   PAD
    0x08004e78   0x08004e78   0x0000000c   Code   RO         1259    .text.osRtxThreadGetRunning  rtx_timer.o
    0x08004e84   0x08004e84   0x00000004   PAD
    0x08004e88   0x08004e88   0x0000000a   Code   RO         1062    .text.osRtxThreadId  rtx_thread.o
    0x08004e92   0x08004e92   0x00000006   PAD
    0x08004e98   0x08004e98   0x0000003c   Code   RO         1052    .text.osRtxThreadJoinWakeup  rtx_thread.o
    0x08004ed4   0x08004ed4   0x00000004   PAD
    0x08004ed8   0x08004ed8   0x00000036   Code   RO         1010    .text.osRtxThreadListGet  rtx_thread.o
    0x08004f0e   0x08004f0e   0x00000002   PAD
    0x08004f10   0x08004f10   0x00000076   Code   RO         1006    .text.osRtxThreadListPut  rtx_thread.o
    0x08004f86   0x08004f86   0x00000002   PAD
    0x08004f88   0x08004f88   0x00000032   Code   RO         1016    .text.osRtxThreadListRemove  rtx_thread.o
    0x08004fba   0x08004fba   0x00000006   PAD
    0x08004fc0   0x08004fc0   0x00000022   Code   RO         1024    .text.osRtxThreadListRoot  rtx_thread.o
    0x08004fe2   0x08004fe2   0x00000006   PAD
    0x08004fe8   0x08004fe8   0x00000058   Code   RO         1012    .text.osRtxThreadListSort  rtx_thread.o
    0x08005040   0x08005040   0x0000000a   Code   RO          975    .text.osRtxThreadObject  rtx_system.o
    0x0800504a   0x0800504a   0x00000006   PAD
    0x08005050   0x08005050   0x0000000a   Code   RO         1008    .text.osRtxThreadObject  rtx_thread.o
    0x0800505a   0x0800505a   0x00000006   PAD
    0x08005060   0x08005060   0x00000044   Code   RO         1160    .text.osRtxThreadPostProcess  rtx_thread.o
    0x080050a4   0x080050a4   0x00000004   PAD
    0x080050a8   0x080050a8   0x00000020   Code   RO         1018    .text.osRtxThreadReadyPut  rtx_thread.o
    0x080050c8   0x080050c8   0x00000022   Code   RO         1028    .text.osRtxThreadRegPtr  rtx_thread.o
    0x080050ea   0x080050ea   0x00000006   PAD
    0x080050f0   0x080050f0   0x00000014   Code   RO         1196    .text.osRtxThreadSetRunning  rtx_thread.o
    0x08005104   0x08005104   0x00000004   PAD
    0x08005108   0x08005108   0x00000014   Code   RO         1263    .text.osRtxThreadSetRunning  rtx_timer.o
    0x0800511c   0x0800511c   0x00000004   PAD
    0x08005120   0x08005120   0x0000003c   Code   RO         1050    .text.osRtxThreadStackCheck  rtx_thread.o
    0x0800515c   0x0800515c   0x00000004   PAD
    0x08005160   0x08005160   0x00000096   Code   RO         1060    .text.osRtxThreadStartup  rtx_thread.o
    0x080051f6   0x080051f6   0x00000002   PAD
    0x080051f8   0x080051f8   0x0000002e   Code   RO         1032    .text.osRtxThreadSwitch  rtx_thread.o
    0x08005226   0x08005226   0x00000002   PAD
    0x08005228   0x08005228   0x00000076   Code   RO         1046    .text.osRtxThreadWaitEnter  rtx_thread.o
    0x0800529e   0x0800529e   0x00000002   PAD
    0x080052a0   0x080052a0   0x00000046   Code   RO         1044    .text.osRtxThreadWaitExit  rtx_thread.o
    0x080052e6   0x080052e6   0x00000002   PAD
    0x080052e8   0x080052e8   0x00000110   Code   RO          967    .text.osRtxTick_Handler  rtx_system.o
    0x080053f8   0x080053f8   0x00000030   Code   RO         1235    .text.osRtxTimerSetup  rtx_timer.o
    0x08005428   0x08005428   0x00000032   Code   RO         1239    .text.osRtxTimerThread  rtx_timer.o
    0x0800545a   0x0800545a   0x00000006   PAD
    0x08005460   0x08005460   0x000000dc   Code   RO         1237    .text.osRtxTimerTick  rtx_timer.o
    0x0800553c   0x0800553c   0x00000004   PAD
    0x08005540   0x08005540   0x00000010   Code   RO         1156    .text.osThreadEntry  rtx_thread.o
    0x08005550   0x08005550   0x00000024   Code   RO         1108    .text.osThreadExit  rtx_thread.o
    0x08005574   0x08005574   0x00000004   PAD
    0x08005578   0x08005578   0x0000005e   Code   RO         1144    .text.osThreadFlagsSet  rtx_thread.o
    0x080055d6   0x080055d6   0x00000002   PAD
    0x080055d8   0x080055d8   0x00000072   Code   RO         1066    .text.osThreadNew   rtx_thread.o
    0x0800564a   0x0800564a   0x00000006   PAD
    0x08005650   0x08005650   0x00000050   Code   RO          100    .text.svcRtxDelay   rtx_delay.o
    0x080056a0   0x080056a0   0x00000016   Code   RO          577    .text.svcRtxKernelGetState  rtx_kernel.o
    0x080056b6   0x080056b6   0x00000002   PAD
    0x080056b8   0x080056b8   0x0000001c   Code   RO          609    .text.svcRtxKernelGetTickCount  rtx_kernel.o
    0x080056d4   0x080056d4   0x00000004   PAD
    0x080056d8   0x080056d8   0x00000304   Code   RO          623    .text.svcRtxKernelInitialize  rtx_kernel.o
    0x080059dc   0x080059dc   0x00000004   PAD
    0x080059e0   0x080059e0   0x000000a4   Code   RO          627    .text.svcRtxKernelStart  rtx_kernel.o
    0x08005a84   0x08005a84   0x00000004   PAD
    0x08005a88   0x08005a88   0x00000168   Code   RO          842    .text.svcRtxMessageQueueGet  rtx_msgqueue.o
    0x08005bf0   0x08005bf0   0x00000290   Code   RO          780    .text.svcRtxMessageQueueNew  rtx_msgqueue.o
    0x08005e80   0x08005e80   0x0000015c   Code   RO          832    .text.svcRtxMessageQueuePut  rtx_msgqueue.o
    0x08005fdc   0x08005fdc   0x00000004   PAD
    0x08005fe0   0x08005fe0   0x00000084   Code   RO         1194    .text.svcRtxThreadExit  rtx_thread.o
    0x08006064   0x08006064   0x00000004   PAD
    0x08006068   0x08006068   0x000000d6   Code   RO         1216    .text.svcRtxThreadFlagsSet  rtx_thread.o
    0x0800613e   0x0800613e   0x00000002   PAD
    0x08006140   0x08006140   0x0000046a   Code   RO         1064    .text.svcRtxThreadNew  rtx_thread.o
    0x080065aa   0x080065aa   0x00000006   PAD
    0x080065b0   0x080065b0   0x000000bc   Code   RO           29    .text.thrBUT        blinky.o
    0x0800666c   0x0800666c   0x00000004   PAD
    0x08006670   0x08006670   0x0000002a   Code   RO           25    .text.thrLED        blinky.o
    0x0800669a   0x0800669a   0x00000006   PAD
    0x080066a0   0x080066a0   0x00000012   Code   RO         1158    .text.xPSR_InitVal  rtx_thread.o
    0x080066b2   0x080066b2   0x0000000e   Code   RO         2132    i.__scatterload_copy  mc_w.l(handlers.o)
    0x080066c0   0x080066c0   0x00000002   Code   RO         2133    i.__scatterload_null  mc_w.l(handlers.o)
    0x080066c2   0x080066c2   0x0000000e   Code   RO         2134    i.__scatterload_zeroinit  mc_w.l(handlers.o)
    0x080066d0   0x080066d0   0x00000070   Data   RO          668    .rodata             rtx_lib.o
    0x08006740   0x08006740   0x00000038   Data   RO          671    .rodata             rtx_lib.o
    0x08006778   0x08006778   0x00000010   Data   RO         2091    .rodata.AHBPrescTable  system_stm32f7xx.o
    0x08006788   0x08006788   0x00000018   Data   RO         1380    .rodata.EventRecorderInfo  eventrecorder.o
    0x080067a0   0x080067a0   0x00000008   Data   RO           77    .rodata.LED_PIN     led_746g_discovery.o
    0x080067a8   0x080067a8   0x00000004   Data   RO          670    .rodata.osRtxUserSVC  rtx_lib.o
    0x080067ac   0x080067ac   0x00000024   Data   RO          665    .rodata.os_idle_thread_attr  rtx_lib.o
    0x080067d0   0x080067d0   0x00000018   Data   RO          667    .rodata.os_timer_mq_attr  rtx_lib.o
    0x080067e8   0x080067e8   0x00000024   Data   RO          666    .rodata.os_timer_thread_attr  rtx_lib.o
    0x0800680c   0x0800680c   0x0000000b   Data   RO          655    .rodata.str1.1      rtx_kernel.o
    0x08006817   0x08006817   0x00000001   PAD
    0x08006818   0x08006818   0x00000020   Data   RO         2131    Region$$Table       anon$$obj.o


    Execution Region RW_DTCM (Exec base: 0x20000000, Load base: 0x08006838, Size: 0x00008a78, Max: 0x0000f800, ABSOLUTE)

    Exec Addr    Load Addr    Size         Type   Attr      Idx    E Section Name        Object

    0x20000000   0x08006838   0x00000004   Data   RW         2090    .data.SystemCoreClock  system_stm32f7xx.o
    0x20000004   0x0800683c   0x000000a4   Data   RW          656    .data.os            rtx_kernel.o
    0x200000a8   0x080068e0   0x00000004   Data   RW         1446    .data.uwTickPrio    stm32f7xx_hal.o
    0x200000ac   0x080068e4   0x00000004   PAD
    0x200000b0        -       0x00000004   Zero   RW           16    .bss.HAL_GetTick.ticks  main.o
    0x200000b4        -       0x0000004c   Zero   RW           42    .bss.htim1          blinky.o
    0x20000100        -       0x00008040   Zero   RW          664    .bss.os             rtx_lib.o
    0x20008140        -       0x00000001   Zero   RW         1310    .bss.os             os_systick.o
    0x20008141   0x080068e4   0x00000003   PAD
    0x20008144        -       0x00000034   Zero   RW          675    .bss.os.msgqueue.cb  rtx_lib.o
    0x20008178        -       0x00000050   Zero   RW          676    .bss.os.msgqueue.mem  rtx_lib.o
    0x200081c8        -       0x000000a0   Zero   RW          672    .bss.os.thread.cb   rtx_lib.o
    0x20008268        -       0x00000200   Zero   RW          673    .bss.os.thread.idle.stack  rtx_lib.o
    0x20008468        -       0x00000200   Zero   RW          674    .bss.os.thread.timer.stack  rtx_lib.o
    0x20008668        -       0x00000004   Zero   RW           39    .bss.pwm_value      blinky.o
    0x2000866c        -       0x00000004   Zero   RW           41    .bss.tid_thrBUT     blinky.o
    0x20008670        -       0x00000004   Zero   RW           40    .bss.tid_thrLED     blinky.o
    0x20008674   0x080068e4   0x00000004   PAD
    0x20008678        -       0x00000400   Zero   RW         2076    STACK               startup_stm32f746xx.o


    Execution Region RW_DTCM_NOINIT (Exec base: 0x2000f800, Load base: 0x080068e8, Size: 0x000004a4, Max: 0x00000800, ABSOLUTE, UNINIT)

    Exec Addr    Load Addr    Size         Type   Attr      Idx    E Section Name        Object

    0x2000f800        -       0x000004a4   Zero   RW         1379    .bss.noinit         eventrecorder.o


    Execution Region RW_SRAM1 (Exec base: 0x20010000, Load base: 0x080068e8, Size: 0x00000000, Max: 0x0003c000, ABSOLUTE)

    **** No section assigned to this execution region ****


==============================================================================

Image component sizes


      Code (inc. data)   RO Data    RW Data    ZI Data      Debug   Object Name

       550          0          0          0         88       6539   blinky.o
       114          0          0          0          0       2797   buttons_746g_discovery.o
      1264          0         24          0       1188       8869   eventrecorder.o
       256         16          0          0          0        785   irq_armv7m.o
       186          0          8          0          0       3346   led_746g_discovery.o
       594          0          0          0          4       4781   main.o
       204          0          0          0          1       5667   os_systick.o
        56          6          0          0          0        748   rtx_config.o
       230          0          0          0          0       2781   rtx_delay.o
      1554          0          0          0          0      29889   rtx_evr.o
      1478          0         11        164          0      18869   rtx_kernel.o
         0          0        268          0      34148       5631   rtx_lib.o
       710          0          0          0          0       2361   rtx_memory.o
       478          0          0          0          0      12595   rtx_mempool.o
      2938          0          0          0          0      15221   rtx_msgqueue.o
       334          0          0          0          0       9418   rtx_mutex.o
       940         10          0          0          0       6906   rtx_system.o
      4722          0          0          0          0      34278   rtx_thread.o
       548          0          0          0          0       9326   rtx_timer.o
        36          8        456          0       1024        908   startup_stm32f746xx.o
        48          0          0          4          0       7995   stm32f7xx_hal.o
       316          0          0          0          0      10656   stm32f7xx_hal_cortex.o
      1096          0          0          0          0       5408   stm32f7xx_hal_gpio.o
       198          0          0          0          0       5925   stm32f7xx_hal_pwr_ex.o
      2666          0          0          0          0       8246   stm32f7xx_hal_rcc.o
      2874         22          0          0          0      37214   stm32f7xx_hal_tim.o
       320          0         16          4          0       3391   system_stm32f7xx.o

    ----------------------------------------------------------------------
     25534         62        816        172      36464     260550   Object Totals
         0          0         32          0          0          0   (incl. Generated)
       824          0          1          0         11          0   (incl. Padding)

    ----------------------------------------------------------------------

      Code (inc. data)   RO Data    RW Data    ZI Data      Debug   Library Member Name

         0          0          0          0          0          0   entry.o
         0          0          0          0          0          0   entry10a.o
         0          0          0          0          0          0   entry11a.o
         8          4          0          0          0          0   entry2.o
         4          0          0          0          0          0   entry5.o
         0          0          0          0          0          0   entry7b.o
         0          0          0          0          0          0   entry8b.o
         8          4          0          0          0          0   entry9a.o
        30          0          0          0          0          0   handlers.o
        48         10          0          0          0         68   init.o
        30          0          0          0          0         68   llshl.o
        32          0          0          0          0         68   llushr.o
        36          0          0          0          0         68   memcpya.o
        36          0          0          0          0        108   memseta.o
        98          0          0          0          0         92   uldiv.o

    ----------------------------------------------------------------------
       330         18          0          0          0        472   Library Totals
         0          0          0          0          0          0   (incl. Padding)

    ----------------------------------------------------------------------

      Code (inc. data)   RO Data    RW Data    ZI Data      Debug   Library Name

       330         18          0          0          0        472   mc_w.l

    ----------------------------------------------------------------------
       330         18          0          0          0        472   Library Totals

    ----------------------------------------------------------------------

==============================================================================


      Code (inc. data)   RO Data    RW Data    ZI Data      Debug   

     25864         80        816        172      36464     260610   Grand Totals
     25864         80        816        172      36464     260610   ELF Image Totals
     25864         80        816        172          0          0   ROM Totals

==============================================================================

    Total RO  Size (Code + RO Data)                26680 (  26.05kB)
    Total RW  Size (RW Data + ZI Data)             36636 (  35.78kB)
    Total ROM Size (Code + RO Data + RW Data)      26852 (  26.22kB)

==============================================================================

