Component: Arm Compiler for Embedded 6.21 Tool: armlink [5ec1fa00]

==============================================================================

Section Cross References

    main.o(.text.HAL_GetTick) refers to rtx_kernel.o(.text.osKernelGetState) for osKernelGetState
    main.o(.text.HAL_GetTick) refers to rtx_kernel.o(.text.osKernelGetTickCount) for osKernelGetTickCount
    main.o(.text.HAL_GetTick) refers to system_stm32f7xx.o(.data.SystemCoreClock) for SystemCoreClock
    main.o(.text.HAL_GetTick) refers to main.o(.bss.HAL_GetTick.ticks) for HAL_GetTick.ticks
    main.o(.ARM.exidx.text.HAL_GetTick) refers to main.o(.text.HAL_GetTick) for [Anonymous Symbol]
    main.o(.ARM.exidx.text.HAL_InitTick) refers to main.o(.text.HAL_InitTick) for [Anonymous Symbol]
    main.o(.text.main) refers to stm32f7xx_hal_cortex.o(.text.HAL_MPU_Disable) for HAL_MPU_Disable
    main.o(.text.main) refers to stm32f7xx_hal_cortex.o(.text.HAL_MPU_ConfigRegion) for HAL_MPU_ConfigRegion
    main.o(.text.main) refers to stm32f7xx_hal_cortex.o(.text.HAL_MPU_Enable) for HAL_MPU_Enable
    main.o(.text.main) refers to stm32f7xx_hal.o(.text.HAL_Init) for HAL_Init
    main.o(.text.main) refers to stm32f7xx_hal_rcc.o(.text.HAL_RCC_OscConfig) for HAL_RCC_OscConfig
    main.o(.text.main) refers to stm32f7xx_hal_pwr_ex.o(.text.HAL_PWREx_EnableOverDrive) for HAL_PWREx_EnableOverDrive
    main.o(.text.main) refers to stm32f7xx_hal_rcc.o(.text.HAL_RCC_ClockConfig) for HAL_RCC_ClockConfig
    main.o(.text.main) refers to system_stm32f7xx.o(.text.SystemCoreClockUpdate) for SystemCoreClockUpdate
    main.o(.text.main) refers to rtx_kernel.o(.text.osKernelInitialize) for osKernelInitialize
    main.o(.text.main) refers to blinky.o(.text.app_main) for app_main
    main.o(.text.main) refers to rtx_thread.o(.text.osThreadNew) for osThreadNew
    main.o(.text.main) refers to rtx_kernel.o(.text.osKernelStart) for osKernelStart
    main.o(.ARM.exidx.text.main) refers to main.o(.text.main) for [Anonymous Symbol]
    blinky.o(.text.thrLED) refers to rtx_delay.o(.text.osDelay) for osDelay
    blinky.o(.text.thrLED) refers to rtx_thread.o(.text.osThreadFlagsWait) for osThreadFlagsWait
    blinky.o(.text.thrLED) refers to led_746g_discovery.o(.text.LED_On) for LED_On
    blinky.o(.text.thrLED) refers to led_746g_discovery.o(.text.LED_Off) for LED_Off
    blinky.o(.ARM.exidx.text.thrLED) refers to blinky.o(.text.thrLED) for [Anonymous Symbol]
    blinky.o(.text.app_main) refers to led_746g_discovery.o(.text.LED_Initialize) for LED_Initialize
    blinky.o(.text.app_main) refers to buttons_746g_discovery.o(.text.Buttons_Initialize) for Buttons_Initialize
    blinky.o(.text.app_main) refers to blinky.o(.text.thrLED) for thrLED
    blinky.o(.text.app_main) refers to rtx_thread.o(.text.osThreadNew) for osThreadNew
    blinky.o(.text.app_main) refers to blinky.o(.bss..L_MergedGlobals) for .L_MergedGlobals
    blinky.o(.text.app_main) refers to blinky.o(.text.thrBUT) for thrBUT
    blinky.o(.text.app_main) refers to rtx_thread.o(.text.osThreadExit) for osThreadExit
    blinky.o(.ARM.exidx.text.app_main) refers to blinky.o(.text.app_main) for [Anonymous Symbol]
    blinky.o(.text.thrBUT) refers to blinky.o(.bss..L_MergedGlobals) for .L_MergedGlobals
    blinky.o(.text.thrBUT) refers to rtx_delay.o(.text.osDelay) for osDelay
    blinky.o(.text.thrBUT) refers to buttons_746g_discovery.o(.text.Buttons_GetState) for Buttons_GetState
    blinky.o(.text.thrBUT) refers to rtx_thread.o(.text.osThreadFlagsSet) for osThreadFlagsSet
    blinky.o(.ARM.exidx.text.thrBUT) refers to blinky.o(.text.thrBUT) for [Anonymous Symbol]
    buttons_746g_discovery.o(.text.Buttons_Initialize) refers to stm32f7xx_hal_gpio.o(.text.HAL_GPIO_Init) for HAL_GPIO_Init
    buttons_746g_discovery.o(.ARM.exidx.text.Buttons_Initialize) refers to buttons_746g_discovery.o(.text.Buttons_Initialize) for [Anonymous Symbol]
    buttons_746g_discovery.o(.text.Buttons_Uninitialize) refers to stm32f7xx_hal_gpio.o(.text.HAL_GPIO_DeInit) for HAL_GPIO_DeInit
    buttons_746g_discovery.o(.ARM.exidx.text.Buttons_Uninitialize) refers to buttons_746g_discovery.o(.text.Buttons_Uninitialize) for [Anonymous Symbol]
    buttons_746g_discovery.o(.text.Buttons_GetState) refers to stm32f7xx_hal_gpio.o(.text.HAL_GPIO_ReadPin) for HAL_GPIO_ReadPin
    buttons_746g_discovery.o(.ARM.exidx.text.Buttons_GetState) refers to buttons_746g_discovery.o(.text.Buttons_GetState) for [Anonymous Symbol]
    buttons_746g_discovery.o(.ARM.exidx.text.Buttons_GetCount) refers to buttons_746g_discovery.o(.text.Buttons_GetCount) for [Anonymous Symbol]
    led_746g_discovery.o(.text.LED_Initialize) refers to stm32f7xx_hal_gpio.o(.text.HAL_GPIO_Init) for HAL_GPIO_Init
    led_746g_discovery.o(.ARM.exidx.text.LED_Initialize) refers to led_746g_discovery.o(.text.LED_Initialize) for [Anonymous Symbol]
    led_746g_discovery.o(.text.LED_Uninitialize) refers to stm32f7xx_hal_gpio.o(.text.HAL_GPIO_DeInit) for HAL_GPIO_DeInit
[...]
    [Anonymous Symbol]                       0x08001178   Section        0  led_746g_discovery.o(.text.LED_Off)
    [Anonymous Symbol]                       0x080011a0   Section        0  led_746g_discovery.o(.text.LED_On)
    MessageQueueGet                          0x080011c1   Thumb Code    64  rtx_msgqueue.o(.text.MessageQueueGet)
    [Anonymous Symbol]                       0x080011c0   Section        0  rtx_msgqueue.o(.text.MessageQueueGet)
    MessageQueuePut                          0x08001201   Thumb Code    88  rtx_msgqueue.o(.text.MessageQueuePut)
    [Anonymous Symbol]                       0x08001200   Section        0  rtx_msgqueue.o(.text.MessageQueuePut)
    MessageQueueRemove                       0x08001259   Thumb Code    28  rtx_msgqueue.o(.text.MessageQueueRemove)
    [Anonymous Symbol]                       0x08001258   Section        0  rtx_msgqueue.o(.text.MessageQueueRemove)
    [Anonymous Symbol]                       0x08001278   Section        0  os_systick.o(.text.OS_Tick_AcknowledgeIRQ)
    [Anonymous Symbol]                       0x08001288   Section        0  os_systick.o(.text.OS_Tick_Enable)
    [Anonymous Symbol]                       0x080012c0   Section        0  os_systick.o(.text.OS_Tick_GetIRQn)
    [Anonymous Symbol]                       0x080012c8   Section        0  os_systick.o(.text.OS_Tick_Setup)
    OUTLINED_FUNCTION_0                      0x08001311   Thumb Code    12  rtx_kernel.o(.text.OUTLINED_FUNCTION_0)
    [Anonymous Symbol]                       0x08001310   Section        0  rtx_kernel.o(.text.OUTLINED_FUNCTION_0)
    OUTLINED_FUNCTION_0                      0x0800131d   Thumb Code    16  rtx_thread.o(.text.OUTLINED_FUNCTION_0)
    [Anonymous Symbol]                       0x0800131c   Section        0  rtx_thread.o(.text.OUTLINED_FUNCTION_0)
    OUTLINED_FUNCTION_0                      0x0800132d   Thumb Code    12  rtx_msgqueue.o(.text.OUTLINED_FUNCTION_0)
    [Anonymous Symbol]                       0x0800132c   Section        0  rtx_msgqueue.o(.text.OUTLINED_FUNCTION_0)
    OUTLINED_FUNCTION_1                      0x08001339   Thumb Code     6  rtx_kernel.o(.text.OUTLINED_FUNCTION_1)
    [Anonymous Symbol]                       0x08001338   Section        0  rtx_kernel.o(.text.OUTLINED_FUNCTION_1)
    OUTLINED_FUNCTION_1                      0x0800133f   Thumb Code     6  rtx_msgqueue.o(.text.OUTLINED_FUNCTION_1)
    [Anonymous Symbol]                       0x0800133e   Section        0  rtx_msgqueue.o(.text.OUTLINED_FUNCTION_1)
    [Anonymous Symbol]                       0x08001348   Section        0  system_stm32f7xx.o(.text.SystemCoreClockUpdate)
    [Anonymous Symbol]                       0x080013d0   Section        0  system_stm32f7xx.o(.text.SystemInit)
    ThreadFlagsCheck                         0x080013e3   Thumb Code   100  rtx_thread.o(.text.ThreadFlagsCheck)
    [Anonymous Symbol]                       0x080013e2   Section        0  rtx_thread.o(.text.ThreadFlagsCheck)
    TimerInsert                              0x08001449   Thumb Code    68  rtx_timer.o(.text.TimerInsert)
    [Anonymous Symbol]                       0x08001448   Section        0  rtx_timer.o(.text.TimerInsert)
    __tagsym$$used.1                         0x08001490   Number         0  rtx_lib.o(.text._mutex_acquire)
    [Anonymous Symbol]                       0x08001490   Section        0  rtx_lib.o(.text._mutex_acquire)
    __tagsym$$used.3                         0x080014d8   Number         0  rtx_lib.o(.text._mutex_free)
    [Anonymous Symbol]                       0x080014d8   Section        0  rtx_lib.o(.text._mutex_free)
    __tagsym$$used.0                         0x080014e0   Number         0  rtx_lib.o(.text._mutex_initialize)
    [Anonymous Symbol]                       0x080014e0   Section        0  rtx_lib.o(.text._mutex_initialize)
    __tagsym$$used.2                         0x08001500   Number         0  rtx_lib.o(.text._mutex_release)
    [Anonymous Symbol]                       0x08001500   Section        0  rtx_lib.o(.text._mutex_release)
    [Anonymous Symbol]                       0x08001540   Section        0  rtx_lib.o(.text._platform_post_stackheap_init)
    [Anonymous Symbol]                       0x08001548   Section        0  blinky.o(.text.app_main)
    [Anonymous Symbol]                       0x08001580   Section        0  main.o(.text.main)
    [Anonymous Symbol]                       0x0800174c   Section        0  rtx_delay.o(.text.osDelay)
    __arm_cp.0_0                             0x0800176c   Number         4  rtx_delay.o(.text.osDelay)
    [Anonymous Symbol]                       0x08001770   Section        0  rtx_kernel.o(.text.osKernelGetState)
    __arm_cp.5_0                             0x08001798   Number         4  rtx_kernel.o(.text.osKernelGetState)
    [Anonymous Symbol]                       0x0800179c   Section        0  rtx_kernel.o(.text.osKernelGetTickCount)
    __arm_cp.17_0                            0x080017bc   Number         4  rtx_kernel.o(.text.osKernelGetTickCount)
    __arm_cp.17_1                            0x080017c0   Number         4  rtx_kernel.o(.text.osKernelGetTickCount)
    [Anonymous Symbol]                       0x080017c4   Section        0  rtx_kernel.o(.text.osKernelInitialize)
    __arm_cp.2_0                             0x080017ec   Number         4  rtx_kernel.o(.text.osKernelInitialize)
    [Anonymous Symbol]                       0x080017f0   Section        0  rtx_kernel.o(.text.osKernelStart)
    __arm_cp.7_0                             0x08001810   Number         4  rtx_kernel.o(.text.osKernelStart)
    [Anonymous Symbol]                       0x08001814   Section        0  rtx_msgqueue.o(.text.osMessageQueueGet)
    __arm_cp.6_0                             0x08001880   Number         4  rtx_msgqueue.o(.text.osMessageQueueGet)
    [Anonymous Symbol]                       0x08001884   Section        0  rtx_msgqueue.o(.text.osMessageQueuePut)
    __arm_cp.5_0                             0x08001900   Number         4  rtx_msgqueue.o(.text.osMessageQueuePut)
    [Anonymous Symbol]                       0x08001904   Section        0  rtx_mutex.o(.text.osMutexAcquire)
    __arm_cp.5_0                             0x08001924   Number         4  rtx_mutex.o(.text.osMutexAcquire)
    [Anonymous Symbol]                       0x08001928   Section        0  rtx_mutex.o(.text.osMutexDelete)
    __arm_cp.8_0                             0x08001948   Number         4  rtx_mutex.o(.text.osMutexDelete)
    [Anonymous Symbol]                       0x0800194c   Section        0  rtx_mutex.o(.text.osMutexNew)
    __arm_cp.2_0                             0x0800196c   Number         4  rtx_mutex.o(.text.osMutexNew)
    [Anonymous Symbol]                       0x08001970   Section        0  rtx_mutex.o(.text.osMutexRelease)
    __arm_cp.6_0                             0x08001990   Number         4  rtx_mutex.o(.text.osMutexRelease)
    [Anonymous Symbol]                       0x08001998   Section        0  rtx_config.o(.text.osRtxErrorNotify)
    [Anonymous Symbol]                       0x080019a0   Section        0  rtx_config.o(.text.osRtxIdleThread)
    [Anonymous Symbol]                       0x080019a2   Section        0  rtx_kernel.o(.text.osRtxKernelBeforeInit)
    [Anonymous Symbol]                       0x080019a4   Section        0  rtx_kernel.o(.text.osRtxKernelErrorNotify)
    [Anonymous Symbol]                       0x080019a8   Section        0  rtx_memory.o(.text.osRtxMemoryAlloc)
    [Anonymous Symbol]                       0x08001a16   Section        0  rtx_memory.o(.text.osRtxMemoryFree)
    [Anonymous Symbol]                       0x08001a58   Section        0  rtx_memory.o(.text.osRtxMemoryInit)
    [Anonymous Symbol]                       0x08001a8e   Section        0  rtx_mempool.o(.text.osRtxMemoryPoolAlloc)
    [Anonymous Symbol]                       0x08001ac8   Section        0  rtx_mempool.o(.text.osRtxMemoryPoolFree)
    [Anonymous Symbol]                       0x08001b12   Section        0  rtx_mempool.o(.text.osRtxMemoryPoolInit)
    osRtxMessageQueuePostProcess             0x08001b4b   Thumb Code   170  rtx_msgqueue.o(.text.osRtxMessageQueuePostProcess)
    [Anonymous Symbol]                       0x08001b4a   Section        0  rtx_msgqueue.o(.text.osRtxMessageQueuePostProcess)
    [Anonymous Symbol]                       0x08001bf4   Section        0  rtx_msgqueue.o(.text.osRtxMessageQueueTimerSetup)
    __arm_cp.0_0                             0x08001c14   Number         4  rtx_msgqueue.o(.text.osRtxMessageQueueTimerSetup)
    [Anonymous Symbol]                       0x08001c18   Section        0  rtx_mutex.o(.text.osRtxMutexOwnerRelease)
    [Anonymous Symbol]                       0x08001c60   Section        0  rtx_mutex.o(.text.osRtxMutexOwnerRestore)
    [Anonymous Symbol]                       0x08001cac   Section        0  rtx_system.o(.text.osRtxPendSV_Handler)
    __arm_cp.1_0                             0x08001d28   Number         4  rtx_system.o(.text.osRtxPendSV_Handler)
    [Anonymous Symbol]                       0x08001d50   Section        0  rtx_system.o(.text.osRtxPostProcess)
    __arm_cp.2_1                             0x08001dbc   Number         4  rtx_system.o(.text.osRtxPostProcess)
    [Anonymous Symbol]                       0x08001dc0   Section        0  rtx_lib.o(.text.osRtxThreadBeforeFree)
    osRtxThreadBlock                         0x08001df9   Thumb Code    52  rtx_thread.o(.text.osRtxThreadBlock)
    [Anonymous Symbol]                       0x08001df8   Section        0  rtx_thread.o(.text.osRtxThreadBlock)
    osRtxThreadDelayInsert                   0x08001e2d   Thumb Code   124  rtx_thread.o(.text.osRtxThreadDelayInsert)
    [Anonymous Symbol]                       0x08001e2c   Section        0  rtx_thread.o(.text.osRtxThreadDelayInsert)
    [Anonymous Symbol]                       0x08001ea8   Section        0  rtx_thread.o(.text.osRtxThreadDelayRemove)
    [Anonymous Symbol]                       0x08001ee4   Section        0  rtx_thread.o(.text.osRtxThreadDelayTick)
    [Anonymous Symbol]                       0x08001f30   Section        0  rtx_thread.o(.text.osRtxThreadDestroy)
    [Anonymous Symbol]                       0x08001f50   Section        0  rtx_thread.o(.text.osRtxThreadDispatch)
    __arm_cp.9_0                             0x08001fa4   Number         4  rtx_thread.o(.text.osRtxThreadDispatch)
    osRtxThreadFree                          0x08001fa9   Thumb Code    84  rtx_thread.o(.text.osRtxThreadFree)
    [Anonymous Symbol]                       0x08001fa8   Section        0  rtx_thread.o(.text.osRtxThreadFree)
    [Anonymous Symbol]                       0x08001ffc   Section        0  rtx_thread.o(.text.osRtxThreadJoinWakeup)
    [Anonymous Symbol]                       0x0800201a   Section        0  rtx_thread.o(.text.osRtxThreadListGet)
    [Anonymous Symbol]                       0x0800202c   Section        0  rtx_thread.o(.text.osRtxThreadListPut)
    [Anonymous Symbol]                       0x08002058   Section        0  rtx_thread.o(.text.osRtxThreadListRemove)
    [Anonymous Symbol]                       0x0800206c   Section        0  rtx_thread.o(.text.osRtxThreadListSort)
    osRtxThreadPostProcess                   0x08002093   Thumb Code    40  rtx_thread.o(.text.osRtxThreadPostProcess)
    [Anonymous Symbol]                       0x08002092   Section        0  rtx_thread.o(.text.osRtxThreadPostProcess)
    [Anonymous Symbol]                       0x080020bc   Section        0  rtx_thread.o(.text.osRtxThreadReadyPut)
    [Anonymous Symbol]                       0x080020cc   Section        0  rtx_thread.o(.text.osRtxThreadRegPtr)
    [Anonymous Symbol]                       0x080020e0   Section        0  rtx_thread.o(.text.osRtxThreadStartup)
    __arm_cp.18_1                            0x08002110   Number         4  rtx_thread.o(.text.osRtxThreadStartup)
    __arm_cp.18_2                            0x08002114   Number         4  rtx_thread.o(.text.osRtxThreadStartup)
    [Anonymous Symbol]                       0x08002118   Section        0  rtx_thread.o(.text.osRtxThreadSwitch)
    [Anonymous Symbol]                       0x08002134   Section        0  rtx_thread.o(.text.osRtxThreadWaitEnter)
    __arm_cp.12_0                            0x0800216c   Number         4  rtx_thread.o(.text.osRtxThreadWaitEnter)
    [Anonymous Symbol]                       0x08002170   Section        0  rtx_thread.o(.text.osRtxThreadWaitExit)
    [Anonymous Symbol]                       0x080021a4   Section        0  rtx_system.o(.text.osRtxTick_Handler)
    __arm_cp.0_0                             0x08002214   Number         4  rtx_system.o(.text.osRtxTick_Handler)
    [Anonymous Symbol]                       0x08002218   Section        0  rtx_timer.o(.text.osRtxTimerSetup)
    __arm_cp.0_0                             0x08002230   Number         4  rtx_timer.o(.text.osRtxTimerSetup)
    __arm_cp.0_1                             0x08002234   Number         4  rtx_timer.o(.text.osRtxTimerSetup)
    [Anonymous Symbol]                       0x08002238   Section        0  rtx_timer.o(.text.osRtxTimerThread)
    osRtxTimerTick                           0x08002259   Thumb Code   108  rtx_timer.o(.text.osRtxTimerTick)
    [Anonymous Symbol]                       0x08002258   Section        0  rtx_timer.o(.text.osRtxTimerTick)
    __arm_cp.1_0                             0x080022c4   Number         4  rtx_timer.o(.text.osRtxTimerTick)
    osThreadEntry                            0x080022c9   Thumb Code     6  rtx_thread.o(.text.osThreadEntry)
    [Anonymous Symbol]                       0x080022c8   Section        0  rtx_thread.o(.text.osThreadEntry)
    [Anonymous Symbol]                       0x080022d0   Section        0  rtx_thread.o(.text.osThreadExit)
    __arm_cp.40_0                            0x080022d8   Number         4  rtx_thread.o(.text.osThreadExit)
    [Anonymous Symbol]                       0x080022dc   Section        0  rtx_thread.o(.text.osThreadFlagsSet)
    __arm_cp.53_0                            0x08002334   Number         4  rtx_thread.o(.text.osThreadFlagsSet)
    [Anonymous Symbol]                       0x08002338   Section        0  rtx_thread.o(.text.osThreadFlagsWait)
    __arm_cp.56_0                            0x08002360   Number         4  rtx_thread.o(.text.osThreadFlagsWait)
    [Anonymous Symbol]                       0x08002364   Section        0  rtx_thread.o(.text.osThreadNew)
    __arm_cp.20_0                            0x0800238c   Number         4  rtx_thread.o(.text.osThreadNew)
    svcRtxDelay                              0x08002391   Thumb Code    22  rtx_delay.o(.text.svcRtxDelay)
    [Anonymous Symbol]                       0x08002390   Section        0  rtx_delay.o(.text.svcRtxDelay)
    svcRtxKernelGetState                     0x080023a9   Thumb Code     8  rtx_kernel.o(.text.svcRtxKernelGetState)
    [Anonymous Symbol]                       0x080023a8   Section        0  rtx_kernel.o(.text.svcRtxKernelGetState)
    __arm_cp.6_0                             0x080023b0   Number         4  rtx_kernel.o(.text.svcRtxKernelGetState)
    svcRtxKernelGetTickCount                 0x080023b5   Thumb Code     8  rtx_kernel.o(.text.svcRtxKernelGetTickCount)
    [Anonymous Symbol]                       0x080023b4   Section        0  rtx_kernel.o(.text.svcRtxKernelGetTickCount)
    __arm_cp.18_0                            0x080023bc   Number         4  rtx_kernel.o(.text.svcRtxKernelGetTickCount)
    svcRtxKernelInitialize                   0x080023c1   Thumb Code   256  rtx_kernel.o(.text.svcRtxKernelInitialize)
    [Anonymous Symbol]                       0x080023c0   Section        0  rtx_kernel.o(.text.svcRtxKernelInitialize)
    __arm_cp.25_0                            0x080024c0   Number         4  rtx_kernel.o(.text.svcRtxKernelInitialize)
    __arm_cp.25_1                            0x080024c4   Number         4  rtx_kernel.o(.text.svcRtxKernelInitialize)
    __arm_cp.25_2                            0x080024c8   Number         4  rtx_kernel.o(.text.svcRtxKernelInitialize)
    svcRtxKernelStart                        0x080024cd   Thumb Code   104  rtx_kernel.o(.text.svcRtxKernelStart)
    [Anonymous Symbol]                       0x080024cc   Section        0  rtx_kernel.o(.text.svcRtxKernelStart)
    __arm_cp.26_0                            0x08002534   Number         4  rtx_kernel.o(.text.svcRtxKernelStart)
    __arm_cp.26_1                            0x08002538   Number         4  rtx_kernel.o(.text.svcRtxKernelStart)
    __arm_cp.26_2                            0x0800253c   Number         4  rtx_kernel.o(.text.svcRtxKernelStart)
    __arm_cp.26_3                            0x08002540   Number         4  rtx_kernel.o(.text.svcRtxKernelStart)
    svcRtxMessageQueueGet                    0x08002545   Thumb Code   200  rtx_msgqueue.o(.text.svcRtxMessageQueueGet)
    [Anonymous Symbol]                       0x08002544   Section        0  rtx_msgqueue.o(.text.svcRtxMessageQueueGet)
    __arm_cp.22_0                            0x0800260c   Number         4  rtx_msgqueue.o(.text.svcRtxMessageQueueGet)
    svcRtxMessageQueueNew                    0x08002611   Thumb Code   280  rtx_msgqueue.o(.text.svcRtxMessageQueueNew)
    [Anonymous Symbol]                       0x08002610   Section        0  rtx_msgqueue.o(.text.svcRtxMessageQueueNew)
    __arm_cp.1_0                             0x08002728   Number         4  rtx_msgqueue.o(.text.svcRtxMessageQueueNew)
    __arm_cp.1_1                             0x0800272c   Number         4  rtx_msgqueue.o(.text.svcRtxMessageQueueNew)
    svcRtxMessageQueuePut                    0x08002731   Thumb Code   168  rtx_msgqueue.o(.text.svcRtxMessageQueuePut)
    [Anonymous Symbol]                       0x08002730   Section        0  rtx_msgqueue.o(.text.svcRtxMessageQueuePut)
    svcRtxMutexAcquire                       0x080027d9   Thumb Code   140  rtx_mutex.o(.text.svcRtxMutexAcquire)
    [Anonymous Symbol]                       0x080027d8   Section        0  rtx_mutex.o(.text.svcRtxMutexAcquire)
    __arm_cp.10_0                            0x08002864   Number         4  rtx_mutex.o(.text.svcRtxMutexAcquire)
    svcRtxMutexDelete                        0x08002869   Thumb Code   176  rtx_mutex.o(.text.svcRtxMutexDelete)
    [Anonymous Symbol]                       0x08002868   Section        0  rtx_mutex.o(.text.svcRtxMutexDelete)
    svcRtxMutexNew                           0x08002919   Thumb Code   100  rtx_mutex.o(.text.svcRtxMutexNew)
    [Anonymous Symbol]                       0x08002918   Section        0  rtx_mutex.o(.text.svcRtxMutexNew)
    __arm_cp.9_0                             0x0800297c   Number         4  rtx_mutex.o(.text.svcRtxMutexNew)
    svcRtxMutexRelease                       0x08002981   Thumb Code   176  rtx_mutex.o(.text.svcRtxMutexRelease)
    [Anonymous Symbol]                       0x08002980   Section        0  rtx_mutex.o(.text.svcRtxMutexRelease)
    __arm_cp.11_0                            0x08002a30   Number         4  rtx_mutex.o(.text.svcRtxMutexRelease)
    svcRtxThreadExit                         0x08002a35   Thumb Code    72  rtx_thread.o(.text.svcRtxThreadExit)
    [Anonymous Symbol]                       0x08002a34   Section        0  rtx_thread.o(.text.svcRtxThreadExit)
    __arm_cp.71_0                            0x08002a7c   Number         4  rtx_thread.o(.text.svcRtxThreadExit)
    svcRtxThreadFlagsSet                     0x08002a81   Thumb Code   102  rtx_thread.o(.text.svcRtxThreadFlagsSet)
    [Anonymous Symbol]                       0x08002a80   Section        0  rtx_thread.o(.text.svcRtxThreadFlagsSet)
    svcRtxThreadFlagsWait                    0x08002ae9   Thumb Code    72  rtx_thread.o(.text.svcRtxThreadFlagsWait)
    [Anonymous Symbol]                       0x08002ae8   Section        0  rtx_thread.o(.text.svcRtxThreadFlagsWait)
    __arm_cp.82_0                            0x08002b30   Number         4  rtx_thread.o(.text.svcRtxThreadFlagsWait)
    svcRtxThreadNew                          0x08002b35   Thumb Code   484  rtx_thread.o(.text.svcRtxThreadNew)
    [Anonymous Symbol]                       0x08002b34   Section        0  rtx_thread.o(.text.svcRtxThreadNew)
    __arm_cp.19_0                            0x08002d18   Number         4  rtx_thread.o(.text.svcRtxThreadNew)
    __arm_cp.19_1                            0x08002d1c   Number         4  rtx_thread.o(.text.svcRtxThreadNew)
    __arm_cp.19_2                            0x08002d20   Number         4  rtx_thread.o(.text.svcRtxThreadNew)
    __arm_cp.19_3                            0x08002d24   Number         4  rtx_thread.o(.text.svcRtxThreadNew)
    __arm_cp.19_4                            0x08002d28   Number         4  rtx_thread.o(.text.svcRtxThreadNew)
    __arm_cp.19_5                            0x08002d2c   Number         4  rtx_thread.o(.text.svcRtxThreadNew)
    thrBUT                                   0x08002d31   Thumb Code    46  blinky.o(.text.thrBUT)
    [Anonymous Symbol]                       0x08002d30   Section        0  blinky.o(.text.thrBUT)
    [Anonymous Symbol]                       0x08002d60   Section        0  blinky.o(.text.thrLED)
    $v0                                      0x08002d98   Number         0  fpinit.o(x$fpl$fpinit)
    x$fpl$fpinit                             0x08002d98   Section       26  fpinit.o(x$fpl$fpinit)
    __tagsym$$used.4                         0x08002db4   Number         0  rtx_lib.o(.rodata)
    __tagsym$$used.5                         0x08002e24   Number         0  rtx_lib.o(.rodata)
    os_idle_thread_attr                      0x08002e70   Data          36  rtx_lib.o(.rodata.os_idle_thread_attr)
    [Anonymous Symbol]                       0x08002e70   Section        0  rtx_lib.o(.rodata.os_idle_thread_attr)
    os_timer_mq_attr                         0x08002e94   Data          24  rtx_lib.o(.rodata.os_timer_mq_attr)
    [Anonymous Symbol]                       0x08002e94   Section        0  rtx_lib.o(.rodata.os_timer_mq_attr)
    os_timer_thread_attr                     0x08002eac   Data          36  rtx_lib.o(.rodata.os_timer_thread_attr)
    [Anonymous Symbol]                       0x08002eac   Section        0  rtx_lib.o(.rodata.os_timer_thread_attr)
    [Anonymous Symbol]                       0x08002ed0   Section        0  rtx_kernel.o(.rodata.str1.4)
    .L_MergedGlobals                         0x20000000   Data           8  stm32f7xx_hal.o(.data..L_MergedGlobals)
    [Anonymous Symbol]                       0x20000000   Section        0  stm32f7xx_hal.o(.data..L_MergedGlobals)
    .bss                                     0x200000b0   Section       96  libspace.o(.bss)
    .L_MergedGlobals                         0x20000110   Data           8  blinky.o(.bss..L_MergedGlobals)
    tid_thrLED                               0x20000110   Data           4  blinky.o(.bss..L_MergedGlobals)
    [Anonymous Symbol]                       0x20000110   Section        0  blinky.o(.bss..L_MergedGlobals)
    tid_thrBUT                               0x20000114   Data           4  blinky.o(.bss..L_MergedGlobals)
    HAL_GetTick.ticks                        0x20000118   Data           4  main.o(.bss.HAL_GetTick.ticks)
    [Anonymous Symbol]                       0x20000118   Section        0  main.o(.bss.HAL_GetTick.ticks)
    os_isr_queue                             0x20000120   Data          64  rtx_lib.o(.bss.os)
    [Anonymous Symbol]                       0x20000120   Section        0  rtx_lib.o(.bss.os)
    os_mem                                   0x20000160   Data       32768  rtx_lib.o(.bss.os)
    PendST                                   0x20008160   Data           1  os_systick.o(.bss.os)
    [Anonymous Symbol]                       0x20008160   Section        0  os_systick.o(.bss.os)
    os_libspace_id                           0x20008164   Data          16  rtx_lib.o(.bss.os.libspace)
    [Anonymous Symbol]                       0x20008164   Section        0  rtx_lib.o(.bss.os.libspace)
    os_libspace                              0x20008174   Data         480  rtx_lib.o(.bss.os.libspace)
    os_timer_mq_cb                           0x20008354   Data          52  rtx_lib.o(.bss.os.msgqueue.cb)
    [Anonymous Symbol]                       0x20008354   Section        0  rtx_lib.o(.bss.os.msgqueue.cb)
    os_timer_mq_data                         0x20008388   Data          80  rtx_lib.o(.bss.os.msgqueue.mem)
    [Anonymous Symbol]                       0x20008388   Section        0  rtx_lib.o(.bss.os.msgqueue.mem)
    os_idle_thread_cb                        0x200083d8   Data          80  rtx_lib.o(.bss.os.thread.cb)
    [Anonymous Symbol]                       0x200083d8   Section        0  rtx_lib.o(.bss.os.thread.cb)
    os_timer_thread_cb                       0x20008428   Data          80  rtx_lib.o(.bss.os.thread.cb)
    os_idle_thread_stack                     0x20008478   Data         512  rtx_lib.o(.bss.os.thread.idle.stack)
    [Anonymous Symbol]                       0x20008478   Section        0  rtx_lib.o(.bss.os.thread.idle.stack)
    os_timer_thread_stack                    0x20008678   Data         512  rtx_lib.o(.bss.os.thread.timer.stack)
    [Anonymous Symbol]                       0x20008678   Section        0  rtx_lib.o(.bss.os.thread.timer.stack)
    os_kernel_is_active.os_kernel_active     0x20008878   Data           1  rtx_lib.o(.bss.os_kernel_is_active.os_kernel_active)
    [Anonymous Symbol]                       0x20008878   Section        0  rtx_lib.o(.bss.os_kernel_is_active.os_kernel_active)
    Heap_Mem                                 0x20008880   Data         512  startup_stm32f746xx.o(HEAP)
    HEAP                                     0x20008880   Section      512  startup_stm32f746xx.o(HEAP)
    Stack_Mem                                0x20008a80   Data        1024  startup_stm32f746xx.o(STACK)
    STACK                                    0x20008a80   Section     1024  startup_stm32f746xx.o(STACK)
    __initial_sp                             0x20008e80   Data           0  startup_stm32f746xx.o(STACK)
    FPCCR                                    0xe000ef34   Number         0  irq_armv7m.o ABSOLUTE

    Global Symbols

    Symbol Name                              Value     Ov Type        Size  Object(Section)

    BuildAttributes$$THM_ISAv4$E$P$D$K$B$S$7EM$VFPi5$EXTD16$VFPS$VFMA$PE$PLD8$A:L22UL41UL21$X:L11$S22US41US21$IEEE1$IW$~IW$USESV6$~STKCKD$USESV7$WCHAR32$ENUMINT$~SHL$OTIME$ROPI$EBA8$UX$STANDARDLIB$REQ8$PRES8$EABIv2 0x00000000   Number         0  anon$$obj.o ABSOLUTE
    .bss.os.evflags.cb$$Base                  - Undefined Weak Reference
    .bss.os.evflags.cb$$Limit                 - Undefined Weak Reference
    .bss.os.mempool.cb$$Base                  - Undefined Weak Reference
    .bss.os.mempool.cb$$Limit                 - Undefined Weak Reference
    .bss.os.mutex.cb$$Base                    - Undefined Weak Reference
    .bss.os.mutex.cb$$Limit                   - Undefined Weak Reference
    .bss.os.semaphore.cb$$Base                - Undefined Weak Reference
    .bss.os.semaphore.cb$$Limit               - Undefined Weak Reference
    .bss.os.timer.cb$$Base                    - Undefined Weak Reference
    .bss.os.timer.cb$$Limit                   - Undefined Weak Reference
    __ARM_exceptions_init                     - Undefined Weak Reference
    __alloca_initialize                       - Undefined Weak Reference
    __arm_preinit_                            - Undefined Weak Reference
    __arm_relocate_pie_                       - Undefined Weak Reference
    __cpp_initialize__aeabi_                  - Undefined Weak Reference
    __cxa_finalize                            - Undefined Weak Reference
    __rt_locale                               - Undefined Weak Reference
    __sigvec_lookup                           - Undefined Weak Reference
    _atexit_init                              - Undefined Weak Reference
    _call_atexit_fns                          - Undefined Weak Reference
    _clock_init                               - Undefined Weak Reference
    _fp_trap_init                             - Undefined Weak Reference
    _fp_trap_shutdown                         - Undefined Weak Reference
    _get_lc_collate                           - Undefined Weak Reference
    _get_lc_ctype                             - Undefined Weak Reference
    _get_lc_monetary                          - Undefined Weak Reference
    _get_lc_numeric                           - Undefined Weak Reference
    _get_lc_time                              - Undefined Weak Reference
    _getenv_init                              - Undefined Weak Reference
    _handle_redirection                       - Undefined Weak Reference
    _init_alloc                               - Undefined Weak Reference
    _init_user_alloc                          - Undefined Weak Reference
    _initio                                   - Undefined Weak Reference
    _rand_init                                - Undefined Weak Reference
    _signal_finish                            - Undefined Weak Reference
    _signal_init                              - Undefined Weak Reference
    _terminate_alloc                          - Undefined Weak Reference
    _terminate_user_alloc                     - Undefined Weak Reference
    _terminateio                              - Undefined Weak Reference
    __Vectors_Size                           0x000001c8   Number         0  startup_stm32f746xx.o ABSOLUTE
    __Vectors                                0x08000000   Data           4  startup_stm32f746xx.o(RESET)
    __Vectors_End                            0x080001c8   Data           0  startup_stm32f746xx.o(RESET)
    __main                                   0x080001c9   Thumb Code     8  __main.o(!!!main)
    __scatterload                            0x080001d1   Thumb Code     0  __scatter.o(!!!scatter)
    __scatterload_rt2                        0x080001d1   Thumb Code    84  __scatter.o(!!!scatter)
    __scatterload_rt2_thumb_only             0x080001d1   Thumb Code     0  __scatter.o(!!!scatter)
    __scatterload_loop                       0x080001db   Thumb Code     0  __scatter.o(!!!scatter)
    __scatterload_copy                       0x0800022d   Thumb Code    26  __scatter_copy.o(!!handler_copy)
    __scatterload_null                       0x08000249   Thumb Code     2  __scatter.o(!!handler_null)
    __scatterload_zeroinit                   0x0800024d   Thumb Code    28  __scatter_zi.o(!!handler_zi)
    __rt_lib_init                            0x08000269   Thumb Code     0  libinit.o(.ARM.Collect$$libinit$$00000000)
    __rt_lib_init_fp_1                       0x0800026b   Thumb Code     0  libinit2.o(.ARM.Collect$$libinit$$00000001)
    __rt_lib_init_alloca_1                   0x0800026f   Thumb Code     0  libinit2.o(.ARM.Collect$$libinit$$00000030)
    __rt_lib_init_argv_1                     0x0800026f   Thumb Code     0  libinit2.o(.ARM.Collect$$libinit$$0000002E)
    __rt_lib_init_atexit_1                   0x0800026f   Thumb Code     0  libinit2.o(.ARM.Collect$$libinit$$0000001D)
    __rt_lib_init_clock_1                    0x0800026f   Thumb Code     0  libinit2.o(.ARM.Collect$$libinit$$00000023)
    __rt_lib_init_cpp_1                      0x0800026f   Thumb Code     0  libinit2.o(.ARM.Collect$$libinit$$00000034)
    __rt_lib_init_exceptions_1               0x0800026f   Thumb Code     0  libinit2.o(.ARM.Collect$$libinit$$00000032)
    __rt_lib_init_fp_trap_1                  0x0800026f   Thumb Code     0  libinit2.o(.ARM.Collect$$libinit$$00000021)
    __rt_lib_init_getenv_1                   0x0800026f   Thumb Code     0  libinit2.o(.ARM.Collect$$libinit$$00000025)
    __rt_lib_init_heap_1                     0x0800026f   Thumb Code     0  libinit2.o(.ARM.Collect$$libinit$$0000000C)
    __rt_lib_init_lc_collate_1               0x0800026f   Thumb Code     0  libinit2.o(.ARM.Collect$$libinit$$00000013)
    __rt_lib_init_lc_ctype_1                 0x0800026f   Thumb Code     0  libinit2.o(.ARM.Collect$$libinit$$00000015)
    __rt_lib_init_lc_monetary_1              0x0800026f   Thumb Code     0  libinit2.o(.ARM.Collect$$libinit$$00000017)
    __rt_lib_init_lc_numeric_1               0x0800026f   Thumb Code     0  libinit2.o(.ARM.Collect$$libinit$$00000019)
    __rt_lib_init_lc_time_1                  0x0800026f   Thumb Code     0  libinit2.o(.ARM.Collect$$libinit$$0000001B)
    __rt_lib_init_preinit_1                  0x0800026f   Thumb Code     0  libinit2.o(.ARM.Collect$$libinit$$00000006)
    __rt_lib_init_rand_1                     0x0800026f   Thumb Code     0  libinit2.o(.ARM.Collect$$libinit$$00000010)
    __rt_lib_init_relocate_pie_1             0x0800026f   Thumb Code     0  libinit2.o(.ARM.Collect$$libinit$$00000004)
    __rt_lib_init_return                     0x0800026f   Thumb Code     0  libinit2.o(.ARM.Collect$$libinit$$00000035)
    __rt_lib_init_signal_1                   0x0800026f   Thumb Code     0  libinit2.o(.ARM.Collect$$libinit$$0000001F)
    __rt_lib_init_stdio_1                    0x0800026f   Thumb Code     0  libinit2.o(.ARM.Collect$$libinit$$00000027)
    __rt_lib_init_user_alloc_1               0x0800026f   Thumb Code     0  libinit2.o(.ARM.Collect$$libinit$$0000000E)
    __rt_lib_shutdown                        0x08000271   Thumb Code     0  libshutdown.o(.ARM.Collect$$libshutdown$$00000000)
    __rt_lib_shutdown_cpp_1                  0x08000273   Thumb Code     0  libshutdown2.o(.ARM.Collect$$libshutdown$$00000002)
    __rt_lib_shutdown_fp_trap_1              0x08000273   Thumb Code     0  libshutdown2.o(.ARM.Collect$$libshutdown$$00000007)
    __rt_lib_shutdown_heap_1                 0x08000273   Thumb Code     0  libshutdown2.o(.ARM.Collect$$libshutdown$$0000000F)
    __rt_lib_shutdown_return                 0x08000273   Thumb Code     0  libshutdown2.o(.ARM.Collect$$libshutdown$$00000010)
    __rt_lib_shutdown_signal_1               0x08000273   Thumb Code     0  libshutdown2.o(.ARM.Collect$$libshutdown$$0000000A)
    __rt_lib_shutdown_stdio_1                0x08000273   Thumb Code     0  libshutdown2.o(.ARM.Collect$$libshutdown$$00000004)
    __rt_lib_shutdown_user_alloc_1           0x08000273   Thumb Code     0  libshutdown2.o(.ARM.Collect$$libshutdown$$0000000C)
    __rt_entry                               0x08000275   Thumb Code     0  __rtentry.o(.ARM.Collect$$rtentry$$00000000)
    __rt_entry_presh_1                       0x08000275   Thumb Code     0  __rtentry2.o(.ARM.Collect$$rtentry$$00000002)
    __rt_entry_sh                            0x08000275   Thumb Code     0  __rtentry4.o(.ARM.Collect$$rtentry$$00000004)
    __rt_entry_postsh_1                      0x0800027b   Thumb Code     0  __rtentry2.o(.ARM.Collect$$rtentry$$00000008)
    __rt_entry_li                            0x08000283   Thumb Code     0  __rtentry2.o(.ARM.Collect$$rtentry$$0000000A)
    __rt_entry_main                          0x08000287   Thumb Code     0  __rtentry2.o(.ARM.Collect$$rtentry$$0000000D)
    __rt_entry_postli_1                      0x08000287   Thumb Code     0  __rtentry2.o(.ARM.Collect$$rtentry$$0000000C)
    __rt_exit                                0x0800028f   Thumb Code     0  rtexit.o(.ARM.Collect$$rtexit$$00000000)
    __rt_exit_ls                             0x08000291   Thumb Code     0  rtexit2.o(.ARM.Collect$$rtexit$$00000003)
    __rt_exit_prels_1                        0x08000291   Thumb Code     0  rtexit2.o(.ARM.Collect$$rtexit$$00000002)
    __rt_exit_exit                           0x08000295   Thumb Code     0  rtexit2.o(.ARM.Collect$$rtexit$$00000004)
    Reset_Handler                            0x0800029d   Thumb Code     8  startup_stm32f746xx.o(.text)
    NMI_Handler                              0x080002a5   Thumb Code     2  startup_stm32f746xx.o(.text)
    HardFault_Handler                        0x080002a7   Thumb Code     2  startup_stm32f746xx.o(.text)
    MemManage_Handler                        0x080002a9   Thumb Code     2  startup_stm32f746xx.o(.text)
    BusFault_Handler                         0x080002ab   Thumb Code     2  startup_stm32f746xx.o(.text)
    UsageFault_Handler                       0x080002ad   Thumb Code     2  startup_stm32f746xx.o(.text)
    DebugMon_Handler                         0x080002b1   Thumb Code     2  startup_stm32f746xx.o(.text)
    ADC_IRQHandler                           0x080002b7   Thumb Code     0  startup_stm32f746xx.o(.text)
    CAN1_RX0_IRQHandler                      0x080002b7   Thumb Code     0  startup_stm32f746xx.o(.text)
    CAN1_RX1_IRQHandler                      0x080002b7   Thumb Code     0  startup_stm32f746xx.o(.text)
    CAN1_SCE_IRQHandler                      0x080002b7   Thumb Code     0  startup_stm32f746xx.o(.text)
    CAN1_TX_IRQHandler                       0x080002b7   Thumb Code     0  startup_stm32f746xx.o(.text)
    CAN2_RX0_IRQHandler                      0x080002b7   Thumb Code     0  startup_stm32f746xx.o(.text)
    CAN2_RX1_IRQHandler                      0x080002b7   Thumb Code     0  startup_stm32f746xx.o(.text)
    CAN2_SCE_IRQHandler                      0x080002b7   Thumb Code     0  startup_stm32f746xx.o(.text)
    CAN2_TX_IRQHandler                       0x080002b7   Thumb Code     0  startup_stm32f746xx.o(.text)
    CEC_IRQHandler                           0x080002b7   Thumb Code     0  startup_stm32f746xx.o(.text)
    DCMI_IRQHandler                          0x080002b7   Thumb Code     0  startup_stm32f746xx.o(.text)
    DMA1_Stream0_IRQHandler                  0x080002b7   Thumb Code     0  startup_stm32f746xx.o(.text)
    DMA1_Stream1_IRQHandler                  0x080002b7   Thumb Code     0  startup_stm32f746xx.o(.text)
    DMA1_Stream2_IRQHandler                  0x080002b7   Thumb Code     0  startup_stm32f746xx.o(.text)
    DMA1_Stream3_IRQHandler                  0x080002b7   Thumb Code     0  startup_stm32f746xx.o(.text)
    DMA1_Stream4_IRQHandler                  0x080002b7   Thumb Code     0  startup_stm32f746xx.o(.text)
    DMA1_Stream5_IRQHandler                  0x080002b7   Thumb Code     0  startup_stm32f746xx.o(.text)
    DMA1_Stream6_IRQHandler                  0x080002b7   Thumb Code     0  startup_stm32f746xx.o(.text)
    DMA1_Stream7_IRQHandler                  0x080002b7   Thumb Code     0  startup_stm32f746xx.o(.text)
    DMA2D_IRQHandler                         0x080002b7   Thumb Code     0  startup_stm32f746xx.o(.text)
    DMA2_Stream0_IRQHandler                  0x080002b7   Thumb Code     0  startup_stm32f746xx.o(.text)
    DMA2_Stream1_IRQHandler                  0x080002b7   Thumb Code     0  startup_stm32f746xx.o(.text)
    DMA2_Stream2_IRQHandler                  0x080002b7   Thumb Code     0  startup_stm32f746xx.o(.text)
    DMA2_Stream3_IRQHandler                  0x080002b7   Thumb Code     0  startup_stm32f746xx.o(.text)
    DMA2_Stream4_IRQHandler                  0x080002b7   Thumb Code     0  startup_stm32f746xx.o(.text)
    DMA2_Stream5_IRQHandler                  0x080002b7   Thumb Code     0  startup_stm32f746xx.o(.text)
    DMA2_Stream6_IRQHandler                  0x080002b7   Thumb Code     0  startup_stm32f746xx.o(.text)
    DMA2_Stream7_IRQHandler                  0x080002b7   Thumb Code     0  startup_stm32f746xx.o(.text)
    ETH_IRQHandler                           0x080002b7   Thumb Code     0  startup_stm32f746xx.o(.text)
    ETH_WKUP_IRQHandler                      0x080002b7   Thumb Code     0  startup_stm32f746xx.o(.text)
    EXTI0_IRQHandler                         0x080002b7   Thumb Code     0  startup_stm32f746xx.o(.text)
    EXTI15_10_IRQHandler                     0x080002b7   Thumb Code     0  startup_stm32f746xx.o(.text)
    EXTI1_IRQHandler                         0x080002b7   Thumb Code     0  startup_stm32f746xx.o(.text)
    EXTI2_IRQHandler                         0x080002b7   Thumb Code     0  startup_stm32f746xx.o(.text)
    EXTI3_IRQHandler                         0x080002b7   Thumb Code     0  startup_stm32f746xx.o(.text)
    EXTI4_IRQHandler                         0x080002b7   Thumb Code     0  startup_stm32f746xx.o(.text)
    EXTI9_5_IRQHandler                       0x080002b7   Thumb Code     0  startup_stm32f746xx.o(.text)
    FLASH_IRQHandler                         0x080002b7   Thumb Code     0  startup_stm32f746xx.o(.text)
    FMC_IRQHandler                           0x080002b7   Thumb Code     0  startup_stm32f746xx.o(.text)
    FPU_IRQHandler                           0x080002b7   Thumb Code     0  startup_stm32f746xx.o(.text)
    I2C1_ER_IRQHandler                       0x080002b7   Thumb Code     0  startup_stm32f746xx.o(.text)
    I2C1_EV_IRQHandler                       0x080002b7   Thumb Code     0  startup_stm32f746xx.o(.text)
    I2C2_ER_IRQHandler                       0x080002b7   Thumb Code     0  startup_stm32f746xx.o(.text)
    I2C2_EV_IRQHandler                       0x080002b7   Thumb Code     0  startup_stm32f746xx.o(.text)
    I2C3_ER_IRQHandler                       0x080002b7   Thumb Code     0  startup_stm32f746xx.o(.text)
    I2C3_EV_IRQHandler                       0x080002b7   Thumb Code     0  startup_stm32f746xx.o(.text)
    I2C4_ER_IRQHandler                       0x080002b7   Thumb Code     0  startup_stm32f746xx.o(.text)
    I2C4_EV_IRQHandler                       0x080002b7   Thumb Code     0  startup_stm32f746xx.o(.text)
    LPTIM1_IRQHandler                        0x080002b7   Thumb Code     0  startup_stm32f746xx.o(.text)
    LTDC_ER_IRQHandler                       0x080002b7   Thumb Code     0  startup_stm32f746xx.o(.text)
    LTDC_IRQHandler                          0x080002b7   Thumb Code     0  startup_stm32f746xx.o(.text)
    OTG_FS_IRQHandler                        0x080002b7   Thumb Code     0  startup_stm32f746xx.o(.text)
    OTG_FS_WKUP_IRQHandler                   0x080002b7   Thumb Code     0  startup_stm32f746xx.o(.text)
    OTG_HS_EP1_IN_IRQHandler                 0x080002b7   Thumb Code     0  startup_stm32f746xx.o(.text)
    OTG_HS_EP1_OUT_IRQHandler                0x080002b7   Thumb Code     0  startup_stm32f746xx.o(.text)
    OTG_HS_IRQHandler                        0x080002b7   Thumb Code     0  startup_stm32f746xx.o(.text)
    OTG_HS_WKUP_IRQHandler                   0x080002b7   Thumb Code     0  startup_stm32f746xx.o(.text)
    PVD_IRQHandler                           0x080002b7   Thumb Code     0  startup_stm32f746xx.o(.text)
    QUADSPI_IRQHandler                       0x080002b7   Thumb Code     0  startup_stm32f746xx.o(.text)
    RCC_IRQHandler                           0x080002b7   Thumb Code     0  startup_stm32f746xx.o(.text)
    RNG_IRQHandler                           0x080002b7   Thumb Code     0  startup_stm32f746xx.o(.text)
    RTC_Alarm_IRQHandler                     0x080002b7   Thumb Code     0  startup_stm32f746xx.o(.text)
    RTC_WKUP_IRQHandler                      0x080002b7   Thumb Code     0  startup_stm32f746xx.o(.text)
    SAI1_IRQHandler                          0x080002b7   Thumb Code     0  startup_stm32f746xx.o(.text)
    SAI2_IRQHandler                          0x080002b7   Thumb Code     0  startup_stm32f746xx.o(.text)
    SDMMC1_IRQHandler                        0x080002b7   Thumb Code     0  startup_stm32f746xx.o(.text)
    SPDIF_RX_IRQHandler                      0x080002b7   Thumb Code     0  startup_stm32f746xx.o(.text)
    SPI1_IRQHandler                          0x080002b7   Thumb Code     0  startup_stm32f746xx.o(.text)
    SPI2_IRQHandler                          0x080002b7   Thumb Code     0  startup_stm32f746xx.o(.text)
    SPI3_IRQHandler                          0x080002b7   Thumb Code     0  startup_stm32f746xx.o(.text)
    SPI4_IRQHandler                          0x080002b7   Thumb Code     0  startup_stm32f746xx.o(.text)
    SPI5_IRQHandler                          0x080002b7   Thumb Code     0  startup_stm32f746xx.o(.text)
    SPI6_IRQHandler                          0x080002b7   Thumb Code     0  startup_stm32f746xx.o(.text)
    TAMP_STAMP_IRQHandler                    0x080002b7   Thumb Code     0  startup_stm32f746xx.o(.text)
    TIM1_BRK_TIM9_IRQHandler                 0x080002b7   Thumb Code     0  startup_stm32f746xx.o(.text)
    TIM1_CC_IRQHandler                       0x080002b7   Thumb Code     0  startup_stm32f746xx.o(.text)
    TIM1_TRG_COM_TIM11_IRQHandler            0x080002b7   Thumb Code     0  startup_stm32f746xx.o(.text)
    TIM1_UP_TIM10_IRQHandler                 0x080002b7   Thumb Code     0  startup_stm32f746xx.o(.text)
    TIM2_IRQHandler                          0x080002b7   Thumb Code     0  startup_stm32f746xx.o(.text)
    TIM3_IRQHandler                          0x080002b7   Thumb Code     0  startup_stm32f746xx.o(.text)
    TIM4_IRQHandler                          0x080002b7   Thumb Code     0  startup_stm32f746xx.o(.text)
    TIM5_IRQHandler                          0x080002b7   Thumb Code     0  startup_stm32f746xx.o(.text)
    TIM6_DAC_IRQHandler                      0x080002b7   Thumb Code     0  startup_stm32f746xx.o(.text)
    TIM7_IRQHandler                          0x080002b7   Thumb Code     0  startup_stm32f746xx.o(.text)
    TIM8_BRK_TIM12_IRQHandler                0x080002b7   Thumb Code     0  startup_stm32f746xx.o(.text)
    TIM8_CC_IRQHandler                       0x080002b7   Thumb Code     0  startup_stm32f746xx.o(.text)
    TIM8_TRG_COM_TIM14_IRQHandler            0x080002b7   Thumb Code     0  startup_stm32f746xx.o(.text)
    TIM8_UP_TIM13_IRQHandler                 0x080002b7   Thumb Code     0  startup_stm32f746xx.o(.text)
    UART4_IRQHandler                         0x080002b7   Thumb Code     0  startup_stm32f746xx.o(.text)
    UART5_IRQHandler                         0x080002b7   Thumb Code     0  startup_stm32f746xx.o(.text)
    UART7_IRQHandler                         0x080002b7   Thumb Code     0  startup_stm32f746xx.o(.text)
    UART8_IRQHandler                         0x080002b7   Thumb Code     0  startup_stm32f746xx.o(.text)
    USART1_IRQHandler                        0x080002b7   Thumb Code     0  startup_stm32f746xx.o(.text)
    USART2_IRQHandler                        0x080002b7   Thumb Code     0  startup_stm32f746xx.o(.text)
    USART3_IRQHandler                        0x080002b7   Thumb Code     0  startup_stm32f746xx.o(.text)
    USART6_IRQHandler                        0x080002b7   Thumb Code     0  startup_stm32f746xx.o(.text)
    WWDG_IRQHandler                          0x080002b7   Thumb Code     0  startup_stm32f746xx.o(.text)
    __user_initial_stackheap                 0x080002b9   Thumb Code     0  startup_stm32f746xx.o(.text)
    SVC_Handler                              0x080002dd   Thumb Code   152  irq_armv7m.o(.text)
    PendSV_Handler                           0x08000375   Thumb Code    16  irq_armv7m.o(.text)
    SysTick_Handler                          0x08000385   Thumb Code    16  irq_armv7m.o(.text)
    __aeabi_uldivmod                         0x080003a1   Thumb Code     0  lludivv7m.o(.text)
    _ll_udiv                                 0x080003a1   Thumb Code   240  lludivv7m.o(.text)
    __aeabi_memcpy                           0x08000491   Thumb Code     0  rt_memcpy_v6.o(.text)
    __rt_memcpy                              0x08000491   Thumb Code   138  rt_memcpy_v6.o(.text)
    _memcpy_lastbytes                        0x080004f7   Thumb Code     0  rt_memcpy_v6.o(.text)
    __aeabi_memclr                           0x0800051b   Thumb Code     0  rt_memclr.o(.text)
    __rt_memclr                              0x0800051b   Thumb Code     0  rt_memclr.o(.text)
    _memset                                  0x0800051f   Thumb Code    64  rt_memclr.o(.text)
    __aeabi_memclr4                          0x0800055f   Thumb Code     0  rt_memclr_w.o(.text)
    __aeabi_memclr8                          0x0800055f   Thumb Code     0  rt_memclr_w.o(.text)
    __rt_memclr_w                            0x0800055f   Thumb Code     0  rt_memclr_w.o(.text)
    _memset_w                                0x08000563   Thumb Code    74  rt_memclr_w.o(.text)
    __use_two_region_memory                  0x080005ad   Thumb Code     2  heapauxi.o(.text)
    __rt_heap_escrow$2region                 0x080005af   Thumb Code     2  heapauxi.o(.text)
    __rt_heap_expand$2region                 0x080005b1   Thumb Code     2  heapauxi.o(.text)
    __aeabi_memcpy4                          0x080005b3   Thumb Code     0  rt_memcpy_w.o(.text)
    __aeabi_memcpy8                          0x080005b3   Thumb Code     0  rt_memcpy_w.o(.text)
    __rt_memcpy_w                            0x080005b3   Thumb Code   100  rt_memcpy_w.o(.text)
    _memcpy_lastbytes_aligned                0x080005fb   Thumb Code     0  rt_memcpy_w.o(.text)
    __user_setup_stackheap                   0x08000617   Thumb Code    74  sys_stackheap_outer.o(.text)
    exit                                     0x08000661   Thumb Code    18  exit.o(.text)
    __user_libspace                          0x08000675   Thumb Code     8  libspace.o(.text)
    __user_perproc_libspace                  0x08000675   Thumb Code     0  libspace.o(.text)
    _sys_exit                                0x0800067d   Thumb Code     8  sys_exit.o(.text)
    __I$use$semihosting                      0x08000689   Thumb Code     0  use_no_semi.o(.text)
    __use_no_semihosting_swi                 0x08000689   Thumb Code     2  use_no_semi.o(.text)
    __semihosting_library_function           0x0800068b   Thumb Code     0  indicate_semi.o(.text)
    _fp_init                                 0x08000691   Thumb Code    22  rtx_lib.o(.text.$Sub$$_fp_init)
    Buttons_GetState                         0x080006a9   Thumb Code    28  buttons_746g_discovery.o(.text.Buttons_GetState)
    Buttons_Initialize                       0x080006c9   Thumb Code    62  buttons_746g_discovery.o(.text.Buttons_Initialize)
    HAL_GPIO_Init                            0x08000709   Thumb Code   426  stm32f7xx_hal_gpio.o(.text.HAL_GPIO_Init)
    HAL_GPIO_ReadPin                         0x080008b9   Thumb Code    10  stm32f7xx_hal_gpio.o(.text.HAL_GPIO_ReadPin)
    HAL_GPIO_WritePin                        0x080008c9   Thumb Code    10  stm32f7xx_hal_gpio.o(.text.HAL_GPIO_WritePin)
    HAL_GetTick                              0x080008d9   Thumb Code   268  main.o(.text.HAL_GetTick)
    HAL_Init                                 0x080009e9   Thumb Code    46  stm32f7xx_hal.o(.text.HAL_Init)
    HAL_InitTick                             0x08000a19   Thumb Code     4  main.o(.text.HAL_InitTick)
    HAL_MPU_ConfigRegion                     0x08000a21   Thumb Code    96  stm32f7xx_hal_cortex.o(.text.HAL_MPU_ConfigRegion)
    HAL_MPU_Disable                          0x08000a81   Thumb Code    26  stm32f7xx_hal_cortex.o(.text.HAL_MPU_Disable)
    HAL_MPU_Enable                           0x08000aa1   Thumb Code    32  stm32f7xx_hal_cortex.o(.text.HAL_MPU_Enable)
    HAL_MspInit                              0x08000ac1   Thumb Code     2  stm32f7xx_hal.o(.text.HAL_MspInit)
    HAL_NVIC_SetPriorityGrouping             0x08000ac9   Thumb Code    32  stm32f7xx_hal_cortex.o(.text.HAL_NVIC_SetPriorityGrouping)
    HAL_PWREx_EnableOverDrive                0x08000ae9   Thumb Code   118  stm32f7xx_hal_pwr_ex.o(.text.HAL_PWREx_EnableOverDrive)
    HAL_RCC_ClockConfig                      0x08000b61   Thumb Code   494  stm32f7xx_hal_rcc.o(.text.HAL_RCC_ClockConfig)
    HAL_RCC_OscConfig                        0x08000d51   Thumb Code   972  stm32f7xx_hal_rcc.o(.text.HAL_RCC_OscConfig)
    LED_Initialize                           0x08001139   Thumb Code    64  led_746g_discovery.o(.text.LED_Initialize)
    LED_Off                                  0x08001179   Thumb Code    34  led_746g_discovery.o(.text.LED_Off)
    LED_On                                   0x080011a1   Thumb Code    32  led_746g_discovery.o(.text.LED_On)
    OS_Tick_AcknowledgeIRQ                   0x08001279   Thumb Code    12  os_systick.o(.text.OS_Tick_AcknowledgeIRQ)
    OS_Tick_Enable                           0x08001289   Thumb Code    50  os_systick.o(.text.OS_Tick_Enable)
    OS_Tick_GetIRQn                          0x080012c1   Thumb Code     6  os_systick.o(.text.OS_Tick_GetIRQn)
    OS_Tick_Setup                            0x080012c9   Thumb Code    72  os_systick.o(.text.OS_Tick_Setup)
    SystemCoreClockUpdate                    0x08001349   Thumb Code   130  system_stm32f7xx.o(.text.SystemCoreClockUpdate)
    SystemInit                               0x080013d1   Thumb Code    18  system_stm32f7xx.o(.text.SystemInit)
    _mutex_acquire                           0x08001491   Thumb Code    66  rtx_lib.o(.text._mutex_acquire)
    _mutex_free                              0x080014d9   Thumb Code     6  rtx_lib.o(.text._mutex_free)
    _mutex_initialize                        0x080014e1   Thumb Code    32  rtx_lib.o(.text._mutex_initialize)
    _mutex_release                           0x08001501   Thumb Code    58  rtx_lib.o(.text._mutex_release)
    _platform_post_stackheap_init            0x08001541   Thumb Code     4  rtx_lib.o(.text._platform_post_stackheap_init)
    app_main                                 0x08001549   Thumb Code    56  blinky.o(.text.app_main)
    main                                     0x08001581   Thumb Code   458  main.o(.text.main)
    osDelay                                  0x0800174d   Thumb Code    32  rtx_delay.o(.text.osDelay)
    osKernelGetState                         0x08001771   Thumb Code    40  rtx_kernel.o(.text.osKernelGetState)
    osKernelGetTickCount                     0x0800179d   Thumb Code    32  rtx_kernel.o(.text.osKernelGetTickCount)
    osKernelInitialize                       0x080017c5   Thumb Code    40  rtx_kernel.o(.text.osKernelInitialize)
    osKernelStart                            0x080017f1   Thumb Code    32  rtx_kernel.o(.text.osKernelStart)
    osMessageQueueGet                        0x08001815   Thumb Code   108  rtx_msgqueue.o(.text.osMessageQueueGet)
    osMessageQueuePut                        0x08001885   Thumb Code   124  rtx_msgqueue.o(.text.osMessageQueuePut)
    osMutexAcquire                           0x08001905   Thumb Code    32  rtx_mutex.o(.text.osMutexAcquire)
    osMutexDelete                            0x08001929   Thumb Code    32  rtx_mutex.o(.text.osMutexDelete)
    osMutexNew                               0x0800194d   Thumb Code    32  rtx_mutex.o(.text.osMutexNew)
    osMutexRelease                           0x08001971   Thumb Code    32  rtx_mutex.o(.text.osMutexRelease)
    osRtxErrorNotify                         0x08001999   Thumb Code     2  rtx_config.o(.text.osRtxErrorNotify)
    osRtxIdleThread                          0x080019a1   Thumb Code     2  rtx_config.o(.text.osRtxIdleThread)
    osRtxKernelBeforeInit                    0x080019a3   Thumb Code     2  rtx_kernel.o(.text.osRtxKernelBeforeInit)
    osRtxKernelErrorNotify                   0x080019a5   Thumb Code     4  rtx_kernel.o(.text.osRtxKernelErrorNotify)
    osRtxMemoryAlloc                         0x080019a9   Thumb Code   110  rtx_memory.o(.text.osRtxMemoryAlloc)
    osRtxMemoryFree                          0x08001a17   Thumb Code    66  rtx_memory.o(.text.osRtxMemoryFree)
    osRtxMemoryInit                          0x08001a59   Thumb Code    54  rtx_memory.o(.text.osRtxMemoryInit)
    osRtxMemoryPoolAlloc                     0x08001a8f   Thumb Code    58  rtx_mempool.o(.text.osRtxMemoryPoolAlloc)
    osRtxMemoryPoolFree                      0x08001ac9   Thumb Code    74  rtx_mempool.o(.text.osRtxMemoryPoolFree)
    osRtxMemoryPoolInit                      0x08001b13   Thumb Code    56  rtx_mempool.o(.text.osRtxMemoryPoolInit)
    osRtxMessageQueueTimerSetup              0x08001bf5   Thumb Code    32  rtx_msgqueue.o(.text.osRtxMessageQueueTimerSetup)
    osRtxMutexOwnerRelease                   0x08001c19   Thumb Code    72  rtx_mutex.o(.text.osRtxMutexOwnerRelease)
    osRtxMutexOwnerRestore                   0x08001c61   Thumb Code    74  rtx_mutex.o(.text.osRtxMutexOwnerRestore)
    osRtxPendSV_Handler                      0x08001cad   Thumb Code   124  rtx_system.o(.text.osRtxPendSV_Handler)
    osRtxPostProcess                         0x08001d51   Thumb Code   108  rtx_system.o(.text.osRtxPostProcess)
    osRtxThreadBeforeFree                    0x08001dc1   Thumb Code    56  rtx_lib.o(.text.osRtxThreadBeforeFree)
    osRtxThreadDelayRemove                   0x08001ea9   Thumb Code    60  rtx_thread.o(.text.osRtxThreadDelayRemove)
    osRtxThreadDelayTick                     0x08001ee5   Thumb Code    76  rtx_thread.o(.text.osRtxThreadDelayTick)
    osRtxThreadDestroy                       0x08001f31   Thumb Code    32  rtx_thread.o(.text.osRtxThreadDestroy)
    osRtxThreadDispatch                      0x08001f51   Thumb Code    84  rtx_thread.o(.text.osRtxThreadDispatch)
    osRtxThreadJoinWakeup                    0x08001ffd   Thumb Code    30  rtx_thread.o(.text.osRtxThreadJoinWakeup)
    osRtxThreadListGet                       0x0800201b   Thumb Code    18  rtx_thread.o(.text.osRtxThreadListGet)
    osRtxThreadListPut                       0x0800202d   Thumb Code    44  rtx_thread.o(.text.osRtxThreadListPut)
    osRtxThreadListRemove                    0x08002059   Thumb Code    20  rtx_thread.o(.text.osRtxThreadListRemove)
    osRtxThreadListSort                      0x0800206d   Thumb Code    38  rtx_thread.o(.text.osRtxThreadListSort)
    osRtxThreadReadyPut                      0x080020bd   Thumb Code    16  rtx_thread.o(.text.osRtxThreadReadyPut)
    osRtxThreadRegPtr                        0x080020cd   Thumb Code    20  rtx_thread.o(.text.osRtxThreadRegPtr)
    osRtxThreadStartup                       0x080020e1   Thumb Code    48  rtx_thread.o(.text.osRtxThreadStartup)
    osRtxThreadSwitch                        0x08002119   Thumb Code    28  rtx_thread.o(.text.osRtxThreadSwitch)
    osRtxThreadWaitEnter                     0x08002135   Thumb Code    56  rtx_thread.o(.text.osRtxThreadWaitEnter)
    osRtxThreadWaitExit                      0x08002171   Thumb Code    50  rtx_thread.o(.text.osRtxThreadWaitExit)
    osRtxTick_Handler                        0x080021a5   Thumb Code   112  rtx_system.o(.text.osRtxTick_Handler)
    osRtxTimerSetup                          0x08002219   Thumb Code    24  rtx_timer.o(.text.osRtxTimerSetup)
    osRtxTimerThread                         0x08002239   Thumb Code    32  rtx_timer.o(.text.osRtxTimerThread)
    osThreadExit                             0x080022d1   Thumb Code     8  rtx_thread.o(.text.osThreadExit)
    osThreadFlagsSet                         0x080022dd   Thumb Code    88  rtx_thread.o(.text.osThreadFlagsSet)
    osThreadFlagsWait                        0x08002339   Thumb Code    40  rtx_thread.o(.text.osThreadFlagsWait)
    osThreadNew                              0x08002365   Thumb Code    40  rtx_thread.o(.text.osThreadNew)
    thrLED                                   0x08002d61   Thumb Code    56  blinky.o(.text.thrLED)
    $Super$$_fp_init                         0x08002d99   Thumb Code    26  fpinit.o(x$fpl$fpinit)
    __fplib_config_fpu_vfp                   0x08002db1   Thumb Code     0  fpinit.o(x$fpl$fpinit)
    __fplib_config_pureend_doubles           0x08002db1   Thumb Code     0  fpinit.o(x$fpl$fpinit)
    osRtxConfig                              0x08002db4   Data         112  rtx_lib.o(.rodata)
    os_cb_sections                           0x08002e24   Data          56  rtx_lib.o(.rodata)
    AHBPrescTable                            0x08002e5c   Data          16  system_stm32f7xx.o(.rodata.AHBPrescTable)
    osRtxUserSVC                             0x08002e6c   Data           4  rtx_lib.o(.rodata.osRtxUserSVC)
    Region$$Table$$Base                      0x08002edc   Number         0  anon$$obj.o(Region$$Table)
    Region$$Table$$Limit                     0x08002efc   Number         0  anon$$obj.o(Region$$Table)
    uwTickPrio                               0x20000000   Data           4  stm32f7xx_hal.o(.data..L_MergedGlobals)
    uwTickFreq                               0x20000004   Data           4  stm32f7xx_hal.o(.data..L_MergedGlobals)
    SystemCoreClock                          0x20000008   Data           4  system_stm32f7xx.o(.data.SystemCoreClock)
    osRtxInfo                                0x2000000c   Data         164  rtx_kernel.o(.data.os)
    __libspace_start                         0x200000b0   Data          96  libspace.o(.bss)
    __temporary_stack_top$libspace           0x20000110   Data           0  libspace.o(.bss)
    .bss.os.msgqueue.cb$$Base                0x20008354   Number         0  rtx_lib.o(.bss.os.msgqueue.cb)
    .bss.os.msgqueue.cb$$Limit               0x20008388   Number         0  rtx_lib.o(.bss.os.msgqueue.cb)
    .bss.os.thread.cb$$Base                  0x200083d8   Number         0  rtx_lib.o(.bss.os.thread.cb)
    .bss.os.thread.cb$$Limit                 0x20008478   Number         0  rtx_lib.o(.bss.os.thread.cb)



==============================================================================

Memory Map of the image

  Image Entry point : 0x080001c9

  Load Region LR_IROM1 (Base: 0x08000000, Size: 0x00002fb0, Max: 0x00100000, ABSOLUTE)

    Execution Region ER_IROM1 (Exec base: 0x08000000, Load base: 0x08000000, Size: 0x00002efc, Max: 0x00100000, ABSOLUTE)

    Exec Addr    Load Addr    Size         Type   Attr      Idx    E Section Name        Object

    0x08000000   0x08000000   0x000001c8   Data   RO          419    RESET               startup_stm32f746xx.o
    0x080001c8   0x080001c8   0x00000008   Code   RO         1334  * !!!main             c_wu.l(__main.o)
    0x080001d0   0x080001d0   0x0000005c   Code   RO         1509    !!!scatter          c_wu.l(__scatter.o)
    0x0800022c   0x0800022c   0x0000001a   Code   RO         1513    !!handler_copy      c_wu.l(__scatter_copy.o)
    0x08000246   0x08000246   0x00000002   PAD
    0x08000248   0x08000248   0x00000002   Code   RO         1510    !!handler_null      c_wu.l(__scatter.o)
    0x0800024a   0x0800024a   0x00000002   PAD
    0x0800024c   0x0800024c   0x0000001c   Code   RO         1515    !!handler_zi        c_wu.l(__scatter_zi.o)
    0x08000268   0x08000268   0x00000002   Code   RO         1373    .ARM.Collect$$libinit$$00000000  c_wu.l(libinit.o)
    0x0800026a   0x0800026a   0x00000004   Code   RO         1385    .ARM.Collect$$libinit$$00000001  c_wu.l(libinit2.o)
    0x0800026e   0x0800026e   0x00000000   Code   RO         1388    .ARM.Collect$$libinit$$00000004  c_wu.l(libinit2.o)
    0x0800026e   0x0800026e   0x00000000   Code   RO         1390    .ARM.Collect$$libinit$$00000006  c_wu.l(libinit2.o)
    0x0800026e   0x0800026e   0x00000000   Code   RO         1393    .ARM.Collect$$libinit$$0000000C  c_wu.l(libinit2.o)
    0x0800026e   0x0800026e   0x00000000   Code   RO         1395    .ARM.Collect$$libinit$$0000000E  c_wu.l(libinit2.o)
    0x0800026e   0x0800026e   0x00000000   Code   RO         1397    .ARM.Collect$$libinit$$00000010  c_wu.l(libinit2.o)
    0x0800026e   0x0800026e   0x00000000   Code   RO         1400    .ARM.Collect$$libinit$$00000013  c_wu.l(libinit2.o)
    0x0800026e   0x0800026e   0x00000000   Code   RO         1402    .ARM.Collect$$libinit$$00000015  c_wu.l(libinit2.o)
    0x0800026e   0x0800026e   0x00000000   Code   RO         1404    .ARM.Collect$$libinit$$00000017  c_wu.l(libinit2.o)
    0x0800026e   0x0800026e   0x00000000   Code   RO         1406    .ARM.Collect$$libinit$$00000019  c_wu.l(libinit2.o)
    0x0800026e   0x0800026e   0x00000000   Code   RO         1408    .ARM.Collect$$libinit$$0000001B  c_wu.l(libinit2.o)
    0x0800026e   0x0800026e   0x00000000   Code   RO         1410    .ARM.Collect$$libinit$$0000001D  c_wu.l(libinit2.o)
    0x0800026e   0x0800026e   0x00000000   Code   RO         1412    .ARM.Collect$$libinit$$0000001F  c_wu.l(libinit2.o)
    0x0800026e   0x0800026e   0x00000000   Code   RO         1414    .ARM.Collect$$libinit$$00000021  c_wu.l(libinit2.o)
    0x0800026e   0x0800026e   0x00000000   Code   RO         1416    .ARM.Collect$$libinit$$00000023  c_wu.l(libinit2.o)
    0x0800026e   0x0800026e   0x00000000   Code   RO         1418    .ARM.Collect$$libinit$$00000025  c_wu.l(libinit2.o)
    0x0800026e   0x0800026e   0x00000000   Code   RO         1420    .ARM.Collect$$libinit$$00000027  c_wu.l(libinit2.o)
    0x0800026e   0x0800026e   0x00000000   Code   RO         1424    .ARM.Collect$$libinit$$0000002E  c_wu.l(libinit2.o)
    0x0800026e   0x0800026e   0x00000000   Code   RO         1426    .ARM.Collect$$libinit$$00000030  c_wu.l(libinit2.o)
    0x0800026e   0x0800026e   0x00000000   Code   RO         1428    .ARM.Collect$$libinit$$00000032  c_wu.l(libinit2.o)
    0x0800026e   0x0800026e   0x00000000   Code   RO         1430    .ARM.Collect$$libinit$$00000034  c_wu.l(libinit2.o)
    0x0800026e   0x0800026e   0x00000002   Code   RO         1431    .ARM.Collect$$libinit$$00000035  c_wu.l(libinit2.o)
    0x08000270   0x08000270   0x00000002   Code   RO         1464    .ARM.Collect$$libshutdown$$00000000  c_wu.l(libshutdown.o)
    0x08000272   0x08000272   0x00000000   Code   RO         1492    .ARM.Collect$$libshutdown$$00000002  c_wu.l(libshutdown2.o)
    0x08000272   0x08000272   0x00000000   Code   RO         1494    .ARM.Collect$$libshutdown$$00000004  c_wu.l(libshutdown2.o)
    0x08000272   0x08000272   0x00000000   Code   RO         1497    .ARM.Collect$$libshutdown$$00000007  c_wu.l(libshutdown2.o)
    0x08000272   0x08000272   0x00000000   Code   RO         1500    .ARM.Collect$$libshutdown$$0000000A  c_wu.l(libshutdown2.o)
    0x08000272   0x08000272   0x00000000   Code   RO         1502    .ARM.Collect$$libshutdown$$0000000C  c_wu.l(libshutdown2.o)
    0x08000272   0x08000272   0x00000000   Code   RO         1505    .ARM.Collect$$libshutdown$$0000000F  c_wu.l(libshutdown2.o)
    0x08000272   0x08000272   0x00000002   Code   RO         1506    .ARM.Collect$$libshutdown$$00000010  c_wu.l(libshutdown2.o)
    0x08000274   0x08000274   0x00000000   Code   RO         1338    .ARM.Collect$$rtentry$$00000000  c_wu.l(__rtentry.o)
    0x08000274   0x08000274   0x00000000   Code   RO         1346    .ARM.Collect$$rtentry$$00000002  c_wu.l(__rtentry2.o)
    0x08000274   0x08000274   0x00000006   Code   RO         1358    .ARM.Collect$$rtentry$$00000004  c_wu.l(__rtentry4.o)
    0x0800027a   0x0800027a   0x00000008   Code   RO         1347    .ARM.Collect$$rtentry$$00000008  c_wu.l(__rtentry2.o)
    0x08000282   0x08000282   0x00000004   Code   RO         1349    .ARM.Collect$$rtentry$$0000000A  c_wu.l(__rtentry2.o)
    0x08000286   0x08000286   0x00000000   Code   RO         1351    .ARM.Collect$$rtentry$$0000000C  c_wu.l(__rtentry2.o)
    0x08000286   0x08000286   0x00000008   Code   RO         1352    .ARM.Collect$$rtentry$$0000000D  c_wu.l(__rtentry2.o)
    0x0800028e   0x0800028e   0x00000002   Code   RO         1377    .ARM.Collect$$rtexit$$00000000  c_wu.l(rtexit.o)
    0x08000290   0x08000290   0x00000000   Code   RO         1437    .ARM.Collect$$rtexit$$00000002  c_wu.l(rtexit2.o)
    0x08000290   0x08000290   0x00000004   Code   RO         1438    .ARM.Collect$$rtexit$$00000003  c_wu.l(rtexit2.o)
    0x08000294   0x08000294   0x00000006   Code   RO         1439    .ARM.Collect$$rtexit$$00000004  c_wu.l(rtexit2.o)
    0x0800029a   0x0800029a   0x00000002   PAD
    0x0800029c   0x0800029c   0x00000040   Code   RO          420    .text               startup_stm32f746xx.o
    0x080002dc   0x080002dc   0x000000c4   Code   RO          811    .text               RTX_V7MF.lib(irq_armv7m.o)
    0x080003a0   0x080003a0   0x000000f0   Code   RO         1324    .text               c_wu.l(lludivv7m.o)
    0x08000490   0x08000490   0x0000008a   Code   RO         1326    .text               c_wu.l(rt_memcpy_v6.o)
    0x0800051a   0x0800051a   0x00000044   Code   RO         1328    .text               c_wu.l(rt_memclr.o)
    0x0800055e   0x0800055e   0x0000004e   Code   RO         1330    .text               c_wu.l(rt_memclr_w.o)
    0x080005ac   0x080005ac   0x00000006   Code   RO         1332    .text               c_wu.l(heapauxi.o)
    0x080005b2   0x080005b2   0x00000064   Code   RO         1343    .text               c_wu.l(rt_memcpy_w.o)
    0x08000616   0x08000616   0x0000004a   Code   RO         1362    .text               c_wu.l(sys_stackheap_outer.o)
    0x08000660   0x08000660   0x00000012   Code   RO         1364    .text               c_wu.l(exit.o)
    0x08000672   0x08000672   0x00000002   PAD
    0x08000674   0x08000674   0x00000008   Code   RO         1374    .text               c_wu.l(libspace.o)
    0x0800067c   0x0800067c   0x0000000c   Code   RO         1432    .text               c_wu.l(sys_exit.o)
    0x08000688   0x08000688   0x00000002   Code   RO         1453    .text               c_wu.l(use_no_semi.o)
    0x0800068a   0x0800068a   0x00000000   Code   RO         1455    .text               c_wu.l(indicate_semi.o)
    0x0800068a   0x0800068a   0x00000006   PAD
    0x08000690   0x08000690   0x00000016   Code   RO           71    .text.$Sub$$_fp_init  rtx_lib.o
    0x080006a6   0x080006a6   0x00000002   PAD
    0x080006a8   0x080006a8   0x0000001c   Code   RO           37    .text.Buttons_GetState  buttons_746g_discovery.o
    0x080006c4   0x080006c4   0x00000004   PAD
    0x080006c8   0x080006c8   0x0000003e   Code   RO           33    .text.Buttons_Initialize  buttons_746g_discovery.o
    0x08000706   0x08000706   0x00000002   PAD
    0x08000708   0x08000708   0x000001aa   Code   RO          260    .text.HAL_GPIO_Init  stm32f7xx_hal_gpio.o
    0x080008b2   0x080008b2   0x00000006   PAD
    0x080008b8   0x080008b8   0x0000000a   Code   RO          264    .text.HAL_GPIO_ReadPin  stm32f7xx_hal_gpio.o
    0x080008c2   0x080008c2   0x00000006   PAD
    0x080008c8   0x080008c8   0x0000000a   Code   RO          266    .text.HAL_GPIO_WritePin  stm32f7xx_hal_gpio.o
    0x080008d2   0x080008d2   0x00000006   PAD
    0x080008d8   0x080008d8   0x0000010c   Code   RO            2    .text.HAL_GetTick   main.o
    0x080009e4   0x080009e4   0x00000004   PAD
    0x080009e8   0x080009e8   0x0000002e   Code   RO          146    .text.HAL_Init      stm32f7xx_hal.o
    0x08000a16   0x08000a16   0x00000002   PAD
    0x08000a18   0x08000a18   0x00000004   Code   RO            4    .text.HAL_InitTick  main.o
    0x08000a1c   0x08000a1c   0x00000004   PAD
    0x08000a20   0x08000a20   0x00000060   Code   RO          232    .text.HAL_MPU_ConfigRegion  stm32f7xx_hal_cortex.o
    0x08000a80   0x08000a80   0x0000001a   Code   RO          228    .text.HAL_MPU_Disable  stm32f7xx_hal_cortex.o
    0x08000a9a   0x08000a9a   0x00000006   PAD
    0x08000aa0   0x08000aa0   0x00000020   Code   RO          230    .text.HAL_MPU_Enable  stm32f7xx_hal_cortex.o
    0x08000ac0   0x08000ac0   0x00000002   Code   RO          150    .text.HAL_MspInit   stm32f7xx_hal.o
    0x08000ac2   0x08000ac2   0x00000006   PAD
    0x08000ac8   0x08000ac8   0x00000020   Code   RO          214    .text.HAL_NVIC_SetPriorityGrouping  stm32f7xx_hal_cortex.o
    0x08000ae8   0x08000ae8   0x00000076   Code   RO          342    .text.HAL_PWREx_EnableOverDrive  stm32f7xx_hal_pwr_ex.o
    0x08000b5e   0x08000b5e   0x00000002   PAD
    0x08000b60   0x08000b60   0x000001ee   Code   RO          364    .text.HAL_RCC_ClockConfig  stm32f7xx_hal_rcc.o
    0x08000d4e   0x08000d4e   0x00000002   PAD
    0x08000d50   0x08000d50   0x000003cc   Code   RO          362    .text.HAL_RCC_OscConfig  stm32f7xx_hal_rcc.o
    0x0800111c   0x0800111c   0x00000016   Code   RO          993    .text.IsIrqMasked   RTX_V7MF.lib(rtx_thread.o)
    0x08001132   0x08001132   0x00000006   PAD
    0x08001138   0x08001138   0x00000040   Code   RO           49    .text.LED_Initialize  led_746g_discovery.o
    0x08001178   0x08001178   0x00000022   Code   RO           55    .text.LED_Off       led_746g_discovery.o
    0x0800119a   0x0800119a   0x00000006   PAD
    0x080011a0   0x080011a0   0x00000020   Code   RO           53    .text.LED_On        led_746g_discovery.o
    0x080011c0   0x080011c0   0x00000040   Code   RO         1289    .text.MessageQueueGet  RTX_V7MF.lib(rtx_msgqueue.o)
    0x08001200   0x08001200   0x00000058   Code   RO         1285    .text.MessageQueuePut  RTX_V7MF.lib(rtx_msgqueue.o)
    0x08001258   0x08001258   0x0000001c   Code   RO         1283    .text.MessageQueueRemove  RTX_V7MF.lib(rtx_msgqueue.o)
    0x08001274   0x08001274   0x00000004   PAD
    0x08001278   0x08001278   0x0000000c   Code   RO          114    .text.OS_Tick_AcknowledgeIRQ  os_systick.o
    0x08001284   0x08001284   0x00000004   PAD
    0x08001288   0x08001288   0x00000032   Code   RO          110    .text.OS_Tick_Enable  os_systick.o
    0x080012ba   0x080012ba   0x00000006   PAD
    0x080012c0   0x080012c0   0x00000006   Code   RO          116    .text.OS_Tick_GetIRQn  os_systick.o
    0x080012c6   0x080012c6   0x00000002   PAD
    0x080012c8   0x080012c8   0x00000048   Code   RO          108    .text.OS_Tick_Setup  os_systick.o
    0x08001310   0x08001310   0x0000000c   Code   RO          901    .text.OUTLINED_FUNCTION_0  RTX_V7MF.lib(rtx_kernel.o)
    0x0800131c   0x0800131c   0x00000010   Code   RO         1117    .text.OUTLINED_FUNCTION_0  RTX_V7MF.lib(rtx_thread.o)
    0x0800132c   0x0800132c   0x0000000c   Code   RO         1297    .text.OUTLINED_FUNCTION_0  RTX_V7MF.lib(rtx_msgqueue.o)
    0x08001338   0x08001338   0x00000006   Code   RO          903    .text.OUTLINED_FUNCTION_1  RTX_V7MF.lib(rtx_kernel.o)
    0x0800133e   0x0800133e   0x00000006   Code   RO         1299    .text.OUTLINED_FUNCTION_1  RTX_V7MF.lib(rtx_msgqueue.o)
    0x08001344   0x08001344   0x00000004   PAD
    0x08001348   0x08001348   0x00000082   Code   RO          429    .text.SystemCoreClockUpdate  system_stm32f7xx.o
    0x080013ca   0x080013ca   0x00000006   PAD
    0x080013d0   0x080013d0   0x00000012   Code   RO          427    .text.SystemInit    system_stm32f7xx.o
    0x080013e2   0x080013e2   0x00000064   Code   RO         1069    .text.ThreadFlagsCheck  RTX_V7MF.lib(rtx_thread.o)
    0x08001446   0x08001446   0x00000002   PAD
    0x08001448   0x08001448   0x00000044   Code   RO         1159    .text.TimerInsert   RTX_V7MF.lib(rtx_timer.o)
    0x0800148c   0x0800148c   0x00000004   PAD
    0x08001490   0x08001490   0x00000042   Code   RO           79    .text._mutex_acquire  rtx_lib.o
    0x080014d2   0x080014d2   0x00000006   PAD
    0x080014d8   0x080014d8   0x00000006   Code   RO           83    .text._mutex_free   rtx_lib.o
    0x080014de   0x080014de   0x00000002   PAD
    0x080014e0   0x080014e0   0x00000020   Code   RO           77    .text._mutex_initialize  rtx_lib.o
    0x08001500   0x08001500   0x0000003a   Code   RO           81    .text._mutex_release  rtx_lib.o
    0x0800153a   0x0800153a   0x00000006   PAD
    0x08001540   0x08001540   0x00000004   Code   RO           69    .text._platform_post_stackheap_init  rtx_lib.o
    0x08001544   0x08001544   0x00000004   PAD
    0x08001548   0x08001548   0x00000038   Code   RO           20    .text.app_main      blinky.o
    0x08001580   0x08001580   0x000001ca   Code   RO            6    .text.main          main.o
    0x0800174a   0x0800174a   0x00000002   PAD
    0x0800174c   0x0800174c   0x00000024   Code   RO          819    .text.osDelay       RTX_V7MF.lib(rtx_delay.o)
    0x08001770   0x08001770   0x0000002c   Code   RO          845    .text.osKernelGetState  RTX_V7MF.lib(rtx_kernel.o)
    0x0800179c   0x0800179c   0x00000028   Code   RO          869    .text.osKernelGetTickCount  RTX_V7MF.lib(rtx_kernel.o)
    0x080017c4   0x080017c4   0x0000002c   Code   RO          839    .text.osKernelInitialize  RTX_V7MF.lib(rtx_kernel.o)
    0x080017f0   0x080017f0   0x00000024   Code   RO          849    .text.osKernelStart  RTX_V7MF.lib(rtx_kernel.o)
    0x08001814   0x08001814   0x00000070   Code   RO         1259    .text.osMessageQueueGet  RTX_V7MF.lib(rtx_msgqueue.o)
    0x08001884   0x08001884   0x00000080   Code   RO         1257    .text.osMessageQueuePut  RTX_V7MF.lib(rtx_msgqueue.o)
    0x08001904   0x08001904   0x00000024   Code   RO          925    .text.osMutexAcquire  RTX_V7MF.lib(rtx_mutex.o)
    0x08001928   0x08001928   0x00000024   Code   RO          931    .text.osMutexDelete  RTX_V7MF.lib(rtx_mutex.o)
    0x0800194c   0x0800194c   0x00000024   Code   RO          919    .text.osMutexNew    RTX_V7MF.lib(rtx_mutex.o)
    0x08001970   0x08001970   0x00000024   Code   RO          927    .text.osMutexRelease  RTX_V7MF.lib(rtx_mutex.o)
    0x08001994   0x08001994   0x00000004   PAD
    0x08001998   0x08001998   0x00000002   Code   RO          137    .text.osRtxErrorNotify  rtx_config.o
    0x0800199a   0x0800199a   0x00000006   PAD
    0x080019a0   0x080019a0   0x00000002   Code   RO          135    .text.osRtxIdleThread  rtx_config.o
    0x080019a2   0x080019a2   0x00000002   Code   RO          835    .text.osRtxKernelBeforeInit  RTX_V7MF.lib(rtx_kernel.o)
    0x080019a4   0x080019a4   0x00000004   Code   RO          837    .text.osRtxKernelErrorNotify  RTX_V7MF.lib(rtx_kernel.o)
    0x080019a8   0x080019a8   0x0000006e   Code   RO         1183    .text.osRtxMemoryAlloc  RTX_V7MF.lib(rtx_memory.o)
    0x08001a16   0x08001a16   0x00000042   Code   RO         1185    .text.osRtxMemoryFree  RTX_V7MF.lib(rtx_memory.o)
    0x08001a58   0x08001a58   0x00000036   Code   RO         1181    .text.osRtxMemoryInit  RTX_V7MF.lib(rtx_memory.o)
    0x08001a8e   0x08001a8e   0x0000003a   Code   RO         1197    .text.osRtxMemoryPoolAlloc  RTX_V7MF.lib(rtx_mempool.o)
    0x08001ac8   0x08001ac8   0x0000004a   Code   RO         1199    .text.osRtxMemoryPoolFree  RTX_V7MF.lib(rtx_mempool.o)
    0x08001b12   0x08001b12   0x00000038   Code   RO         1195    .text.osRtxMemoryPoolInit  RTX_V7MF.lib(rtx_mempool.o)
    0x08001b4a   0x08001b4a   0x000000aa   Code   RO         1281    .text.osRtxMessageQueuePostProcess  RTX_V7MF.lib(rtx_msgqueue.o)
    0x08001bf4   0x08001bf4   0x00000024   Code   RO         1247    .text.osRtxMessageQueueTimerSetup  RTX_V7MF.lib(rtx_msgqueue.o)
    0x08001c18   0x08001c18   0x00000048   Code   RO          915    .text.osRtxMutexOwnerRelease  RTX_V7MF.lib(rtx_mutex.o)
    0x08001c60   0x08001c60   0x0000004a   Code   RO          917    .text.osRtxMutexOwnerRestore  RTX_V7MF.lib(rtx_mutex.o)
    0x08001caa   0x08001caa   0x00000002   PAD
    0x08001cac   0x08001cac   0x000000a4   Code   RO         1311    .text.osRtxPendSV_Handler  RTX_V7MF.lib(rtx_system.o)
    0x08001d50   0x08001d50   0x00000070   Code   RO         1313    .text.osRtxPostProcess  RTX_V7MF.lib(rtx_system.o)
    0x08001dc0   0x08001dc0   0x00000038   Code   RO           75    .text.osRtxThreadBeforeFree  rtx_lib.o
    0x08001df8   0x08001df8   0x00000034   Code   RO          971    .text.osRtxThreadBlock  RTX_V7MF.lib(rtx_thread.o)
    0x08001e2c   0x08001e2c   0x0000007c   Code   RO          977    .text.osRtxThreadDelayInsert  RTX_V7MF.lib(rtx_thread.o)
    0x08001ea8   0x08001ea8   0x0000003c   Code   RO          961    .text.osRtxThreadDelayRemove  RTX_V7MF.lib(rtx_thread.o)
    0x08001ee4   0x08001ee4   0x0000004c   Code   RO          963    .text.osRtxThreadDelayTick  RTX_V7MF.lib(rtx_thread.o)
    0x08001f30   0x08001f30   0x00000020   Code   RO          981    .text.osRtxThreadDestroy  RTX_V7MF.lib(rtx_thread.o)
    0x08001f50   0x08001f50   0x00000058   Code   RO          969    .text.osRtxThreadDispatch  RTX_V7MF.lib(rtx_thread.o)
    0x08001fa8   0x08001fa8   0x00000054   Code   RO          983    .text.osRtxThreadFree  RTX_V7MF.lib(rtx_thread.o)
    0x08001ffc   0x08001ffc   0x0000001e   Code   RO          979    .text.osRtxThreadJoinWakeup  RTX_V7MF.lib(rtx_thread.o)
    0x0800201a   0x0800201a   0x00000012   Code   RO          953    .text.osRtxThreadListGet  RTX_V7MF.lib(rtx_thread.o)
    0x0800202c   0x0800202c   0x0000002c   Code   RO          951    .text.osRtxThreadListPut  RTX_V7MF.lib(rtx_thread.o)
    0x08002058   0x08002058   0x00000014   Code   RO          957    .text.osRtxThreadListRemove  RTX_V7MF.lib(rtx_thread.o)
    0x0800206c   0x0800206c   0x00000026   Code   RO          955    .text.osRtxThreadListSort  RTX_V7MF.lib(rtx_thread.o)
    0x08002092   0x08002092   0x00000028   Code   RO         1067    .text.osRtxThreadPostProcess  RTX_V7MF.lib(rtx_thread.o)
    0x080020ba   0x080020ba   0x00000002   PAD
    0x080020bc   0x080020bc   0x00000010   Code   RO          959    .text.osRtxThreadReadyPut  RTX_V7MF.lib(rtx_thread.o)
    0x080020cc   0x080020cc   0x00000014   Code   RO          965    .text.osRtxThreadRegPtr  RTX_V7MF.lib(rtx_thread.o)
    0x080020e0   0x080020e0   0x00000038   Code   RO          987    .text.osRtxThreadStartup  RTX_V7MF.lib(rtx_thread.o)
    0x08002118   0x08002118   0x0000001c   Code   RO          967    .text.osRtxThreadSwitch  RTX_V7MF.lib(rtx_thread.o)
    0x08002134   0x08002134   0x0000003c   Code   RO          975    .text.osRtxThreadWaitEnter  RTX_V7MF.lib(rtx_thread.o)
    0x08002170   0x08002170   0x00000032   Code   RO          973    .text.osRtxThreadWaitExit  RTX_V7MF.lib(rtx_thread.o)
    0x080021a2   0x080021a2   0x00000002   PAD
    0x080021a4   0x080021a4   0x00000074   Code   RO         1309    .text.osRtxTick_Handler  RTX_V7MF.lib(rtx_system.o)
    0x08002218   0x08002218   0x00000020   Code   RO         1139    .text.osRtxTimerSetup  RTX_V7MF.lib(rtx_timer.o)
    0x08002238   0x08002238   0x00000020   Code   RO         1143    .text.osRtxTimerThread  RTX_V7MF.lib(rtx_timer.o)
    0x08002258   0x08002258   0x00000070   Code   RO         1141    .text.osRtxTimerTick  RTX_V7MF.lib(rtx_timer.o)
    0x080022c8   0x080022c8   0x00000006   Code   RO         1065    .text.osThreadEntry  RTX_V7MF.lib(rtx_thread.o)
    0x080022ce   0x080022ce   0x00000002   PAD
    0x080022d0   0x080022d0   0x0000000c   Code   RO         1031    .text.osThreadExit  RTX_V7MF.lib(rtx_thread.o)
    0x080022dc   0x080022dc   0x0000005c   Code   RO         1057    .text.osThreadFlagsSet  RTX_V7MF.lib(rtx_thread.o)
    0x08002338   0x08002338   0x0000002c   Code   RO         1063    .text.osThreadFlagsWait  RTX_V7MF.lib(rtx_thread.o)
    0x08002364   0x08002364   0x0000002c   Code   RO          991    .text.osThreadNew   RTX_V7MF.lib(rtx_thread.o)
    0x08002390   0x08002390   0x00000016   Code   RO          823    .text.svcRtxDelay   RTX_V7MF.lib(rtx_delay.o)
    0x080023a6   0x080023a6   0x00000002   PAD
    0x080023a8   0x080023a8   0x0000000c   Code   RO          847    .text.svcRtxKernelGetState  RTX_V7MF.lib(rtx_kernel.o)
    0x080023b4   0x080023b4   0x0000000c   Code   RO          871    .text.svcRtxKernelGetTickCount  RTX_V7MF.lib(rtx_kernel.o)
    0x080023c0   0x080023c0   0x0000010c   Code   RO          885    .text.svcRtxKernelInitialize  RTX_V7MF.lib(rtx_kernel.o)
    0x080024cc   0x080024cc   0x00000078   Code   RO          887    .text.svcRtxKernelStart  RTX_V7MF.lib(rtx_kernel.o)
    0x08002544   0x08002544   0x000000cc   Code   RO         1291    .text.svcRtxMessageQueueGet  RTX_V7MF.lib(rtx_msgqueue.o)
    0x08002610   0x08002610   0x00000120   Code   RO         1249    .text.svcRtxMessageQueueNew  RTX_V7MF.lib(rtx_msgqueue.o)
    0x08002730   0x08002730   0x000000a8   Code   RO         1287    .text.svcRtxMessageQueuePut  RTX_V7MF.lib(rtx_msgqueue.o)
    0x080027d8   0x080027d8   0x00000090   Code   RO          935    .text.svcRtxMutexAcquire  RTX_V7MF.lib(rtx_mutex.o)
    0x08002868   0x08002868   0x000000b0   Code   RO          941    .text.svcRtxMutexDelete  RTX_V7MF.lib(rtx_mutex.o)
    0x08002918   0x08002918   0x00000068   Code   RO          933    .text.svcRtxMutexNew  RTX_V7MF.lib(rtx_mutex.o)
    0x08002980   0x08002980   0x000000b4   Code   RO          937    .text.svcRtxMutexRelease  RTX_V7MF.lib(rtx_mutex.o)
    0x08002a34   0x08002a34   0x0000004c   Code   RO         1093    .text.svcRtxThreadExit  RTX_V7MF.lib(rtx_thread.o)
    0x08002a80   0x08002a80   0x00000066   Code   RO         1109    .text.svcRtxThreadFlagsSet  RTX_V7MF.lib(rtx_thread.o)
    0x08002ae6   0x08002ae6   0x00000002   PAD
    0x08002ae8   0x08002ae8   0x0000004c   Code   RO         1115    .text.svcRtxThreadFlagsWait  RTX_V7MF.lib(rtx_thread.o)
    0x08002b34   0x08002b34   0x000001fc   Code   RO          989    .text.svcRtxThreadNew  RTX_V7MF.lib(rtx_thread.o)
    0x08002d30   0x08002d30   0x0000002e   Code   RO           22    .text.thrBUT        blinky.o
    0x08002d5e   0x08002d5e   0x00000002   PAD
    0x08002d60   0x08002d60   0x00000038   Code   RO           18    .text.thrLED        blinky.o
    0x08002d98   0x08002d98   0x0000001a   Code   RO         1336    x$fpl$fpinit        fz_wm.l(fpinit.o)
    0x08002db2   0x08002db2   0x00000002   PAD
    0x08002db4   0x08002db4   0x00000070   Data   RO           89    .rodata             rtx_lib.o
    0x08002e24   0x08002e24   0x00000038   Data   RO           92    .rodata             rtx_lib.o
    0x08002e5c   0x08002e5c   0x00000010   Data   RO          432    .rodata.AHBPrescTable  system_stm32f7xx.o
    0x08002e6c   0x08002e6c   0x00000004   Data   RO           91    .rodata.osRtxUserSVC  rtx_lib.o
    0x08002e70   0x08002e70   0x00000024   Data   RO           86    .rodata.os_idle_thread_attr  rtx_lib.o
    0x08002e94   0x08002e94   0x00000018   Data   RO           88    .rodata.os_timer_mq_attr  rtx_lib.o
    0x08002eac   0x08002eac   0x00000024   Data   RO           87    .rodata.os_timer_thread_attr  rtx_lib.o
    0x08002ed0   0x08002ed0   0x0000000b   Data   RO          905    .rodata.str1.4      RTX_V7MF.lib(rtx_kernel.o)
    0x08002edb   0x08002edb   0x00000001   PAD
    0x08002edc   0x08002edc   0x00000020   Data   RO         1508    Region$$Table       anon$$obj.o


    Execution Region RW_DTCM (Exec base: 0x20000000, Load base: 0x08002f00, Size: 0x00008e80, Max: 0x0000f800, ABSOLUTE)

    Exec Addr    Load Addr    Size         Type   Attr      Idx    E Section Name        Object

    0x20000000   0x08002f00   0x00000008   Data   RW          205    .data..L_MergedGlobals  stm32f7xx_hal.o
    0x20000008   0x08002f08   0x00000004   Data   RW          431    .data.SystemCoreClock  system_stm32f7xx.o
    0x2000000c   0x08002f0c   0x000000a4   Data   RW          906    .data.os            RTX_V7MF.lib(rtx_kernel.o)
    0x200000b0        -       0x00000060   Zero   RW         1375    .bss                c_wu.l(libspace.o)
    0x20000110        -       0x00000008   Zero   RW           24    .bss..L_MergedGlobals  blinky.o
    0x20000118        -       0x00000004   Zero   RW            8    .bss.HAL_GetTick.ticks  main.o
    0x2000011c   0x08002fb0   0x00000004   PAD
    0x20000120        -       0x00008040   Zero   RW           85    .bss.os             rtx_lib.o
    0x20008160        -       0x00000001   Zero   RW          126    .bss.os             os_systick.o
    0x20008161   0x08002fb0   0x00000003   PAD
    0x20008164        -       0x000001f0   Zero   RW           93    .bss.os.libspace    rtx_lib.o
    0x20008354        -       0x00000034   Zero   RW           97    .bss.os.msgqueue.cb  rtx_lib.o
    0x20008388        -       0x00000050   Zero   RW           98    .bss.os.msgqueue.mem  rtx_lib.o
    0x200083d8        -       0x000000a0   Zero   RW           94    .bss.os.thread.cb   rtx_lib.o
    0x20008478        -       0x00000200   Zero   RW           95    .bss.os.thread.idle.stack  rtx_lib.o
    0x20008678        -       0x00000200   Zero   RW           96    .bss.os.thread.timer.stack  rtx_lib.o
    0x20008878        -       0x00000001   Zero   RW           99    .bss.os_kernel_is_active.os_kernel_active  rtx_lib.o
    0x20008879   0x08002fb0   0x00000007   PAD
    0x20008880        -       0x00000200   Zero   RW          418    HEAP                startup_stm32f746xx.o
    0x20008a80        -       0x00000400   Zero   RW          417    STACK               startup_stm32f746xx.o


    Execution Region RW_DTCM_NOINIT (Exec base: 0x2000f800, Load base: 0x08002fb0, Size: 0x00000000, Max: 0x00000800, ABSOLUTE, UNINIT)

    **** No section assigned to this execution region ****


    Execution Region RW_SRAM1 (Exec base: 0x20010000, Load base: 0x08002fb0, Size: 0x00000000, Max: 0x0003c000, ABSOLUTE)

    **** No section assigned to this execution region ****


==============================================================================

Image component sizes


      Code (inc. data)   RO Data    RW Data    ZI Data      Debug   Object Name

       158          0          0          0          8       2813   blinky.o
        90          0          0          0          0       2800   buttons_746g_discovery.o
       130          0          0          0          0       3430   led_746g_discovery.o
       730          0          0          0          4       7212   main.o
       140          0          0          0          1       5827   os_systick.o
         4          0          0          0          0        705   rtx_config.o
       244          0        268          0      34645       9204   rtx_lib.o
        64         26        456          0       1536        904   startup_stm32f746xx.o
        48          0          0          8          0       8162   stm32f7xx_hal.o
       186          0          0          0          0      11504   stm32f7xx_hal_cortex.o
       446          0          0          0          0       5450   stm32f7xx_hal_gpio.o
       118          0          0          0          0       5975   stm32f7xx_hal_pwr_ex.o
      1466          0          0          0          0       8627   stm32f7xx_hal_rcc.o
       148          0         16          4          0       3530   system_stm32f7xx.o

    ----------------------------------------------------------------------
      4076         26        772         12      36208      76143   Object Totals
         0          0         32          0          0          0   (incl. Generated)
       104          0          0          0         14          0   (incl. Padding)

    ----------------------------------------------------------------------

      Code (inc. data)   RO Data    RW Data    ZI Data      Debug   Library Member Name

       196         12          0          0          0        712   irq_armv7m.o
        58          4          0          0          0       3032   rtx_delay.o
       600         56         11        164          0      19332   rtx_kernel.o
       230          0          0          0          0       2808   rtx_memory.o
       188          0          0          0          0      16536   rtx_mempool.o
      1304         24          0          0          0      19223   rtx_msgqueue.o
       894         28          0          0          0      10977   rtx_mutex.o
       392         48          0          0          0       5563   rtx_system.o
      2034         64          0          0          0      38973   rtx_thread.o
       244         12          0          0          0      11024   rtx_timer.o
         8          0          0          0          0         68   __main.o
         0          0          0          0          0          0   __rtentry.o
        20          0          0          0          0          0   __rtentry2.o
         6          0          0          0          0          0   __rtentry4.o
        94          8          0          0          0          0   __scatter.o
        26          0          0          0          0          0   __scatter_copy.o
        28          0          0          0          0          0   __scatter_zi.o
        18          0          0          0          0         80   exit.o
         6          0          0          0          0        152   heapauxi.o
         0          0          0          0          0          0   indicate_semi.o
         2          0          0          0          0          0   libinit.o
         6          0          0          0          0          0   libinit2.o
         2          0          0          0          0          0   libshutdown.o
         2          0          0          0          0          0   libshutdown2.o
         8          4          0          0         96         68   libspace.o
       240          0          0          0          0        100   lludivv7m.o
        68          0          0          0          0         68   rt_memclr.o
        78          0          0          0          0         80   rt_memclr_w.o
       138          0          0          0          0         68   rt_memcpy_v6.o
       100          0          0          0          0         80   rt_memcpy_w.o
         2          0          0          0          0          0   rtexit.o
        10          0          0          0          0          0   rtexit2.o
        12          4          0          0          0         68   sys_exit.o
        74          0          0          0          0         80   sys_stackheap_outer.o
         2          0          0          0          0         68   use_no_semi.o
        26          0          0          0          0        116   fpinit.o

    ----------------------------------------------------------------------
      7168        268         12        164         96     129276   Library Totals
        52          4          1          0          0          0   (incl. Padding)

    ----------------------------------------------------------------------

      Code (inc. data)   RO Data    RW Data    ZI Data      Debug   Library Name

      6140        248         11        164          0     128180   RTX_V7MF.lib
       950         16          0          0         96        980   c_wu.l
        26          0          0          0          0        116   fz_wm.l

    ----------------------------------------------------------------------
      7168        268         12        164         96     129276   Library Totals

    ----------------------------------------------------------------------

==============================================================================


      Code (inc. data)   RO Data    RW Data    ZI Data      Debug   

     11244        294        784        176      36304     204651   Grand Totals
     11244        294        784        176      36304     204651   ELF Image Totals
     11244        294        784        176          0          0   ROM Totals

==============================================================================

    Total RO  Size (Code + RO Data)                12028 (  11.75kB)
    Total RW  Size (RW Data + ZI Data)             36480 (  35.62kB)
    Total ROM Size (Code + RO Data + RW Data)      12204 (  11.92kB)

==============================================================================

